<?xml version="1.0" encoding="ISO-8859-1" ?>
<link_info>
   <banner>TI ARM Linker Unix v20.2.0.LTS</banner>
   <copyright>Copyright (c) 1996-2018 Texas Instruments Incorporated</copyright>
   <link_time>0x5ea0610e</link_time>
   <link_errors>0x0</link_errors>
   <output_file>FreeRTOS_test.out</output_file>
   <entry_point>
      <name>_c_int00_noargs</name>
      <address>0x2b79</address>
   </entry_point>
   <input_file_list>
      <input_file id="fl-2">
         <path>./</path>
         <kind>object</kind>
         <file>free_test.obj</file>
         <name>free_test.obj</name>
      </input_file>
      <input_file id="fl-3">
         <path>./</path>
         <kind>object</kind>
         <file>startup_ccs.obj</file>
         <name>startup_ccs.obj</name>
      </input_file>
      <input_file id="fl-4">
         <path>./rtos/FreeRTOS/source/</path>
         <kind>object</kind>
         <file>croutine.obj</file>
         <name>croutine.obj</name>
      </input_file>
      <input_file id="fl-5">
         <path>./rtos/FreeRTOS/source/</path>
         <kind>object</kind>
         <file>event_groups.obj</file>
         <name>event_groups.obj</name>
      </input_file>
      <input_file id="fl-6">
         <path>./rtos/FreeRTOS/source/</path>
         <kind>object</kind>
         <file>list.obj</file>
         <name>list.obj</name>
      </input_file>
      <input_file id="fl-7">
         <path>./rtos/FreeRTOS/source/</path>
         <kind>object</kind>
         <file>queue.obj</file>
         <name>queue.obj</name>
      </input_file>
      <input_file id="fl-8">
         <path>./rtos/FreeRTOS/source/</path>
         <kind>object</kind>
         <file>stream_buffer.obj</file>
         <name>stream_buffer.obj</name>
      </input_file>
      <input_file id="fl-9">
         <path>./rtos/FreeRTOS/source/</path>
         <kind>object</kind>
         <file>tasks.obj</file>
         <name>tasks.obj</name>
      </input_file>
      <input_file id="fl-a">
         <path>./rtos/FreeRTOS/source/</path>
         <kind>object</kind>
         <file>timers.obj</file>
         <name>timers.obj</name>
      </input_file>
      <input_file id="fl-b">
         <path>./rtos/FreeRTOS/source/portable/CCS/ARM_CM4F/</path>
         <kind>object</kind>
         <file>port.obj</file>
         <name>port.obj</name>
      </input_file>
      <input_file id="fl-c">
         <path>./rtos/FreeRTOS/source/portable/CCS/ARM_CM4F/</path>
         <kind>object</kind>
         <file>portasm.obj</file>
         <name>portasm.obj</name>
      </input_file>
      <input_file id="fl-d">
         <path>./rtos/FreeRTOS/source/portable/MemMang/</path>
         <kind>object</kind>
         <file>heap_1.obj</file>
         <name>heap_1.obj</name>
      </input_file>
      <input_file id="fl-12">
         <kind>object</kind>
         <file>&lt;internal&gt;</file>
         <name>&lt;internal&gt;</name>
      </input_file>
      <input_file id="fl-c8">
         <path>/home/ole/CodeComposerStudio10/ccs/tools/compiler/ti-cgt-arm_20.2.0.LTS/lib/</path>
         <kind>archive</kind>
         <file>rtsv7M4_T_le_v4SPD16_eabi.lib</file>
         <name>memcpy_t2.asm.obj</name>
      </input_file>
      <input_file id="fl-c9">
         <path>/home/ole/CodeComposerStudio10/ccs/tools/compiler/ti-cgt-arm_20.2.0.LTS/lib/</path>
         <kind>archive</kind>
         <file>rtsv7M4_T_le_v4SPD16_eabi.lib</file>
         <name>memset_t2.asm.obj</name>
      </input_file>
      <input_file id="fl-ca">
         <path>/home/ole/CodeComposerStudio10/ccs/tools/compiler/ti-cgt-arm_20.2.0.LTS/lib/</path>
         <kind>archive</kind>
         <file>rtsv7M4_T_le_v4SPD16_eabi.lib</file>
         <name>copy_zero_init.c.obj</name>
      </input_file>
      <input_file id="fl-cb">
         <path>/home/ole/CodeComposerStudio10/ccs/tools/compiler/ti-cgt-arm_20.2.0.LTS/lib/</path>
         <kind>archive</kind>
         <file>rtsv7M4_T_le_v4SPD16_eabi.lib</file>
         <name>copy_decompress_none.c.obj</name>
      </input_file>
      <input_file id="fl-cc">
         <path>/home/ole/CodeComposerStudio10/ccs/tools/compiler/ti-cgt-arm_20.2.0.LTS/lib/</path>
         <kind>archive</kind>
         <file>rtsv7M4_T_le_v4SPD16_eabi.lib</file>
         <name>copy_decompress_lzss.c.obj</name>
      </input_file>
      <input_file id="fl-cd">
         <path>/home/ole/CodeComposerStudio10/ccs/tools/compiler/ti-cgt-arm_20.2.0.LTS/lib/</path>
         <kind>archive</kind>
         <file>rtsv7M4_T_le_v4SPD16_eabi.lib</file>
         <name>boot_cortex_m.c.obj</name>
      </input_file>
      <input_file id="fl-ce">
         <path>/home/ole/CodeComposerStudio10/ccs/tools/compiler/ti-cgt-arm_20.2.0.LTS/lib/</path>
         <kind>archive</kind>
         <file>rtsv7M4_T_le_v4SPD16_eabi.lib</file>
         <name>autoinit.c.obj</name>
      </input_file>
      <input_file id="fl-cf">
         <path>/home/ole/CodeComposerStudio10/ccs/tools/compiler/ti-cgt-arm_20.2.0.LTS/lib/</path>
         <kind>archive</kind>
         <file>rtsv7M4_T_le_v4SPD16_eabi.lib</file>
         <name>pre_init.c.obj</name>
      </input_file>
      <input_file id="fl-d0">
         <path>/home/ole/CodeComposerStudio10/ccs/tools/compiler/ti-cgt-arm_20.2.0.LTS/lib/</path>
         <kind>archive</kind>
         <file>rtsv7M4_T_le_v4SPD16_eabi.lib</file>
         <name>cpy_tbl.c.obj</name>
      </input_file>
      <input_file id="fl-d1">
         <path>/home/ole/CodeComposerStudio10/ccs/tools/compiler/ti-cgt-arm_20.2.0.LTS/lib/</path>
         <kind>archive</kind>
         <file>rtsv7M4_T_le_v4SPD16_eabi.lib</file>
         <name>exit.c.obj</name>
      </input_file>
      <input_file id="fl-d2">
         <path>/home/ole/CodeComposerStudio10/ccs/tools/compiler/ti-cgt-arm_20.2.0.LTS/lib/</path>
         <kind>archive</kind>
         <file>rtsv7M4_T_le_v4SPD16_eabi.lib</file>
         <name>_lock.c.obj</name>
      </input_file>
      <input_file id="fl-d3">
         <path>/home/ole/CodeComposerStudio10/ccs/tools/compiler/ti-cgt-arm_20.2.0.LTS/lib/</path>
         <kind>archive</kind>
         <file>rtsv7M4_T_le_v4SPD16_eabi.lib</file>
         <name>args_main.c.obj</name>
      </input_file>
      <input_file id="fl-d4">
         <path>/home/ole/CodeComposerStudio10/TivaWare_C_Series-2.1.4.178/driverlib/ccs/Debug/</path>
         <kind>archive</kind>
         <file>driverlib.lib</file>
         <name>gpio.obj</name>
      </input_file>
      <input_file id="fl-d5">
         <path>/home/ole/CodeComposerStudio10/TivaWare_C_Series-2.1.4.178/driverlib/ccs/Debug/</path>
         <kind>archive</kind>
         <file>driverlib.lib</file>
         <name>interrupt.obj</name>
      </input_file>
      <input_file id="fl-d6">
         <path>/home/ole/CodeComposerStudio10/TivaWare_C_Series-2.1.4.178/driverlib/ccs/Debug/</path>
         <kind>archive</kind>
         <file>driverlib.lib</file>
         <name>sysctl.obj</name>
      </input_file>
      <input_file id="fl-d7">
         <path>/home/ole/CodeComposerStudio10/TivaWare_C_Series-2.1.4.178/driverlib/ccs/Debug/</path>
         <kind>archive</kind>
         <file>driverlib.lib</file>
         <name>systick.obj</name>
      </input_file>
      <input_file id="fl-d8">
         <path>/home/ole/CodeComposerStudio10/TivaWare_C_Series-2.1.4.178/driverlib/ccs/Debug/</path>
         <kind>archive</kind>
         <file>driverlib.lib</file>
         <name>cpu.obj</name>
      </input_file>
   </input_file_list>
   <object_component_list>
      <object_component id="oc-12">
         <name>.intvecs</name>
         <load_address>0x0</load_address>
         <run_address>0x0</run_address>
         <size>0x200</size>
         <input_file_ref idref="fl-3"/>
      </object_component>
      <object_component id="oc-79">
         <name>.text</name>
         <load_address>0x200</load_address>
         <run_address>0x200</run_address>
         <size>0x1264</size>
         <input_file_ref idref="fl-9"/>
      </object_component>
      <object_component id="oc-121">
         <name>.text</name>
         <load_address>0x1464</load_address>
         <run_address>0x1464</run_address>
         <size>0xb16</size>
         <input_file_ref idref="fl-7"/>
      </object_component>
      <object_component id="oc-12d">
         <name>.text:SysCtlClockFreqSet</name>
         <load_address>0x1f7c</load_address>
         <run_address>0x1f7c</run_address>
         <size>0x200</size>
         <input_file_ref idref="fl-d6"/>
      </object_component>
      <object_component id="oc-ad">
         <name>.text</name>
         <load_address>0x217c</load_address>
         <run_address>0x217c</run_address>
         <size>0x13c</size>
         <input_file_ref idref="fl-2"/>
      </object_component>
      <object_component id="oc-db">
         <name>.text</name>
         <load_address>0x22b8</load_address>
         <run_address>0x22b8</run_address>
         <size>0x13c</size>
         <input_file_ref idref="fl-b"/>
      </object_component>
      <object_component id="oc-14b">
         <name>.text:GPIOPadConfigSet</name>
         <load_address>0x23f4</load_address>
         <run_address>0x23f4</run_address>
         <size>0x132</size>
         <input_file_ref idref="fl-d4"/>
      </object_component>
      <object_component id="oc-d5">
         <name>.text</name>
         <load_address>0x2526</load_address>
         <run_address>0x2526</run_address>
         <size>0x12a</size>
         <input_file_ref idref="fl-6"/>
      </object_component>
      <object_component id="oc-2d">
         <name>.text</name>
         <load_address>0x2650</load_address>
         <run_address>0x2650</run_address>
         <size>0xda</size>
         <input_file_ref idref="fl-c"/>
      </object_component>
      <object_component id="oc-cf">
         <name>.text</name>
         <load_address>0x272c</load_address>
         <run_address>0x272c</run_address>
         <size>0x9c</size>
         <input_file_ref idref="fl-d"/>
      </object_component>
      <object_component id="oc-40">
         <name>.text</name>
         <load_address>0x27c8</load_address>
         <run_address>0x27c8</run_address>
         <size>0x9c</size>
         <input_file_ref idref="fl-c8"/>
      </object_component>
      <object_component id="oc-a1">
         <name>.text</name>
         <load_address>0x2864</load_address>
         <run_address>0x2864</run_address>
         <size>0x7a</size>
         <input_file_ref idref="fl-c9"/>
      </object_component>
      <object_component id="oc-163">
         <name>.text:IntEnable</name>
         <load_address>0x28e0</load_address>
         <run_address>0x28e0</run_address>
         <size>0x68</size>
         <input_file_ref idref="fl-d5"/>
      </object_component>
      <object_component id="oc-15">
         <name>.text:decompress:lzss:__TI_decompress_lzss</name>
         <load_address>0x2948</load_address>
         <run_address>0x2948</run_address>
         <size>0x68</size>
         <input_file_ref idref="fl-cc"/>
      </object_component>
      <object_component id="oc-151">
         <name>.text:GPIOIntTypeSet</name>
         <load_address>0x29b0</load_address>
         <run_address>0x29b0</run_address>
         <size>0x58</size>
         <input_file_ref idref="fl-d4"/>
      </object_component>
      <object_component id="oc-222">
         <name>.text:_SysCtlFrequencyGet</name>
         <load_address>0x2a08</load_address>
         <run_address>0x2a08</run_address>
         <size>0x48</size>
         <input_file_ref idref="fl-d6"/>
      </object_component>
      <object_component id="oc-23f">
         <name>.text:_GPIOIntNumberGet</name>
         <load_address>0x2a50</load_address>
         <run_address>0x2a50</run_address>
         <size>0x44</size>
         <input_file_ref idref="fl-d4"/>
      </object_component>
      <object_component id="oc-183">
         <name>.text:__TI_auto_init_nobinit_nopinit:__TI_auto_init_nobinit_nopinit</name>
         <load_address>0x2a94</load_address>
         <run_address>0x2a94</run_address>
         <size>0x44</size>
         <input_file_ref idref="fl-ce"/>
      </object_component>
      <object_component id="oc-139">
         <name>.text:SysCtlPeripheralReady</name>
         <load_address>0x2ad8</load_address>
         <run_address>0x2ad8</run_address>
         <size>0x38</size>
         <input_file_ref idref="fl-d6"/>
      </object_component>
      <object_component id="oc-245">
         <name>.text:IntRegister</name>
         <load_address>0x2b10</load_address>
         <run_address>0x2b10</run_address>
         <size>0x34</size>
         <input_file_ref idref="fl-d5"/>
      </object_component>
      <object_component id="oc-133">
         <name>.text:SysCtlPeripheralEnable</name>
         <load_address>0x2b44</load_address>
         <run_address>0x2b44</run_address>
         <size>0x34</size>
         <input_file_ref idref="fl-d6"/>
      </object_component>
      <object_component id="oc-5e">
         <name>.text:_c_int00_noargs:_c_int00_noargs</name>
         <load_address>0x2b78</load_address>
         <run_address>0x2b78</run_address>
         <size>0x34</size>
         <input_file_ref idref="fl-cd"/>
      </object_component>
      <object_component id="oc-235">
         <name>.text:GPIODirModeSet</name>
         <load_address>0x2bac</load_address>
         <run_address>0x2bac</run_address>
         <size>0x2c</size>
         <input_file_ref idref="fl-d4"/>
      </object_component>
      <object_component id="oc-21c">
         <name>.text:_SysCtlMemTimingGet</name>
         <load_address>0x2bd8</load_address>
         <run_address>0x2bd8</run_address>
         <size>0x20</size>
         <input_file_ref idref="fl-d6"/>
      </object_component>
      <object_component id="oc-169">
         <name>.text:SysTickIntRegister</name>
         <load_address>0x2bf8</load_address>
         <run_address>0x2bf8</run_address>
         <size>0x1c</size>
         <input_file_ref idref="fl-d7"/>
      </object_component>
      <object_component id="oc-157">
         <name>.text:GPIOIntRegister</name>
         <load_address>0x2c14</load_address>
         <run_address>0x2c14</run_address>
         <size>0x18</size>
         <input_file_ref idref="fl-d4"/>
      </object_component>
      <object_component id="oc-13f">
         <name>.text:GPIOPinTypeGPIOOutput</name>
         <load_address>0x2c2c</load_address>
         <run_address>0x2c2c</run_address>
         <size>0x18</size>
         <input_file_ref idref="fl-d4"/>
      </object_component>
      <object_component id="oc-145">
         <name>.text:GPIOPinTypeGPIOInput</name>
         <load_address>0x2c44</load_address>
         <run_address>0x2c44</run_address>
         <size>0x16</size>
         <input_file_ref idref="fl-d4"/>
      </object_component>
      <object_component id="oc-16f">
         <name>.text:IntMasterEnable</name>
         <load_address>0x2c5a</load_address>
         <run_address>0x2c5a</run_address>
         <size>0x10</size>
         <input_file_ref idref="fl-d5"/>
      </object_component>
      <object_component id="oc-1b">
         <name>.text:decompress:none:__TI_decompress_none</name>
         <load_address>0x2c6a</load_address>
         <run_address>0x2c6a</run_address>
         <size>0xe</size>
         <input_file_ref idref="fl-cb"/>
      </object_component>
      <object_component id="oc-254">
         <name>.text:CPUcpsie</name>
         <load_address>0x2c78</load_address>
         <run_address>0x2c78</run_address>
         <size>0xc</size>
         <input_file_ref idref="fl-d8"/>
      </object_component>
      <object_component id="oc-15d">
         <name>.text:GPIOIntEnable</name>
         <load_address>0x2c84</load_address>
         <run_address>0x2c84</run_address>
         <size>0xc</size>
         <input_file_ref idref="fl-d4"/>
      </object_component>
      <object_component id="oc-52">
         <name>.text:decompress:ZI:__TI_zero_init</name>
         <load_address>0x2c90</load_address>
         <run_address>0x2c90</run_address>
         <size>0xc</size>
         <input_file_ref idref="fl-ca"/>
      </object_component>
      <object_component id="oc-27">
         <name>.text</name>
         <load_address>0x2c9c</load_address>
         <run_address>0x2c9c</run_address>
         <size>0xc</size>
         <input_file_ref idref="fl-3"/>
      </object_component>
      <object_component id="oc-115">
         <name>.text:GPIOIntClear</name>
         <load_address>0x2ca8</load_address>
         <run_address>0x2ca8</run_address>
         <size>0x6</size>
         <input_file_ref idref="fl-d4"/>
      </object_component>
      <object_component id="oc-11b">
         <name>.text:GPIOPinRead</name>
         <load_address>0x2cae</load_address>
         <run_address>0x2cae</run_address>
         <size>0x6</size>
         <input_file_ref idref="fl-d4"/>
      </object_component>
      <object_component id="oc-127">
         <name>.text:GPIOPinWrite</name>
         <load_address>0x2cb4</load_address>
         <run_address>0x2cb4</run_address>
         <size>0x6</size>
         <input_file_ref idref="fl-d4"/>
      </object_component>
      <object_component id="oc-a7">
         <name>.text:_system_pre_init</name>
         <load_address>0x2cba</load_address>
         <run_address>0x2cba</run_address>
         <size>0x4</size>
         <input_file_ref idref="fl-cf"/>
      </object_component>
      <object_component id="oc-177">
         <name>.text:abort:abort</name>
         <load_address>0x2cbe</load_address>
         <run_address>0x2cbe</run_address>
         <size>0x4</size>
         <input_file_ref idref="fl-d1"/>
      </object_component>
      <object_component id="oc-22b">
         <name>.const:g_pppui32XTALtoVCO</name>
         <load_address>0x2cc4</load_address>
         <run_address>0x2cc4</run_address>
         <size>0x1b0</size>
         <input_file_ref idref="fl-d6"/>
      </object_component>
      <object_component id="oc-2b4">
         <name>.const:g_ppui32GPIOIntMapSnowflake</name>
         <load_address>0x2e74</load_address>
         <run_address>0x2e74</run_address>
         <size>0xd8</size>
         <input_file_ref idref="fl-d4"/>
      </object_component>
      <object_component id="oc-2b1">
         <name>.const:g_ppui32GPIOIntMapBlizzard</name>
         <load_address>0x2f4c</load_address>
         <run_address>0x2f4c</run_address>
         <size>0xc0</size>
         <input_file_ref idref="fl-d4"/>
      </object_component>
      <object_component id="oc-228">
         <name>.const:g_pui32Xtals</name>
         <load_address>0x300c</load_address>
         <run_address>0x300c</run_address>
         <size>0x6c</size>
         <input_file_ref idref="fl-d6"/>
      </object_component>
      <object_component id="oc-29a">
         <name>.const:g_sXTALtoMEMTIM</name>
         <load_address>0x3078</load_address>
         <run_address>0x3078</run_address>
         <size>0x30</size>
         <input_file_ref idref="fl-d6"/>
      </object_component>
      <object_component id="oc-24d">
         <name>.const:g_pui32EnRegs</name>
         <load_address>0x30a8</load_address>
         <run_address>0x30a8</run_address>
         <size>0x14</size>
         <input_file_ref idref="fl-d5"/>
      </object_component>
      <object_component id="oc-22e">
         <name>.const:g_pui32VCOFrequencies</name>
         <load_address>0x30bc</load_address>
         <run_address>0x30bc</run_address>
         <size>0x8</size>
         <input_file_ref idref="fl-d6"/>
      </object_component>
      <object_component id="oc-76">
         <name>.const</name>
         <load_address>0x30c4</load_address>
         <run_address>0x30c4</run_address>
         <size>0x4</size>
         <input_file_ref idref="fl-b"/>
      </object_component>
      <object_component id="oc-337">
         <name>__TI_handler_table</name>
         <load_address>0x30c8</load_address>
         <run_address>0x30c8</run_address>
         <size>0xc</size>
      </object_component>
      <object_component id="oc-33a">
         <name>.cinit..data.load</name>
         <load_address>0x30d4</load_address>
         <run_address>0x30d4</run_address>
         <size>0xb</size>
      </object_component>
      <object_component id="oc-33b">
         <name>.cinit..bss.load</name>
         <load_address>0x30e0</load_address>
         <run_address>0x30e0</run_address>
         <size>0x8</size>
      </object_component>
      <object_component id="oc-339">
         <name>.cinit..vtable.load</name>
         <load_address>0x30e8</load_address>
         <run_address>0x30e8</run_address>
         <size>0x8</size>
      </object_component>
      <object_component id="oc-338">
         <name>__TI_cinit_table</name>
         <load_address>0x30f0</load_address>
         <run_address>0x30f0</run_address>
         <size>0x18</size>
      </object_component>
      <object_component id="oc-2b8">
         <name>.vtable</name>
         <uninitialized>true</uninitialized>
         <run_address>0x20000000</run_address>
         <size>0x26c</size>
         <input_file_ref idref="fl-d5"/>
      </object_component>
      <object_component id="oc-73">
         <name>.data</name>
         <load_address>0x20004a7c</load_address>
         <run_address>0x20004a7c</run_address>
         <size>0x30</size>
         <input_file_ref idref="fl-9"/>
      </object_component>
      <object_component id="oc-1eb">
         <name>.data</name>
         <load_address>0x20004ab4</load_address>
         <run_address>0x20004ab4</run_address>
         <size>0x4</size>
         <input_file_ref idref="fl-b"/>
      </object_component>
      <object_component id="oc-1e1">
         <name>.data</name>
         <load_address>0x20004aac</load_address>
         <run_address>0x20004aac</run_address>
         <size>0x8</size>
         <input_file_ref idref="fl-d"/>
      </object_component>
      <object_component id="oc-e1">
         <name>.bss:pxReadyTasksLists</name>
         <uninitialized>true</uninitialized>
         <run_address>0x20004980</run_address>
         <size>0xa0</size>
         <input_file_ref idref="fl-9"/>
      </object_component>
      <object_component id="oc-ed">
         <name>.bss:xDelayedTaskList1</name>
         <uninitialized>true</uninitialized>
         <run_address>0x20004a20</run_address>
         <size>0x14</size>
         <input_file_ref idref="fl-9"/>
      </object_component>
      <object_component id="oc-f0">
         <name>.bss:xDelayedTaskList2</name>
         <uninitialized>true</uninitialized>
         <run_address>0x20004a34</run_address>
         <size>0x14</size>
         <input_file_ref idref="fl-9"/>
      </object_component>
      <object_component id="oc-ea">
         <name>.bss</name>
         <uninitialized>true</uninitialized>
         <run_address>0x20004a70</run_address>
         <size>0x8</size>
         <input_file_ref idref="fl-9"/>
      </object_component>
      <object_component id="oc-e7">
         <name>.bss:xPendingReadyList</name>
         <uninitialized>true</uninitialized>
         <run_address>0x20004a48</run_address>
         <size>0x14</size>
         <input_file_ref idref="fl-9"/>
      </object_component>
      <object_component id="oc-e4">
         <name>.bss:xSuspendedTaskList</name>
         <uninitialized>true</uninitialized>
         <run_address>0x20004a5c</run_address>
         <size>0x14</size>
         <input_file_ref idref="fl-9"/>
      </object_component>
      <object_component id="oc-1e4">
         <name>.bss:ucHeap</name>
         <uninitialized>true</uninitialized>
         <run_address>0x20002980</run_address>
         <size>0x2000</size>
         <input_file_ref idref="fl-d"/>
      </object_component>
      <object_component id="oc-175">
         <name>.common:myQueue</name>
         <uninitialized>true</uninitialized>
         <run_address>0x20004a78</run_address>
         <size>0x4</size>
      </object_component>
      <object_component id="oc-24">
         <name>.stack</name>
         <uninitialized>true</uninitialized>
         <run_address>0x20000270</run_address>
         <size>0x4</size>
         <input_file_ref idref="fl-cd"/>
      </object_component>
      <object_component id="oc-33d">
         <name>.stack</name>
         <uninitialized>true</uninitialized>
         <run_address>0x20000270</run_address>
         <size>0x0</size>
      </object_component>
      <object_component id="oc-103">
         <name>.debug_info</name>
         <load_address>0x0</load_address>
         <run_address>0x0</run_address>
         <size>0x8b3</size>
         <input_file_ref idref="fl-2"/>
      </object_component>
      <object_component id="oc-ae">
         <name>.debug_info</name>
         <load_address>0x8b3</load_address>
         <run_address>0x8b3</run_address>
         <size>0x504</size>
         <input_file_ref idref="fl-2"/>
      </object_component>
      <object_component id="oc-1d7">
         <name>.debug_info</name>
         <load_address>0xdb7</load_address>
         <run_address>0xdb7</run_address>
         <size>0x315</size>
         <input_file_ref idref="fl-2"/>
      </object_component>
      <object_component id="oc-82">
         <name>.debug_info</name>
         <load_address>0x10cc</load_address>
         <run_address>0x10cc</run_address>
         <size>0x26b</size>
         <input_file_ref idref="fl-2"/>
      </object_component>
      <object_component id="oc-207">
         <name>.debug_info</name>
         <load_address>0x1337</load_address>
         <run_address>0x1337</run_address>
         <size>0x3e3</size>
         <input_file_ref idref="fl-2"/>
      </object_component>
      <object_component id="oc-1fd">
         <name>.debug_info</name>
         <load_address>0x171a</load_address>
         <run_address>0x171a</run_address>
         <size>0x4f</size>
         <input_file_ref idref="fl-2"/>
      </object_component>
      <object_component id="oc-fe">
         <name>.debug_info</name>
         <load_address>0x1769</load_address>
         <run_address>0x1769</run_address>
         <size>0x8b</size>
         <input_file_ref idref="fl-2"/>
      </object_component>
      <object_component id="oc-f4">
         <name>.debug_info</name>
         <load_address>0x17f4</load_address>
         <run_address>0x17f4</run_address>
         <size>0x2c</size>
         <input_file_ref idref="fl-2"/>
      </object_component>
      <object_component id="oc-f9">
         <name>.debug_info</name>
         <load_address>0x1820</load_address>
         <run_address>0x1820</run_address>
         <size>0x2a4</size>
         <input_file_ref idref="fl-2"/>
      </object_component>
      <object_component id="oc-87">
         <name>.debug_info</name>
         <load_address>0x1ac4</load_address>
         <run_address>0x1ac4</run_address>
         <size>0xbb</size>
         <input_file_ref idref="fl-2"/>
      </object_component>
      <object_component id="oc-c2">
         <name>.debug_info</name>
         <load_address>0x1b7f</load_address>
         <run_address>0x1b7f</run_address>
         <size>0x53</size>
         <input_file_ref idref="fl-2"/>
      </object_component>
      <object_component id="oc-202">
         <name>.debug_info</name>
         <load_address>0x1bd2</load_address>
         <run_address>0x1bd2</run_address>
         <size>0xcc</size>
         <input_file_ref idref="fl-2"/>
      </object_component>
      <object_component id="oc-1c6">
         <name>.debug_info</name>
         <load_address>0x1c9e</load_address>
         <run_address>0x1c9e</run_address>
         <size>0x14c</size>
         <input_file_ref idref="fl-2"/>
      </object_component>
      <object_component id="oc-34">
         <name>.debug_info</name>
         <load_address>0x1dea</load_address>
         <run_address>0x1dea</run_address>
         <size>0x300</size>
         <input_file_ref idref="fl-3"/>
      </object_component>
      <object_component id="oc-13">
         <name>.debug_info</name>
         <load_address>0x20ea</load_address>
         <run_address>0x20ea</run_address>
         <size>0xed</size>
         <input_file_ref idref="fl-3"/>
      </object_component>
      <object_component id="oc-28">
         <name>.debug_info</name>
         <load_address>0x21d7</load_address>
         <run_address>0x21d7</run_address>
         <size>0x1fb</size>
         <input_file_ref idref="fl-3"/>
      </object_component>
      <object_component id="oc-3b">
         <name>.debug_info</name>
         <load_address>0x23d2</load_address>
         <run_address>0x23d2</run_address>
         <size>0x84</size>
         <input_file_ref idref="fl-3"/>
      </object_component>
      <object_component id="oc-27c">
         <name>.debug_info</name>
         <load_address>0x2456</load_address>
         <run_address>0x2456</run_address>
         <size>0x220</size>
         <input_file_ref idref="fl-4"/>
      </object_component>
      <object_component id="oc-1dc">
         <name>.debug_info</name>
         <load_address>0x2676</load_address>
         <run_address>0x2676</run_address>
         <size>0x3e3</size>
         <input_file_ref idref="fl-4"/>
      </object_component>
      <object_component id="oc-2f2">
         <name>.debug_info</name>
         <load_address>0x2a59</load_address>
         <run_address>0x2a59</run_address>
         <size>0xcc</size>
         <input_file_ref idref="fl-4"/>
      </object_component>
      <object_component id="oc-1d2">
         <name>.debug_info</name>
         <load_address>0x2b25</load_address>
         <run_address>0x2b25</run_address>
         <size>0x53</size>
         <input_file_ref idref="fl-4"/>
      </object_component>
      <object_component id="oc-27b">
         <name>.debug_info</name>
         <load_address>0x2b78</load_address>
         <run_address>0x2b78</run_address>
         <size>0x670</size>
         <input_file_ref idref="fl-5"/>
      </object_component>
      <object_component id="oc-1b7">
         <name>.debug_info</name>
         <load_address>0x31e8</load_address>
         <run_address>0x31e8</run_address>
         <size>0x110</size>
         <input_file_ref idref="fl-5"/>
      </object_component>
      <object_component id="oc-1cb">
         <name>.debug_info</name>
         <load_address>0x32f8</load_address>
         <run_address>0x32f8</run_address>
         <size>0x3e3</size>
         <input_file_ref idref="fl-5"/>
      </object_component>
      <object_component id="oc-2e6">
         <name>.debug_info</name>
         <load_address>0x36db</load_address>
         <run_address>0x36db</run_address>
         <size>0x62</size>
         <input_file_ref idref="fl-5"/>
      </object_component>
      <object_component id="oc-2eb">
         <name>.debug_info</name>
         <load_address>0x373d</load_address>
         <run_address>0x373d</run_address>
         <size>0x39</size>
         <input_file_ref idref="fl-5"/>
      </object_component>
      <object_component id="oc-1bc">
         <name>.debug_info</name>
         <load_address>0x3776</load_address>
         <run_address>0x3776</run_address>
         <size>0x4f</size>
         <input_file_ref idref="fl-5"/>
      </object_component>
      <object_component id="oc-1ea">
         <name>.debug_info</name>
         <load_address>0x37c5</load_address>
         <run_address>0x37c5</run_address>
         <size>0x3a2</size>
         <input_file_ref idref="fl-6"/>
      </object_component>
      <object_component id="oc-d6">
         <name>.debug_info</name>
         <load_address>0x3b67</load_address>
         <run_address>0x3b67</run_address>
         <size>0x6dc</size>
         <input_file_ref idref="fl-6"/>
      </object_component>
      <object_component id="oc-21a">
         <name>.debug_info</name>
         <load_address>0x4243</load_address>
         <run_address>0x4243</run_address>
         <size>0x7f6</size>
         <input_file_ref idref="fl-7"/>
      </object_component>
      <object_component id="oc-122">
         <name>.debug_info</name>
         <load_address>0x4a39</load_address>
         <run_address>0x4a39</run_address>
         <size>0x3632</size>
         <input_file_ref idref="fl-7"/>
      </object_component>
      <object_component id="oc-295">
         <name>.debug_info</name>
         <load_address>0x806b</load_address>
         <run_address>0x806b</run_address>
         <size>0x1c7</size>
         <input_file_ref idref="fl-7"/>
      </object_component>
      <object_component id="oc-215">
         <name>.debug_info</name>
         <load_address>0x8232</load_address>
         <run_address>0x8232</run_address>
         <size>0x46</size>
         <input_file_ref idref="fl-7"/>
      </object_component>
      <object_component id="oc-10c">
         <name>.debug_info</name>
         <load_address>0x8278</load_address>
         <run_address>0x8278</run_address>
         <size>0x2c</size>
         <input_file_ref idref="fl-8"/>
      </object_component>
      <object_component id="oc-c1">
         <name>.debug_info</name>
         <load_address>0x82a4</load_address>
         <run_address>0x82a4</run_address>
         <size>0x72c</size>
         <input_file_ref idref="fl-9"/>
      </object_component>
      <object_component id="oc-74">
         <name>.debug_info</name>
         <load_address>0x89d0</load_address>
         <run_address>0x89d0</run_address>
         <size>0x33c</size>
         <input_file_ref idref="fl-9"/>
      </object_component>
      <object_component id="oc-e2">
         <name>.debug_info</name>
         <load_address>0x8d0c</load_address>
         <run_address>0x8d0c</run_address>
         <size>0x12c</size>
         <input_file_ref idref="fl-9"/>
      </object_component>
      <object_component id="oc-ee">
         <name>.debug_info</name>
         <load_address>0x8e38</load_address>
         <run_address>0x8e38</run_address>
         <size>0x12c</size>
         <input_file_ref idref="fl-9"/>
      </object_component>
      <object_component id="oc-f1">
         <name>.debug_info</name>
         <load_address>0x8f64</load_address>
         <run_address>0x8f64</run_address>
         <size>0x12c</size>
         <input_file_ref idref="fl-9"/>
      </object_component>
      <object_component id="oc-eb">
         <name>.debug_info</name>
         <load_address>0x9090</load_address>
         <run_address>0x9090</run_address>
         <size>0x16f</size>
         <input_file_ref idref="fl-9"/>
      </object_component>
      <object_component id="oc-e8">
         <name>.debug_info</name>
         <load_address>0x91ff</load_address>
         <run_address>0x91ff</run_address>
         <size>0x12c</size>
         <input_file_ref idref="fl-9"/>
      </object_component>
      <object_component id="oc-e5">
         <name>.debug_info</name>
         <load_address>0x932b</load_address>
         <run_address>0x932b</run_address>
         <size>0x12e</size>
         <input_file_ref idref="fl-9"/>
      </object_component>
      <object_component id="oc-7a">
         <name>.debug_info</name>
         <load_address>0x9459</load_address>
         <run_address>0x9459</run_address>
         <size>0x484c</size>
         <input_file_ref idref="fl-9"/>
      </object_component>
      <object_component id="oc-c7">
         <name>.debug_info</name>
         <load_address>0xdca5</load_address>
         <run_address>0xdca5</run_address>
         <size>0x30c</size>
         <input_file_ref idref="fl-9"/>
      </object_component>
      <object_component id="oc-1c1">
         <name>.debug_info</name>
         <load_address>0xdfb1</load_address>
         <run_address>0xdfb1</run_address>
         <size>0x11a</size>
         <input_file_ref idref="fl-9"/>
      </object_component>
      <object_component id="oc-ce">
         <name>.debug_info</name>
         <load_address>0xe0cb</load_address>
         <run_address>0xe0cb</run_address>
         <size>0x43d</size>
         <input_file_ref idref="fl-b"/>
      </object_component>
      <object_component id="oc-77">
         <name>.debug_info</name>
         <load_address>0xe508</load_address>
         <run_address>0xe508</run_address>
         <size>0x159</size>
         <input_file_ref idref="fl-b"/>
      </object_component>
      <object_component id="oc-1ec">
         <name>.debug_info</name>
         <load_address>0xe661</load_address>
         <run_address>0xe661</run_address>
         <size>0x140</size>
         <input_file_ref idref="fl-b"/>
      </object_component>
      <object_component id="oc-dc">
         <name>.debug_info</name>
         <load_address>0xe7a1</load_address>
         <run_address>0xe7a1</run_address>
         <size>0xa10</size>
         <input_file_ref idref="fl-b"/>
      </object_component>
      <object_component id="oc-2e">
         <name>.debug_info</name>
         <load_address>0xf1b1</load_address>
         <run_address>0xf1b1</run_address>
         <size>0x28e</size>
         <input_file_ref idref="fl-c"/>
      </object_component>
      <object_component id="oc-1e8">
         <name>.debug_info</name>
         <load_address>0xf43f</load_address>
         <run_address>0xf43f</run_address>
         <size>0x440</size>
         <input_file_ref idref="fl-d"/>
      </object_component>
      <object_component id="oc-1e5">
         <name>.debug_info</name>
         <load_address>0xf87f</load_address>
         <run_address>0xf87f</run_address>
         <size>0x127</size>
         <input_file_ref idref="fl-d"/>
      </object_component>
      <object_component id="oc-1e2">
         <name>.debug_info</name>
         <load_address>0xf9a6</load_address>
         <run_address>0xf9a6</run_address>
         <size>0x135</size>
         <input_file_ref idref="fl-d"/>
      </object_component>
      <object_component id="oc-d0">
         <name>.debug_info</name>
         <load_address>0xfadb</load_address>
         <run_address>0xfadb</run_address>
         <size>0x59d</size>
         <input_file_ref idref="fl-d"/>
      </object_component>
      <object_component id="oc-41">
         <name>.debug_info</name>
         <load_address>0x10078</load_address>
         <run_address>0x10078</run_address>
         <size>0x119</size>
         <input_file_ref idref="fl-c8"/>
      </object_component>
      <object_component id="oc-a2">
         <name>.debug_info</name>
         <load_address>0x10191</load_address>
         <run_address>0x10191</run_address>
         <size>0x147</size>
         <input_file_ref idref="fl-c9"/>
      </object_component>
      <object_component id="oc-a0">
         <name>.debug_info</name>
         <load_address>0x102d8</load_address>
         <run_address>0x102d8</run_address>
         <size>0x2d4</size>
         <input_file_ref idref="fl-ca"/>
      </object_component>
      <object_component id="oc-53">
         <name>.debug_info</name>
         <load_address>0x105ac</load_address>
         <run_address>0x105ac</run_address>
         <size>0x1b5</size>
         <input_file_ref idref="fl-ca"/>
      </object_component>
      <object_component id="oc-9b">
         <name>.debug_info</name>
         <load_address>0x10761</load_address>
         <run_address>0x10761</run_address>
         <size>0x46</size>
         <input_file_ref idref="fl-ca"/>
      </object_component>
      <object_component id="oc-4b">
         <name>.debug_info</name>
         <load_address>0x107a7</load_address>
         <run_address>0x107a7</run_address>
         <size>0x2a8</size>
         <input_file_ref idref="fl-cb"/>
      </object_component>
      <object_component id="oc-1c">
         <name>.debug_info</name>
         <load_address>0x10a4f</load_address>
         <run_address>0x10a4f</run_address>
         <size>0x1ea</size>
         <input_file_ref idref="fl-cb"/>
      </object_component>
      <object_component id="oc-46">
         <name>.debug_info</name>
         <load_address>0x10c39</load_address>
         <run_address>0x10c39</run_address>
         <size>0x46</size>
         <input_file_ref idref="fl-cb"/>
      </object_component>
      <object_component id="oc-93">
         <name>.debug_info</name>
         <load_address>0x10c7f</load_address>
         <run_address>0x10c7f</run_address>
         <size>0x2c</size>
         <input_file_ref idref="fl-cb"/>
      </object_component>
      <object_component id="oc-91">
         <name>.debug_info</name>
         <load_address>0x10cab</load_address>
         <run_address>0x10cab</run_address>
         <size>0x29e</size>
         <input_file_ref idref="fl-cc"/>
      </object_component>
      <object_component id="oc-16">
         <name>.debug_info</name>
         <load_address>0x10f49</load_address>
         <run_address>0x10f49</run_address>
         <size>0x250</size>
         <input_file_ref idref="fl-cc"/>
      </object_component>
      <object_component id="oc-36">
         <name>.debug_info</name>
         <load_address>0x11199</load_address>
         <run_address>0x11199</run_address>
         <size>0x60</size>
         <input_file_ref idref="fl-cc"/>
      </object_component>
      <object_component id="oc-105">
         <name>.debug_info</name>
         <load_address>0x111f9</load_address>
         <run_address>0x111f9</run_address>
         <size>0x46</size>
         <input_file_ref idref="fl-cc"/>
      </object_component>
      <object_component id="oc-8c">
         <name>.debug_info</name>
         <load_address>0x1123f</load_address>
         <run_address>0x1123f</run_address>
         <size>0x39</size>
         <input_file_ref idref="fl-cc"/>
      </object_component>
      <object_component id="oc-25">
         <name>.debug_info</name>
         <load_address>0x11278</load_address>
         <run_address>0x11278</run_address>
         <size>0x10b</size>
         <input_file_ref idref="fl-cd"/>
      </object_component>
      <object_component id="oc-5f">
         <name>.debug_info</name>
         <load_address>0x11383</load_address>
         <run_address>0x11383</run_address>
         <size>0x1a9</size>
         <input_file_ref idref="fl-cd"/>
      </object_component>
      <object_component id="oc-266">
         <name>.debug_info</name>
         <load_address>0x1152c</load_address>
         <run_address>0x1152c</run_address>
         <size>0x4b3</size>
         <input_file_ref idref="fl-ce"/>
      </object_component>
      <object_component id="oc-184">
         <name>.debug_info</name>
         <load_address>0x119df</load_address>
         <run_address>0x119df</run_address>
         <size>0x1a6</size>
         <input_file_ref idref="fl-ce"/>
      </object_component>
      <object_component id="oc-2d3">
         <name>.debug_info</name>
         <load_address>0x11b85</load_address>
         <run_address>0x11b85</run_address>
         <size>0x39</size>
         <input_file_ref idref="fl-ce"/>
      </object_component>
      <object_component id="oc-302">
         <name>.debug_info</name>
         <load_address>0x11bbe</load_address>
         <run_address>0x11bbe</run_address>
         <size>0x39</size>
         <input_file_ref idref="fl-ce"/>
      </object_component>
      <object_component id="oc-2d8">
         <name>.debug_info</name>
         <load_address>0x11bf7</load_address>
         <run_address>0x11bf7</run_address>
         <size>0x39</size>
         <input_file_ref idref="fl-ce"/>
      </object_component>
      <object_component id="oc-2dd">
         <name>.debug_info</name>
         <load_address>0x11c30</load_address>
         <run_address>0x11c30</run_address>
         <size>0xcd</size>
         <input_file_ref idref="fl-ce"/>
      </object_component>
      <object_component id="oc-a8">
         <name>.debug_info</name>
         <load_address>0x11cfd</load_address>
         <run_address>0x11cfd</run_address>
         <size>0x153</size>
         <input_file_ref idref="fl-cf"/>
      </object_component>
      <object_component id="oc-178">
         <name>.debug_info</name>
         <load_address>0x11e50</load_address>
         <run_address>0x11e50</run_address>
         <size>0x122</size>
         <input_file_ref idref="fl-d1"/>
      </object_component>
      <object_component id="oc-212">
         <name>.debug_info</name>
         <load_address>0x11f72</load_address>
         <run_address>0x11f72</run_address>
         <size>0x39a</size>
         <input_file_ref idref="fl-d4"/>
      </object_component>
      <object_component id="oc-2b2">
         <name>.debug_info</name>
         <load_address>0x1230c</load_address>
         <run_address>0x1230c</run_address>
         <size>0x126</size>
         <input_file_ref idref="fl-d4"/>
      </object_component>
      <object_component id="oc-2b5">
         <name>.debug_info</name>
         <load_address>0x12432</load_address>
         <run_address>0x12432</run_address>
         <size>0x128</size>
         <input_file_ref idref="fl-d4"/>
      </object_component>
      <object_component id="oc-128">
         <name>.debug_info</name>
         <load_address>0x1255a</load_address>
         <run_address>0x1255a</run_address>
         <size>0x21c</size>
         <input_file_ref idref="fl-d4"/>
      </object_component>
      <object_component id="oc-236">
         <name>.debug_info</name>
         <load_address>0x12776</load_address>
         <run_address>0x12776</run_address>
         <size>0x22c</size>
         <input_file_ref idref="fl-d4"/>
      </object_component>
      <object_component id="oc-14c">
         <name>.debug_info</name>
         <load_address>0x129a2</load_address>
         <run_address>0x129a2</run_address>
         <size>0x28f</size>
         <input_file_ref idref="fl-d4"/>
      </object_component>
      <object_component id="oc-140">
         <name>.debug_info</name>
         <load_address>0x12c31</load_address>
         <run_address>0x12c31</run_address>
         <size>0x230</size>
         <input_file_ref idref="fl-d4"/>
      </object_component>
      <object_component id="oc-146">
         <name>.debug_info</name>
         <load_address>0x12e61</load_address>
         <run_address>0x12e61</run_address>
         <size>0x215</size>
         <input_file_ref idref="fl-d4"/>
      </object_component>
      <object_component id="oc-11c">
         <name>.debug_info</name>
         <load_address>0x13076</load_address>
         <run_address>0x13076</run_address>
         <size>0x1f4</size>
         <input_file_ref idref="fl-d4"/>
      </object_component>
      <object_component id="oc-240">
         <name>.debug_info</name>
         <load_address>0x1326a</load_address>
         <run_address>0x1326a</run_address>
         <size>0x211</size>
         <input_file_ref idref="fl-d4"/>
      </object_component>
      <object_component id="oc-152">
         <name>.debug_info</name>
         <load_address>0x1347b</load_address>
         <run_address>0x1347b</run_address>
         <size>0x234</size>
         <input_file_ref idref="fl-d4"/>
      </object_component>
      <object_component id="oc-158">
         <name>.debug_info</name>
         <load_address>0x136af</load_address>
         <run_address>0x136af</run_address>
         <size>0x248</size>
         <input_file_ref idref="fl-d4"/>
      </object_component>
      <object_component id="oc-15e">
         <name>.debug_info</name>
         <load_address>0x138f7</load_address>
         <run_address>0x138f7</run_address>
         <size>0x208</size>
         <input_file_ref idref="fl-d4"/>
      </object_component>
      <object_component id="oc-116">
         <name>.debug_info</name>
         <load_address>0x13aff</load_address>
         <run_address>0x13aff</run_address>
         <size>0x206</size>
         <input_file_ref idref="fl-d4"/>
      </object_component>
      <object_component id="oc-28e">
         <name>.debug_info</name>
         <load_address>0x13d05</load_address>
         <run_address>0x13d05</run_address>
         <size>0x26b</size>
         <input_file_ref idref="fl-d4"/>
      </object_component>
      <object_component id="oc-287">
         <name>.debug_info</name>
         <load_address>0x13f70</load_address>
         <run_address>0x13f70</run_address>
         <size>0x297</size>
         <input_file_ref idref="fl-d4"/>
      </object_component>
      <object_component id="oc-29f">
         <name>.debug_info</name>
         <load_address>0x14207</load_address>
         <run_address>0x14207</run_address>
         <size>0xef</size>
         <input_file_ref idref="fl-d4"/>
      </object_component>
      <object_component id="oc-20d">
         <name>.debug_info</name>
         <load_address>0x142f6</load_address>
         <run_address>0x142f6</run_address>
         <size>0xbb</size>
         <input_file_ref idref="fl-d4"/>
      </object_component>
      <object_component id="oc-251">
         <name>.debug_info</name>
         <load_address>0x143b1</load_address>
         <run_address>0x143b1</run_address>
         <size>0x36d</size>
         <input_file_ref idref="fl-d5"/>
      </object_component>
      <object_component id="oc-24e">
         <name>.debug_info</name>
         <load_address>0x1471e</load_address>
         <run_address>0x1471e</run_address>
         <size>0x111</size>
         <input_file_ref idref="fl-d5"/>
      </object_component>
      <object_component id="oc-2b9">
         <name>.debug_info</name>
         <load_address>0x1482f</load_address>
         <run_address>0x1482f</run_address>
         <size>0x116</size>
         <input_file_ref idref="fl-d5"/>
      </object_component>
      <object_component id="oc-246">
         <name>.debug_info</name>
         <load_address>0x14945</load_address>
         <run_address>0x14945</run_address>
         <size>0x23a</size>
         <input_file_ref idref="fl-d5"/>
      </object_component>
      <object_component id="oc-170">
         <name>.debug_info</name>
         <load_address>0x14b7f</load_address>
         <run_address>0x14b7f</run_address>
         <size>0x1b7</size>
         <input_file_ref idref="fl-d5"/>
      </object_component>
      <object_component id="oc-164">
         <name>.debug_info</name>
         <load_address>0x14d36</load_address>
         <run_address>0x14d36</run_address>
         <size>0x1e1</size>
         <input_file_ref idref="fl-d5"/>
      </object_component>
      <object_component id="oc-232">
         <name>.debug_info</name>
         <load_address>0x14f17</load_address>
         <run_address>0x14f17</run_address>
         <size>0x3f7</size>
         <input_file_ref idref="fl-d6"/>
      </object_component>
      <object_component id="oc-229">
         <name>.debug_info</name>
         <load_address>0x1530e</load_address>
         <run_address>0x1530e</run_address>
         <size>0x10c</size>
         <input_file_ref idref="fl-d6"/>
      </object_component>
      <object_component id="oc-22c">
         <name>.debug_info</name>
         <load_address>0x1541a</load_address>
         <run_address>0x1541a</run_address>
         <size>0x118</size>
         <input_file_ref idref="fl-d6"/>
      </object_component>
      <object_component id="oc-29b">
         <name>.debug_info</name>
         <load_address>0x15532</load_address>
         <run_address>0x15532</run_address>
         <size>0x112</size>
         <input_file_ref idref="fl-d6"/>
      </object_component>
      <object_component id="oc-22f">
         <name>.debug_info</name>
         <load_address>0x15644</load_address>
         <run_address>0x15644</run_address>
         <size>0x11f</size>
         <input_file_ref idref="fl-d6"/>
      </object_component>
      <object_component id="oc-13a">
         <name>.debug_info</name>
         <load_address>0x15763</load_address>
         <run_address>0x15763</run_address>
         <size>0x1f8</size>
         <input_file_ref idref="fl-d6"/>
      </object_component>
      <object_component id="oc-134">
         <name>.debug_info</name>
         <load_address>0x1595b</load_address>
         <run_address>0x1595b</run_address>
         <size>0x1f6</size>
         <input_file_ref idref="fl-d6"/>
      </object_component>
      <object_component id="oc-21d">
         <name>.debug_info</name>
         <load_address>0x15b51</load_address>
         <run_address>0x15b51</run_address>
         <size>0x1e9</size>
         <input_file_ref idref="fl-d6"/>
      </object_component>
      <object_component id="oc-223">
         <name>.debug_info</name>
         <load_address>0x15d3a</load_address>
         <run_address>0x15d3a</run_address>
         <size>0x233</size>
         <input_file_ref idref="fl-d6"/>
      </object_component>
      <object_component id="oc-12e">
         <name>.debug_info</name>
         <load_address>0x15f6d</load_address>
         <run_address>0x15f6d</run_address>
         <size>0x413</size>
         <input_file_ref idref="fl-d6"/>
      </object_component>
      <object_component id="oc-2ac">
         <name>.debug_info</name>
         <load_address>0x16380</load_address>
         <run_address>0x16380</run_address>
         <size>0x51</size>
         <input_file_ref idref="fl-d6"/>
      </object_component>
      <object_component id="oc-253">
         <name>.debug_info</name>
         <load_address>0x163d1</load_address>
         <run_address>0x163d1</run_address>
         <size>0x2fc</size>
         <input_file_ref idref="fl-d7"/>
      </object_component>
      <object_component id="oc-16a">
         <name>.debug_info</name>
         <load_address>0x166cd</load_address>
         <run_address>0x166cd</run_address>
         <size>0x1f0</size>
         <input_file_ref idref="fl-d7"/>
      </object_component>
      <object_component id="oc-255">
         <name>.debug_info</name>
         <load_address>0x168bd</load_address>
         <run_address>0x168bd</run_address>
         <size>0x18b</size>
         <input_file_ref idref="fl-d8"/>
      </object_component>
      <object_component id="oc-33e">
         <name>.debug_info</name>
         <load_address>0x16a48</load_address>
         <run_address>0x16a48</run_address>
         <size>0xad</size>
      </object_component>
      <object_component id="oc-1fc">
         <name>.debug_line</name>
         <load_address>0x0</load_address>
         <run_address>0x0</run_address>
         <size>0x1c7</size>
         <input_file_ref idref="fl-2"/>
      </object_component>
      <object_component id="oc-b1">
         <name>.debug_line</name>
         <load_address>0x1c7</load_address>
         <run_address>0x1c7</run_address>
         <size>0xca</size>
         <input_file_ref idref="fl-2"/>
      </object_component>
      <object_component id="oc-1da">
         <name>.debug_line</name>
         <load_address>0x291</load_address>
         <run_address>0x291</run_address>
         <size>0x70</size>
         <input_file_ref idref="fl-2"/>
      </object_component>
      <object_component id="oc-85">
         <name>.debug_line</name>
         <load_address>0x301</load_address>
         <run_address>0x301</run_address>
         <size>0x80</size>
         <input_file_ref idref="fl-2"/>
      </object_component>
      <object_component id="oc-20a">
         <name>.debug_line</name>
         <load_address>0x381</load_address>
         <run_address>0x381</run_address>
         <size>0x74</size>
         <input_file_ref idref="fl-2"/>
      </object_component>
      <object_component id="oc-200">
         <name>.debug_line</name>
         <load_address>0x3f5</load_address>
         <run_address>0x3f5</run_address>
         <size>0x71</size>
         <input_file_ref idref="fl-2"/>
      </object_component>
      <object_component id="oc-101">
         <name>.debug_line</name>
         <load_address>0x466</load_address>
         <run_address>0x466</run_address>
         <size>0x20</size>
         <input_file_ref idref="fl-2"/>
      </object_component>
      <object_component id="oc-f7">
         <name>.debug_line</name>
         <load_address>0x486</load_address>
         <run_address>0x486</run_address>
         <size>0x74</size>
         <input_file_ref idref="fl-2"/>
      </object_component>
      <object_component id="oc-fc">
         <name>.debug_line</name>
         <load_address>0x4fa</load_address>
         <run_address>0x4fa</run_address>
         <size>0x84</size>
         <input_file_ref idref="fl-2"/>
      </object_component>
      <object_component id="oc-8a">
         <name>.debug_line</name>
         <load_address>0x57e</load_address>
         <run_address>0x57e</run_address>
         <size>0x81</size>
         <input_file_ref idref="fl-2"/>
      </object_component>
      <object_component id="oc-c5">
         <name>.debug_line</name>
         <load_address>0x5ff</load_address>
         <run_address>0x5ff</run_address>
         <size>0x83</size>
         <input_file_ref idref="fl-2"/>
      </object_component>
      <object_component id="oc-205">
         <name>.debug_line</name>
         <load_address>0x682</load_address>
         <run_address>0x682</run_address>
         <size>0x7b</size>
         <input_file_ref idref="fl-2"/>
      </object_component>
      <object_component id="oc-1c9">
         <name>.debug_line</name>
         <load_address>0x6fd</load_address>
         <run_address>0x6fd</run_address>
         <size>0x70</size>
         <input_file_ref idref="fl-2"/>
      </object_component>
      <object_component id="oc-81">
         <name>.debug_line</name>
         <load_address>0x76d</load_address>
         <run_address>0x76d</run_address>
         <size>0x34</size>
         <input_file_ref idref="fl-3"/>
      </object_component>
      <object_component id="oc-33">
         <name>.debug_line</name>
         <load_address>0x7a1</load_address>
         <run_address>0x7a1</run_address>
         <size>0x34</size>
         <input_file_ref idref="fl-3"/>
      </object_component>
      <object_component id="oc-2b">
         <name>.debug_line</name>
         <load_address>0x7d5</load_address>
         <run_address>0x7d5</run_address>
         <size>0x94</size>
         <input_file_ref idref="fl-3"/>
      </object_component>
      <object_component id="oc-3e">
         <name>.debug_line</name>
         <load_address>0x869</load_address>
         <run_address>0x869</run_address>
         <size>0x20</size>
         <input_file_ref idref="fl-3"/>
      </object_component>
      <object_component id="oc-2f1">
         <name>.debug_line</name>
         <load_address>0x889</load_address>
         <run_address>0x889</run_address>
         <size>0x20</size>
         <input_file_ref idref="fl-4"/>
      </object_component>
      <object_component id="oc-1df">
         <name>.debug_line</name>
         <load_address>0x8a9</load_address>
         <run_address>0x8a9</run_address>
         <size>0x74</size>
         <input_file_ref idref="fl-4"/>
      </object_component>
      <object_component id="oc-2f5">
         <name>.debug_line</name>
         <load_address>0x91d</load_address>
         <run_address>0x91d</run_address>
         <size>0x74</size>
         <input_file_ref idref="fl-4"/>
      </object_component>
      <object_component id="oc-1d5">
         <name>.debug_line</name>
         <load_address>0x991</load_address>
         <run_address>0x991</run_address>
         <size>0x7c</size>
         <input_file_ref idref="fl-4"/>
      </object_component>
      <object_component id="oc-2e5">
         <name>.debug_line</name>
         <load_address>0xa0d</load_address>
         <run_address>0xa0d</run_address>
         <size>0x177</size>
         <input_file_ref idref="fl-5"/>
      </object_component>
      <object_component id="oc-1ba">
         <name>.debug_line</name>
         <load_address>0xb84</load_address>
         <run_address>0xb84</run_address>
         <size>0x7c</size>
         <input_file_ref idref="fl-5"/>
      </object_component>
      <object_component id="oc-1ce">
         <name>.debug_line</name>
         <load_address>0xc00</load_address>
         <run_address>0xc00</run_address>
         <size>0x74</size>
         <input_file_ref idref="fl-5"/>
      </object_component>
      <object_component id="oc-2e9">
         <name>.debug_line</name>
         <load_address>0xc74</load_address>
         <run_address>0xc74</run_address>
         <size>0x70</size>
         <input_file_ref idref="fl-5"/>
      </object_component>
      <object_component id="oc-2ee">
         <name>.debug_line</name>
         <load_address>0xce4</load_address>
         <run_address>0xce4</run_address>
         <size>0x78</size>
         <input_file_ref idref="fl-5"/>
      </object_component>
      <object_component id="oc-1bf">
         <name>.debug_line</name>
         <load_address>0xd5c</load_address>
         <run_address>0xd5c</run_address>
         <size>0x72</size>
         <input_file_ref idref="fl-5"/>
      </object_component>
      <object_component id="oc-284">
         <name>.debug_line</name>
         <load_address>0xdce</load_address>
         <run_address>0xdce</run_address>
         <size>0x20</size>
         <input_file_ref idref="fl-6"/>
      </object_component>
      <object_component id="oc-d9">
         <name>.debug_line</name>
         <load_address>0xdee</load_address>
         <run_address>0xdee</run_address>
         <size>0x11a</size>
         <input_file_ref idref="fl-6"/>
      </object_component>
      <object_component id="oc-294">
         <name>.debug_line</name>
         <load_address>0xf08</load_address>
         <run_address>0xf08</run_address>
         <size>0x177</size>
         <input_file_ref idref="fl-7"/>
      </object_component>
      <object_component id="oc-125">
         <name>.debug_line</name>
         <load_address>0x107f</load_address>
         <run_address>0x107f</run_address>
         <size>0x6ee</size>
         <input_file_ref idref="fl-7"/>
      </object_component>
      <object_component id="oc-298">
         <name>.debug_line</name>
         <load_address>0x176d</load_address>
         <run_address>0x176d</run_address>
         <size>0x69</size>
         <input_file_ref idref="fl-7"/>
      </object_component>
      <object_component id="oc-218">
         <name>.debug_line</name>
         <load_address>0x17d6</load_address>
         <run_address>0x17d6</run_address>
         <size>0x71</size>
         <input_file_ref idref="fl-7"/>
      </object_component>
      <object_component id="oc-10f">
         <name>.debug_line</name>
         <load_address>0x1847</load_address>
         <run_address>0x1847</run_address>
         <size>0x7c</size>
         <input_file_ref idref="fl-8"/>
      </object_component>
      <object_component id="oc-1b6">
         <name>.debug_line</name>
         <load_address>0x18c3</load_address>
         <run_address>0x18c3</run_address>
         <size>0x127</size>
         <input_file_ref idref="fl-9"/>
      </object_component>
      <object_component id="oc-c0">
         <name>.debug_line</name>
         <load_address>0x19ea</load_address>
         <run_address>0x19ea</run_address>
         <size>0x69</size>
         <input_file_ref idref="fl-9"/>
      </object_component>
      <object_component id="oc-1f0">
         <name>.debug_line</name>
         <load_address>0x1a53</load_address>
         <run_address>0x1a53</run_address>
         <size>0x69</size>
         <input_file_ref idref="fl-9"/>
      </object_component>
      <object_component id="oc-1f8">
         <name>.debug_line</name>
         <load_address>0x1abc</load_address>
         <run_address>0x1abc</run_address>
         <size>0x69</size>
         <input_file_ref idref="fl-9"/>
      </object_component>
      <object_component id="oc-1fa">
         <name>.debug_line</name>
         <load_address>0x1b25</load_address>
         <run_address>0x1b25</run_address>
         <size>0x69</size>
         <input_file_ref idref="fl-9"/>
      </object_component>
      <object_component id="oc-1f6">
         <name>.debug_line</name>
         <load_address>0x1b8e</load_address>
         <run_address>0x1b8e</run_address>
         <size>0x69</size>
         <input_file_ref idref="fl-9"/>
      </object_component>
      <object_component id="oc-1f4">
         <name>.debug_line</name>
         <load_address>0x1bf7</load_address>
         <run_address>0x1bf7</run_address>
         <size>0x69</size>
         <input_file_ref idref="fl-9"/>
      </object_component>
      <object_component id="oc-1f2">
         <name>.debug_line</name>
         <load_address>0x1c60</load_address>
         <run_address>0x1c60</run_address>
         <size>0x69</size>
         <input_file_ref idref="fl-9"/>
      </object_component>
      <object_component id="oc-7d">
         <name>.debug_line</name>
         <load_address>0x1cc9</load_address>
         <run_address>0x1cc9</run_address>
         <size>0x953</size>
         <input_file_ref idref="fl-9"/>
      </object_component>
      <object_component id="oc-ca">
         <name>.debug_line</name>
         <load_address>0x261c</load_address>
         <run_address>0x261c</run_address>
         <size>0x70</size>
         <input_file_ref idref="fl-9"/>
      </object_component>
      <object_component id="oc-1c4">
         <name>.debug_line</name>
         <load_address>0x268c</load_address>
         <run_address>0x268c</run_address>
         <size>0x69</size>
         <input_file_ref idref="fl-9"/>
      </object_component>
      <object_component id="oc-1d1">
         <name>.debug_line</name>
         <load_address>0x26f5</load_address>
         <run_address>0x26f5</run_address>
         <size>0xce</size>
         <input_file_ref idref="fl-b"/>
      </object_component>
      <object_component id="oc-cd">
         <name>.debug_line</name>
         <load_address>0x27c3</load_address>
         <run_address>0x27c3</run_address>
         <size>0x7e</size>
         <input_file_ref idref="fl-b"/>
      </object_component>
      <object_component id="oc-286">
         <name>.debug_line</name>
         <load_address>0x2841</load_address>
         <run_address>0x2841</run_address>
         <size>0x7e</size>
         <input_file_ref idref="fl-b"/>
      </object_component>
      <object_component id="oc-df">
         <name>.debug_line</name>
         <load_address>0x28bf</load_address>
         <run_address>0x28bf</run_address>
         <size>0x180</size>
         <input_file_ref idref="fl-b"/>
      </object_component>
      <object_component id="oc-31">
         <name>.debug_line</name>
         <load_address>0x2a3f</load_address>
         <run_address>0x2a3f</run_address>
         <size>0x113</size>
         <input_file_ref idref="fl-c"/>
      </object_component>
      <object_component id="oc-282">
         <name>.debug_line</name>
         <load_address>0x2b52</load_address>
         <run_address>0x2b52</run_address>
         <size>0x70</size>
         <input_file_ref idref="fl-d"/>
      </object_component>
      <object_component id="oc-280">
         <name>.debug_line</name>
         <load_address>0x2bc2</load_address>
         <run_address>0x2bc2</run_address>
         <size>0x7b</size>
         <input_file_ref idref="fl-d"/>
      </object_component>
      <object_component id="oc-27e">
         <name>.debug_line</name>
         <load_address>0x2c3d</load_address>
         <run_address>0x2c3d</run_address>
         <size>0x7b</size>
         <input_file_ref idref="fl-d"/>
      </object_component>
      <object_component id="oc-d3">
         <name>.debug_line</name>
         <load_address>0x2cb8</load_address>
         <run_address>0x2cb8</run_address>
         <size>0xfe</size>
         <input_file_ref idref="fl-d"/>
      </object_component>
      <object_component id="oc-44">
         <name>.debug_line</name>
         <load_address>0x2db6</load_address>
         <run_address>0x2db6</run_address>
         <size>0x88</size>
         <input_file_ref idref="fl-c8"/>
      </object_component>
      <object_component id="oc-a5">
         <name>.debug_line</name>
         <load_address>0x2e3e</load_address>
         <run_address>0x2e3e</run_address>
         <size>0x79</size>
         <input_file_ref idref="fl-c9"/>
      </object_component>
      <object_component id="oc-112">
         <name>.debug_line</name>
         <load_address>0x2eb7</load_address>
         <run_address>0x2eb7</run_address>
         <size>0x92</size>
         <input_file_ref idref="fl-ca"/>
      </object_component>
      <object_component id="oc-56">
         <name>.debug_line</name>
         <load_address>0x2f49</load_address>
         <run_address>0x2f49</run_address>
         <size>0x53</size>
         <input_file_ref idref="fl-ca"/>
      </object_component>
      <object_component id="oc-9e">
         <name>.debug_line</name>
         <load_address>0x2f9c</load_address>
         <run_address>0x2f9c</run_address>
         <size>0x34</size>
         <input_file_ref idref="fl-ca"/>
      </object_component>
      <object_component id="oc-99">
         <name>.debug_line</name>
         <load_address>0x2fd0</load_address>
         <run_address>0x2fd0</run_address>
         <size>0x20</size>
         <input_file_ref idref="fl-cb"/>
      </object_component>
      <object_component id="oc-1f">
         <name>.debug_line</name>
         <load_address>0x2ff0</load_address>
         <run_address>0x2ff0</run_address>
         <size>0x55</size>
         <input_file_ref idref="fl-cb"/>
      </object_component>
      <object_component id="oc-49">
         <name>.debug_line</name>
         <load_address>0x3045</load_address>
         <run_address>0x3045</run_address>
         <size>0x3a</size>
         <input_file_ref idref="fl-cb"/>
      </object_component>
      <object_component id="oc-96">
         <name>.debug_line</name>
         <load_address>0x307f</load_address>
         <run_address>0x307f</run_address>
         <size>0x92</size>
         <input_file_ref idref="fl-cb"/>
      </object_component>
      <object_component id="oc-10b">
         <name>.debug_line</name>
         <load_address>0x3111</load_address>
         <run_address>0x3111</run_address>
         <size>0x20</size>
         <input_file_ref idref="fl-cc"/>
      </object_component>
      <object_component id="oc-19">
         <name>.debug_line</name>
         <load_address>0x3131</load_address>
         <run_address>0x3131</run_address>
         <size>0xa9</size>
         <input_file_ref idref="fl-cc"/>
      </object_component>
      <object_component id="oc-39">
         <name>.debug_line</name>
         <load_address>0x31da</load_address>
         <run_address>0x31da</run_address>
         <size>0x3a</size>
         <input_file_ref idref="fl-cc"/>
      </object_component>
      <object_component id="oc-108">
         <name>.debug_line</name>
         <load_address>0x3214</load_address>
         <run_address>0x3214</run_address>
         <size>0x9a</size>
         <input_file_ref idref="fl-cc"/>
      </object_component>
      <object_component id="oc-8f">
         <name>.debug_line</name>
         <load_address>0x32ae</load_address>
         <run_address>0x32ae</run_address>
         <size>0x96</size>
         <input_file_ref idref="fl-cc"/>
      </object_component>
      <object_component id="oc-71">
         <name>.debug_line</name>
         <load_address>0x3344</load_address>
         <run_address>0x3344</run_address>
         <size>0x33</size>
         <input_file_ref idref="fl-cd"/>
      </object_component>
      <object_component id="oc-62">
         <name>.debug_line</name>
         <load_address>0x3377</load_address>
         <run_address>0x3377</run_address>
         <size>0x45</size>
         <input_file_ref idref="fl-cd"/>
      </object_component>
      <object_component id="oc-2d2">
         <name>.debug_line</name>
         <load_address>0x33bc</load_address>
         <run_address>0x33bc</run_address>
         <size>0xbf</size>
         <input_file_ref idref="fl-ce"/>
      </object_component>
      <object_component id="oc-187">
         <name>.debug_line</name>
         <load_address>0x347b</load_address>
         <run_address>0x347b</run_address>
         <size>0x6f</size>
         <input_file_ref idref="fl-ce"/>
      </object_component>
      <object_component id="oc-2d6">
         <name>.debug_line</name>
         <load_address>0x34ea</load_address>
         <run_address>0x34ea</run_address>
         <size>0x2e</size>
         <input_file_ref idref="fl-ce"/>
      </object_component>
      <object_component id="oc-305">
         <name>.debug_line</name>
         <load_address>0x3518</load_address>
         <run_address>0x3518</run_address>
         <size>0x9a</size>
         <input_file_ref idref="fl-ce"/>
      </object_component>
      <object_component id="oc-2db">
         <name>.debug_line</name>
         <load_address>0x35b2</load_address>
         <run_address>0x35b2</run_address>
         <size>0x97</size>
         <input_file_ref idref="fl-ce"/>
      </object_component>
      <object_component id="oc-2e0">
         <name>.debug_line</name>
         <load_address>0x3649</load_address>
         <run_address>0x3649</run_address>
         <size>0x93</size>
         <input_file_ref idref="fl-ce"/>
      </object_component>
      <object_component id="oc-ab">
         <name>.debug_line</name>
         <load_address>0x36dc</load_address>
         <run_address>0x36dc</run_address>
         <size>0x40</size>
         <input_file_ref idref="fl-cf"/>
      </object_component>
      <object_component id="oc-17b">
         <name>.debug_line</name>
         <load_address>0x371c</load_address>
         <run_address>0x371c</run_address>
         <size>0x3c</size>
         <input_file_ref idref="fl-d1"/>
      </object_component>
      <object_component id="oc-28d">
         <name>.debug_line</name>
         <load_address>0x3758</load_address>
         <run_address>0x3758</run_address>
         <size>0x5f</size>
         <input_file_ref idref="fl-d4"/>
      </object_component>
      <object_component id="oc-2fa">
         <name>.debug_line</name>
         <load_address>0x37b7</load_address>
         <run_address>0x37b7</run_address>
         <size>0x5a</size>
         <input_file_ref idref="fl-d4"/>
      </object_component>
      <object_component id="oc-2fc">
         <name>.debug_line</name>
         <load_address>0x3811</load_address>
         <run_address>0x3811</run_address>
         <size>0x5a</size>
         <input_file_ref idref="fl-d4"/>
      </object_component>
      <object_component id="oc-12b">
         <name>.debug_line</name>
         <load_address>0x386b</load_address>
         <run_address>0x386b</run_address>
         <size>0x6f</size>
         <input_file_ref idref="fl-d4"/>
      </object_component>
      <object_component id="oc-239">
         <name>.debug_line</name>
         <load_address>0x38da</load_address>
         <run_address>0x38da</run_address>
         <size>0x72</size>
         <input_file_ref idref="fl-d4"/>
      </object_component>
      <object_component id="oc-14f">
         <name>.debug_line</name>
         <load_address>0x394c</load_address>
         <run_address>0x394c</run_address>
         <size>0xae</size>
         <input_file_ref idref="fl-d4"/>
      </object_component>
      <object_component id="oc-143">
         <name>.debug_line</name>
         <load_address>0x39fa</load_address>
         <run_address>0x39fa</run_address>
         <size>0x76</size>
         <input_file_ref idref="fl-d4"/>
      </object_component>
      <object_component id="oc-149">
         <name>.debug_line</name>
         <load_address>0x3a70</load_address>
         <run_address>0x3a70</run_address>
         <size>0x76</size>
         <input_file_ref idref="fl-d4"/>
      </object_component>
      <object_component id="oc-11f">
         <name>.debug_line</name>
         <load_address>0x3ae6</load_address>
         <run_address>0x3ae6</run_address>
         <size>0x6f</size>
         <input_file_ref idref="fl-d4"/>
      </object_component>
      <object_component id="oc-243">
         <name>.debug_line</name>
         <load_address>0x3b55</load_address>
         <run_address>0x3b55</run_address>
         <size>0x83</size>
         <input_file_ref idref="fl-d4"/>
      </object_component>
      <object_component id="oc-155">
         <name>.debug_line</name>
         <load_address>0x3bd8</load_address>
         <run_address>0x3bd8</run_address>
         <size>0x72</size>
         <input_file_ref idref="fl-d4"/>
      </object_component>
      <object_component id="oc-15b">
         <name>.debug_line</name>
         <load_address>0x3c4a</load_address>
         <run_address>0x3c4a</run_address>
         <size>0x76</size>
         <input_file_ref idref="fl-d4"/>
      </object_component>
      <object_component id="oc-161">
         <name>.debug_line</name>
         <load_address>0x3cc0</load_address>
         <run_address>0x3cc0</run_address>
         <size>0x6f</size>
         <input_file_ref idref="fl-d4"/>
      </object_component>
      <object_component id="oc-119">
         <name>.debug_line</name>
         <load_address>0x3d2f</load_address>
         <run_address>0x3d2f</run_address>
         <size>0x6f</size>
         <input_file_ref idref="fl-d4"/>
      </object_component>
      <object_component id="oc-291">
         <name>.debug_line</name>
         <load_address>0x3d9e</load_address>
         <run_address>0x3d9e</run_address>
         <size>0x6d</size>
         <input_file_ref idref="fl-d4"/>
      </object_component>
      <object_component id="oc-28a">
         <name>.debug_line</name>
         <load_address>0x3e0b</load_address>
         <run_address>0x3e0b</run_address>
         <size>0x71</size>
         <input_file_ref idref="fl-d4"/>
      </object_component>
      <object_component id="oc-2a2">
         <name>.debug_line</name>
         <load_address>0x3e7c</load_address>
         <run_address>0x3e7c</run_address>
         <size>0x6d</size>
         <input_file_ref idref="fl-d4"/>
      </object_component>
      <object_component id="oc-210">
         <name>.debug_line</name>
         <load_address>0x3ee9</load_address>
         <run_address>0x3ee9</run_address>
         <size>0x6e</size>
         <input_file_ref idref="fl-d4"/>
      </object_component>
      <object_component id="oc-2bf">
         <name>.debug_line</name>
         <load_address>0x3f57</load_address>
         <run_address>0x3f57</run_address>
         <size>0x59</size>
         <input_file_ref idref="fl-d5"/>
      </object_component>
      <object_component id="oc-2bd">
         <name>.debug_line</name>
         <load_address>0x3fb0</load_address>
         <run_address>0x3fb0</run_address>
         <size>0x5f</size>
         <input_file_ref idref="fl-d5"/>
      </object_component>
      <object_component id="oc-2fe">
         <name>.debug_line</name>
         <load_address>0x400f</load_address>
         <run_address>0x400f</run_address>
         <size>0x5f</size>
         <input_file_ref idref="fl-d5"/>
      </object_component>
      <object_component id="oc-249">
         <name>.debug_line</name>
         <load_address>0x406e</load_address>
         <run_address>0x406e</run_address>
         <size>0x8c</size>
         <input_file_ref idref="fl-d5"/>
      </object_component>
      <object_component id="oc-173">
         <name>.debug_line</name>
         <load_address>0x40fa</load_address>
         <run_address>0x40fa</run_address>
         <size>0x74</size>
         <input_file_ref idref="fl-d5"/>
      </object_component>
      <object_component id="oc-167">
         <name>.debug_line</name>
         <load_address>0x416e</load_address>
         <run_address>0x416e</run_address>
         <size>0x9f</size>
         <input_file_ref idref="fl-d5"/>
      </object_component>
      <object_component id="oc-2ab">
         <name>.debug_line</name>
         <load_address>0x420d</load_address>
         <run_address>0x420d</run_address>
         <size>0xd4</size>
         <input_file_ref idref="fl-d6"/>
      </object_component>
[...]
      </symbol>
      <symbol id="sm-f">
         <name>__TI_prof_data_size</name>
         <value>0xffffffff</value>
      </symbol>
      <symbol id="sm-83">
         <name>myQueue</name>
         <value>0x20004a78</value>
      </symbol>
      <symbol id="sm-84">
         <name>hardware_setup</name>
         <value>0x220d</value>
         <object_component_ref idref="oc-ad"/>
      </symbol>
      <symbol id="sm-85">
         <name>main</name>
         <value>0x21b7</value>
         <object_component_ref idref="oc-ad"/>
      </symbol>
      <symbol id="sm-86">
         <name>INT_Handler_Port_J</name>
         <value>0x217d</value>
         <object_component_ref idref="oc-ad"/>
      </symbol>
      <symbol id="sm-a7">
         <name>ResetISR</name>
         <value>0x2c9d</value>
         <object_component_ref idref="oc-27"/>
      </symbol>
      <symbol id="sm-a8">
         <name>g_pfnVectors</name>
         <value>0x0</value>
         <object_component_ref idref="oc-12"/>
      </symbol>
      <symbol id="sm-ee">
         <name>uxListRemove</name>
         <value>0x2609</value>
         <object_component_ref idref="oc-d5"/>
      </symbol>
      <symbol id="sm-ef">
         <name>vListInsert</name>
         <value>0x25a3</value>
         <object_component_ref idref="oc-d5"/>
      </symbol>
      <symbol id="sm-f0">
         <name>vListInitialiseItem</name>
         <value>0x2557</value>
         <object_component_ref idref="oc-d5"/>
      </symbol>
      <symbol id="sm-f1">
         <name>vListInsertEnd</name>
         <value>0x2567</value>
         <object_component_ref idref="oc-d5"/>
      </symbol>
      <symbol id="sm-f2">
         <name>vListInitialise</name>
         <value>0x2527</value>
         <object_component_ref idref="oc-d5"/>
      </symbol>
      <symbol id="sm-19f">
         <name>xQueuePeekFromISR</name>
         <value>0x1c73</value>
         <object_component_ref idref="oc-121"/>
      </symbol>
      <symbol id="sm-1a0">
         <name>xQueueIsQueueEmptyFromISR</name>
         <value>0x1f0f</value>
         <object_component_ref idref="oc-121"/>
      </symbol>
      <symbol id="sm-1a1">
         <name>xQueueGenericSendFromISR</name>
         <value>0x1715</value>
         <object_component_ref idref="oc-121"/>
      </symbol>
      <symbol id="sm-1a2">
         <name>uxQueueMessagesWaiting</name>
         <value>0x1cc5</value>
         <object_component_ref idref="oc-121"/>
      </symbol>
      <symbol id="sm-1a3">
         <name>xQueueIsQueueFullFromISR</name>
         <value>0x1f55</value>
         <object_component_ref idref="oc-121"/>
      </symbol>
      <symbol id="sm-1a4">
         <name>xQueueGenericCreate</name>
         <value>0x1505</value>
         <object_component_ref idref="oc-121"/>
      </symbol>
      <symbol id="sm-1a5">
         <name>xQueueCreateMutex</name>
         <value>0x15b9</value>
         <object_component_ref idref="oc-121"/>
      </symbol>
      <symbol id="sm-1a6">
         <name>xQueueGenericSend</name>
         <value>0x15e5</value>
         <object_component_ref idref="oc-121"/>
      </symbol>
      <symbol id="sm-1a7">
         <name>xQueueGenericReset</name>
         <value>0x1465</value>
         <object_component_ref idref="oc-121"/>
      </symbol>
      <symbol id="sm-1a8">
         <name>xQueueReceiveFromISR</name>
         <value>0x1bd9</value>
         <object_component_ref idref="oc-121"/>
      </symbol>
      <symbol id="sm-1a9">
         <name>uxQueueSpacesAvailable</name>
         <value>0x1cdb</value>
         <object_component_ref idref="oc-121"/>
      </symbol>
      <symbol id="sm-1aa">
         <name>xQueueSemaphoreTake</name>
         <value>0x195d</value>
         <object_component_ref idref="oc-121"/>
      </symbol>
      <symbol id="sm-1ab">
         <name>xQueueGiveFromISR</name>
         <value>0x17b1</value>
         <object_component_ref idref="oc-121"/>
      </symbol>
      <symbol id="sm-1ac">
         <name>uxQueueMessagesWaitingFromISR</name>
         <value>0x1cfb</value>
         <object_component_ref idref="oc-121"/>
      </symbol>
      <symbol id="sm-1ad">
         <name>vQueueDelete</name>
         <value>0x1d11</value>
         <object_component_ref idref="oc-121"/>
      </symbol>
      <symbol id="sm-1ae">
         <name>xQueuePeek</name>
         <value>0x1ab7</value>
         <object_component_ref idref="oc-121"/>
      </symbol>
      <symbol id="sm-1af">
         <name>xQueueReceive</name>
         <value>0x1845</value>
         <object_component_ref idref="oc-121"/>
      </symbol>
      <symbol id="sm-32f">
         <name>vTaskDelay</name>
         <value>0x47f</value>
         <object_component_ref idref="oc-79"/>
      </symbol>
      <symbol id="sm-330">
         <name>vTaskSuspendAll</name>
         <value>0x745</value>
         <object_component_ref idref="oc-79"/>
      </symbol>
      <symbol id="sm-331">
         <name>vTaskPlaceOnEventList</name>
         <value>0xa2d</value>
         <object_component_ref idref="oc-79"/>
      </symbol>
      <symbol id="sm-332">
         <name>ulTaskNotifyTake</name>
         <value>0xfa9</value>
         <object_component_ref idref="oc-79"/>
      </symbol>
      <symbol id="sm-333">
         <name>pcTaskGetName</name>
         <value>0x863</value>
         <object_component_ref idref="oc-79"/>
      </symbol>
      <symbol id="sm-334">
         <name>xTaskCheckForTimeOut</name>
         <value>0xba9</value>
         <object_component_ref idref="oc-79"/>
      </symbol>
      <symbol id="sm-335">
         <name>vTaskRemoveFromUnorderedEventList</name>
         <value>0xaf9</value>
         <object_component_ref idref="oc-79"/>
      </symbol>
      <symbol id="sm-336">
         <name>xTaskPriorityDisinherit</name>
         <value>0xddd</value>
         <object_component_ref idref="oc-79"/>
      </symbol>
      <symbol id="sm-337">
         <name>vTaskStartScheduler</name>
         <value>0x6df</value>
         <object_component_ref idref="oc-79"/>
      </symbol>
      <symbol id="sm-338">
         <name>vTaskInternalSetTimeOutState</name>
         <value>0xb85</value>
         <object_component_ref idref="oc-79"/>
      </symbol>
      <symbol id="sm-339">
         <name>xTaskNotifyStateClear</name>
         <value>0x1369</value>
         <object_component_ref idref="oc-79"/>
      </symbol>
      <symbol id="sm-33a">
         <name>pvTaskIncrementMutexHeldCount</name>
         <value>0xf91</value>
         <object_component_ref idref="oc-79"/>
      </symbol>
      <symbol id="sm-33b">
         <name>xTaskGenericNotify</name>
         <value>0x10c5</value>
         <object_component_ref idref="oc-79"/>
      </symbol>
      <symbol id="sm-33c">
         <name>vTaskPriorityDisinheritAfterTimeout</name>
         <value>0xe95</value>
         <object_component_ref idref="oc-79"/>
      </symbol>
      <symbol id="sm-33d">
         <name>xTaskCreate</name>
         <value>0x201</value>
         <object_component_ref idref="oc-79"/>
      </symbol>
      <symbol id="sm-33e">
         <name>vTaskDelayUntil</name>
         <value>0x3ef</value>
         <object_component_ref idref="oc-79"/>
      </symbol>
      <symbol id="sm-33f">
         <name>vTaskEndScheduler</name>
         <value>0x729</value>
         <object_component_ref idref="oc-79"/>
      </symbol>
      <symbol id="sm-340">
         <name>xTaskNotifyWait</name>
         <value>0x1025</value>
         <object_component_ref idref="oc-79"/>
      </symbol>
      <symbol id="sm-341">
         <name>vTaskMissedYield</name>
         <value>0xc27</value>
         <object_component_ref idref="oc-79"/>
      </symbol>
      <symbol id="sm-342">
         <name>uxTaskGetNumberOfTasks</name>
         <value>0x85d</value>
         <object_component_ref idref="oc-79"/>
      </symbol>
      <symbol id="sm-343">
         <name>xTaskGenericNotifyFromISR</name>
         <value>0x11b5</value>
         <object_component_ref idref="oc-79"/>
      </symbol>
      <symbol id="sm-344">
         <name>xTaskResumeAll</name>
         <value>0x755</value>
         <object_component_ref idref="oc-79"/>
      </symbol>
      <symbol id="sm-345">
         <name>xTaskGetTickCount</name>
         <value>0x833</value>
         <object_component_ref idref="oc-79"/>
      </symbol>
      <symbol id="sm-346">
         <name>pxCurrentTCB</name>
         <value>0x20004a7c</value>
         <object_component_ref idref="oc-73"/>
      </symbol>
      <symbol id="sm-347">
         <name>vTaskNotifyGiveFromISR</name>
         <value>0x12bd</value>
         <object_component_ref idref="oc-79"/>
      </symbol>
      <symbol id="sm-348">
         <name>vTaskSuspend</name>
         <value>0x4b5</value>
         <object_component_ref idref="oc-79"/>
      </symbol>
      <symbol id="sm-349">
         <name>xTaskGetTickCountFromISR</name>
         <value>0x849</value>
         <object_component_ref idref="oc-79"/>
      </symbol>
      <symbol id="sm-34a">
         <name>vTaskResume</name>
         <value>0x5cd</value>
         <object_component_ref idref="oc-79"/>
      </symbol>
      <symbol id="sm-34b">
         <name>vTaskSetTimeOutState</name>
         <value>0xb5b</value>
         <object_component_ref idref="oc-79"/>
      </symbol>
      <symbol id="sm-34c">
         <name>xTaskIncrementTick</name>
         <value>0x895</value>
         <object_component_ref idref="oc-79"/>
      </symbol>
      <symbol id="sm-34d">
         <name>vTaskSwitchContext</name>
         <value>0x9c5</value>
         <object_component_ref idref="oc-79"/>
      </symbol>
      <symbol id="sm-34e">
         <name>uxTaskResetEventItemValue</name>
         <value>0xf69</value>
         <object_component_ref idref="oc-79"/>
      </symbol>
      <symbol id="sm-34f">
         <name>xTaskResumeFromISR</name>
         <value>0x659</value>
         <object_component_ref idref="oc-79"/>
      </symbol>
      <symbol id="sm-350">
         <name>xTaskGetCurrentTaskHandle</name>
         <value>0xce1</value>
         <object_component_ref idref="oc-79"/>
      </symbol>
      <symbol id="sm-351">
         <name>vTaskPlaceOnUnorderedEventList</name>
         <value>0xa4d</value>
         <object_component_ref idref="oc-79"/>
      </symbol>
      <symbol id="sm-352">
         <name>xTaskRemoveFromEventList</name>
         <value>0xa81</value>
         <object_component_ref idref="oc-79"/>
      </symbol>
      <symbol id="sm-353">
         <name>xTaskPriorityInherit</name>
         <value>0xcf9</value>
         <object_component_ref idref="oc-79"/>
      </symbol>
      <symbol id="sm-384">
         <name>ulMaxSyscallInterruptPriority</name>
         <value>0x30c4</value>
         <object_component_ref idref="oc-76"/>
      </symbol>
      <symbol id="sm-385">
         <name>vPortSetupTimerInterrupt</name>
         <value>0x23b7</value>
         <object_component_ref idref="oc-db"/>
      </symbol>
      <symbol id="sm-386">
         <name>vPortEndScheduler</name>
         <value>0x2359</value>
         <object_component_ref idref="oc-db"/>
      </symbol>
      <symbol id="sm-387">
         <name>xPortSysTickHandler</name>
         <value>0x2391</value>
         <object_component_ref idref="oc-db"/>
      </symbol>
      <symbol id="sm-388">
         <name>pxPortInitialiseStack</name>
         <value>0x22b9</value>
         <object_component_ref idref="oc-db"/>
      </symbol>
      <symbol id="sm-389">
         <name>vPortExitCritical</name>
         <value>0x237b</value>
         <object_component_ref idref="oc-db"/>
      </symbol>
      <symbol id="sm-38a">
         <name>xPortStartScheduler</name>
         <value>0x2323</value>
         <object_component_ref idref="oc-db"/>
      </symbol>
      <symbol id="sm-38b">
         <name>vPortEnterCritical</name>
         <value>0x235b</value>
         <object_component_ref idref="oc-db"/>
      </symbol>
      <symbol id="sm-39a">
         <name>vPortStartFirstTask</name>
         <value>0x26f9</value>
         <object_component_ref idref="oc-2d"/>
      </symbol>
      <symbol id="sm-39b">
         <name>ulPortGetIPSR</name>
         <value>0x2661</value>
         <object_component_ref idref="oc-2d"/>
      </symbol>
      <symbol id="sm-39c">
         <name>vPortEnableVFP</name>
         <value>0x271d</value>
         <object_component_ref idref="oc-2d"/>
      </symbol>
      <symbol id="sm-39d">
         <name>xPortPendSVHandler</name>
         <value>0x2679</value>
         <object_component_ref idref="oc-2d"/>
      </symbol>
      <symbol id="sm-39e">
         <name>vPortSVCHandler</name>
         <value>0x26d9</value>
         <object_component_ref idref="oc-2d"/>
      </symbol>
      <symbol id="sm-3c4">
         <name>vPortInitialiseBlocks</name>
         <value>0x27a7</value>
         <object_component_ref idref="oc-cf"/>
      </symbol>
      <symbol id="sm-3c5">
         <name>xPortGetFreeHeapSize</name>
         <value>0x27af</value>
         <object_component_ref idref="oc-cf"/>
      </symbol>
      <symbol id="sm-3c6">
         <name>pvPortMalloc</name>
         <value>0x272d</value>
         <object_component_ref idref="oc-cf"/>
      </symbol>
      <symbol id="sm-3c7">
         <name>vPortFree</name>
         <value>0x279d</value>
         <object_component_ref idref="oc-cf"/>
      </symbol>
      <symbol id="sm-3e2">
         <name>memcpy</name>
         <value>0x27c9</value>
         <object_component_ref idref="oc-40"/>
      </symbol>
      <symbol id="sm-3e3">
         <name>__aeabi_memcpy</name>
         <value>0x27c9</value>
         <object_component_ref idref="oc-40"/>
      </symbol>
      <symbol id="sm-3e4">
         <name>__aeabi_memcpy8</name>
         <value>0x27c9</value>
         <object_component_ref idref="oc-40"/>
      </symbol>
      <symbol id="sm-3e5">
         <name>__aeabi_memcpy4</name>
         <value>0x27c9</value>
         <object_component_ref idref="oc-40"/>
      </symbol>
      <symbol id="sm-3f4">
         <name>__aeabi_memset</name>
         <value>0x2867</value>
         <object_component_ref idref="oc-a1"/>
      </symbol>
      <symbol id="sm-3f5">
         <name>memset</name>
         <value>0x286d</value>
         <object_component_ref idref="oc-a1"/>
      </symbol>
      <symbol id="sm-3f6">
         <name>__aeabi_memset8</name>
         <value>0x2867</value>
         <object_component_ref idref="oc-a1"/>
      </symbol>
      <symbol id="sm-3f7">
         <name>__aeabi_memset4</name>
         <value>0x2867</value>
         <object_component_ref idref="oc-a1"/>
      </symbol>
      <symbol id="sm-3f8">
         <name>__aeabi_memclr8</name>
         <value>0x2865</value>
         <object_component_ref idref="oc-a1"/>
      </symbol>
      <symbol id="sm-3f9">
         <name>__aeabi_memclr4</name>
         <value>0x2865</value>
         <object_component_ref idref="oc-a1"/>
      </symbol>
      <symbol id="sm-3fa">
         <name>__aeabi_memclr</name>
         <value>0x2865</value>
         <object_component_ref idref="oc-a1"/>
      </symbol>
      <symbol id="sm-40c">
         <name>__TI_zero_init</name>
         <value>0x2c91</value>
         <object_component_ref idref="oc-52"/>
      </symbol>
      <symbol id="sm-423">
         <name>__TI_decompress_none</name>
         <value>0x2c6b</value>
         <object_component_ref idref="oc-1b"/>
      </symbol>
      <symbol id="sm-446">
         <name>__TI_decompress_lzss</name>
         <value>0x2949</value>
         <object_component_ref idref="oc-15"/>
      </symbol>
      <symbol id="sm-459">
         <name>__stack</name>
         <value>0x20000270</value>
         <object_component_ref idref="oc-24"/>
      </symbol>
      <symbol id="sm-45a">
         <name>_c_int00_noargs</name>
         <value>0x2b79</value>
         <object_component_ref idref="oc-5e"/>
      </symbol>
      <symbol id="sm-482">
         <name>__TI_auto_init_nobinit_nopinit</name>
         <value>0x2a95</value>
         <object_component_ref idref="oc-183"/>
      </symbol>
      <symbol id="sm-48c">
         <name>_system_pre_init</name>
         <value>0x2cbb</value>
         <object_component_ref idref="oc-a7"/>
      </symbol>
      <symbol id="sm-498">
         <name>C$$EXIT</name>
         <value>0x2cbf</value>
         <object_component_ref idref="oc-177"/>
      </symbol>
      <symbol id="sm-499">
         <name>abort</name>
         <value>0x2cbf</value>
         <object_component_ref idref="oc-177"/>
      </symbol>
      <symbol id="sm-525">
         <name>GPIOIntRegister</name>
         <value>0x2c15</value>
         <object_component_ref idref="oc-157"/>
      </symbol>
      <symbol id="sm-526">
         <name>GPIOIntEnable</name>
         <value>0x2c85</value>
         <object_component_ref idref="oc-15d"/>
      </symbol>
      <symbol id="sm-527">
         <name>GPIOIntTypeSet</name>
         <value>0x29b1</value>
         <object_component_ref idref="oc-151"/>
      </symbol>
      <symbol id="sm-528">
         <name>GPIOPinTypeGPIOInput</name>
         <value>0x2c45</value>
         <object_component_ref idref="oc-145"/>
      </symbol>
      <symbol id="sm-529">
         <name>GPIOIntClear</name>
         <value>0x2ca9</value>
         <object_component_ref idref="oc-115"/>
      </symbol>
      <symbol id="sm-52a">
         <name>GPIOPinTypeGPIOOutput</name>
         <value>0x2c2d</value>
         <object_component_ref idref="oc-13f"/>
      </symbol>
      <symbol id="sm-52b">
         <name>GPIOPinRead</name>
         <value>0x2caf</value>
         <object_component_ref idref="oc-11b"/>
      </symbol>
      <symbol id="sm-52c">
         <name>GPIODirModeSet</name>
         <value>0x2bad</value>
         <object_component_ref idref="oc-235"/>
      </symbol>
      <symbol id="sm-52d">
         <name>GPIOPinWrite</name>
         <value>0x2cb5</value>
         <object_component_ref idref="oc-127"/>
      </symbol>
      <symbol id="sm-52e">
         <name>GPIOPadConfigSet</name>
         <value>0x23f5</value>
         <object_component_ref idref="oc-14b"/>
      </symbol>
      <symbol id="sm-568">
         <name>IntEnable</name>
         <value>0x28e1</value>
         <object_component_ref idref="oc-163"/>
      </symbol>
      <symbol id="sm-569">
         <name>IntRegister</name>
         <value>0x2b11</value>
         <object_component_ref idref="oc-245"/>
      </symbol>
      <symbol id="sm-56a">
         <name>g_pfnRAMVectors</name>
         <value>0x20000000</value>
         <object_component_ref idref="oc-2b8"/>
      </symbol>
      <symbol id="sm-56b">
         <name>IntMasterEnable</name>
         <value>0x2c5b</value>
         <object_component_ref idref="oc-16f"/>
      </symbol>
      <symbol id="sm-5e4">
         <name>SysCtlPeripheralEnable</name>
         <value>0x2b45</value>
         <object_component_ref idref="oc-133"/>
      </symbol>
      <symbol id="sm-5e5">
         <name>SysCtlPeripheralReady</name>
         <value>0x2ad9</value>
         <object_component_ref idref="oc-139"/>
      </symbol>
      <symbol id="sm-5e6">
         <name>SysCtlClockFreqSet</name>
         <value>0x1f7d</value>
         <object_component_ref idref="oc-12d"/>
      </symbol>
      <symbol id="sm-5f5">
         <name>SysTickIntRegister</name>
         <value>0x2bf9</value>
         <object_component_ref idref="oc-169"/>
      </symbol>
      <symbol id="sm-5ff">
         <name>CPUcpsie</name>
         <value>0x2c79</value>
         <object_component_ref idref="oc-254"/>
      </symbol>
      <symbol id="sm-600">
         <name>__TI_static_base__</name>
         <value>0x0</value>
      </symbol>
      <symbol id="sm-603">
         <name>__mpu_init</name>
         <value>0x0</value>
      </symbol>
      <symbol id="sm-604">
         <name>_system_post_cinit</name>
         <value>0x0</value>
      </symbol>
   </symbol_table>
   <title>Link successful</title>
</link_info>
