<?xml version="1.0" encoding="ISO-8859-1" ?>
<link_info>
   <banner>TI ARM Linker Unix v20.2.0.LTS</banner>
   <copyright>Copyright (c) 1996-2018 Texas Instruments Incorporated</copyright>
   <link_time>0x5ea278cf</link_time>
   <link_errors>0x0</link_errors>
   <output_file>FreeRTOS_UART_Queues.out</output_file>
   <entry_point>
      <name>_c_int00_noargs</name>
      <address>0x3a7d</address>
   </entry_point>
   <input_file_list>
      <input_file id="fl-2">
         <path>./</path>
         <kind>object</kind>
         <file>main_free_uart_queues.obj</file>
         <name>main_free_uart_queues.obj</name>
      </input_file>
      <input_file id="fl-3">
         <path>./</path>
         <kind>object</kind>
         <file>startup_ccs.obj</file>
         <name>startup_ccs.obj</name>
      </input_file>
      <input_file id="fl-4">
         <path>./hal/nvic/src/</path>
         <kind>object</kind>
         <file>cpu.obj</file>
         <name>cpu.obj</name>
      </input_file>
      <input_file id="fl-5">
         <path>./hal/nvic/src/</path>
         <kind>object</kind>
         <file>interrupt.obj</file>
         <name>interrupt.obj</name>
      </input_file>
      <input_file id="fl-6">
         <path>./hal/nvic/src/</path>
         <kind>object</kind>
         <file>nvic.obj</file>
         <name>nvic.obj</name>
      </input_file>
      <input_file id="fl-7">
         <path>./hal/uart/src/</path>
         <kind>object</kind>
         <file>uart.obj</file>
         <name>uart.obj</name>
      </input_file>
      <input_file id="fl-8">
         <path>./rtos/FreeRTOS/source/</path>
         <kind>object</kind>
         <file>croutine.obj</file>
         <name>croutine.obj</name>
      </input_file>
      <input_file id="fl-9">
         <path>./rtos/FreeRTOS/source/</path>
         <kind>object</kind>
         <file>event_groups.obj</file>
         <name>event_groups.obj</name>
      </input_file>
      <input_file id="fl-a">
         <path>./rtos/FreeRTOS/source/</path>
         <kind>object</kind>
         <file>list.obj</file>
         <name>list.obj</name>
      </input_file>
      <input_file id="fl-b">
         <path>./rtos/FreeRTOS/source/</path>
         <kind>object</kind>
         <file>queue.obj</file>
         <name>queue.obj</name>
      </input_file>
      <input_file id="fl-c">
         <path>./rtos/FreeRTOS/source/</path>
         <kind>object</kind>
         <file>stream_buffer.obj</file>
         <name>stream_buffer.obj</name>
      </input_file>
      <input_file id="fl-d">
         <path>./rtos/FreeRTOS/source/</path>
         <kind>object</kind>
         <file>tasks.obj</file>
         <name>tasks.obj</name>
      </input_file>
      <input_file id="fl-e">
         <path>./rtos/FreeRTOS/source/</path>
         <kind>object</kind>
         <file>timers.obj</file>
         <name>timers.obj</name>
      </input_file>
      <input_file id="fl-f">
         <path>./rtos/FreeRTOS/source/portable/CCS/ARM_CM4F/</path>
         <kind>object</kind>
         <file>port.obj</file>
         <name>port.obj</name>
      </input_file>
      <input_file id="fl-10">
         <path>./rtos/FreeRTOS/source/portable/CCS/ARM_CM4F/</path>
         <kind>object</kind>
         <file>portasm.obj</file>
         <name>portasm.obj</name>
      </input_file>
      <input_file id="fl-11">
         <path>./rtos/FreeRTOS/source/portable/MemMang/</path>
         <kind>object</kind>
         <file>heap_1.obj</file>
         <name>heap_1.obj</name>
      </input_file>
      <input_file id="fl-12">
         <path>./utils/circularBuffer/src/</path>
         <kind>object</kind>
         <file>circularBuffer.obj</file>
         <name>circularBuffer.obj</name>
      </input_file>
      <input_file id="fl-17">
         <kind>object</kind>
         <file>&lt;internal&gt;</file>
         <name>&lt;internal&gt;</name>
      </input_file>
      <input_file id="fl-cd">
         <path>/home/ole/CodeComposerStudio10/ccs/tools/compiler/ti-cgt-arm_20.2.0.LTS/lib/</path>
         <kind>archive</kind>
         <file>rtsv7M4_T_le_v4SPD16_eabi.lib</file>
         <name>memcpy_t2.asm.obj</name>
      </input_file>
      <input_file id="fl-ce">
         <path>/home/ole/CodeComposerStudio10/ccs/tools/compiler/ti-cgt-arm_20.2.0.LTS/lib/</path>
         <kind>archive</kind>
         <file>rtsv7M4_T_le_v4SPD16_eabi.lib</file>
         <name>memset_t2.asm.obj</name>
      </input_file>
      <input_file id="fl-cf">
         <path>/home/ole/CodeComposerStudio10/ccs/tools/compiler/ti-cgt-arm_20.2.0.LTS/lib/</path>
         <kind>archive</kind>
         <file>rtsv7M4_T_le_v4SPD16_eabi.lib</file>
         <name>copy_zero_init.c.obj</name>
      </input_file>
      <input_file id="fl-d0">
         <path>/home/ole/CodeComposerStudio10/ccs/tools/compiler/ti-cgt-arm_20.2.0.LTS/lib/</path>
         <kind>archive</kind>
         <file>rtsv7M4_T_le_v4SPD16_eabi.lib</file>
         <name>copy_decompress_none.c.obj</name>
      </input_file>
      <input_file id="fl-d1">
         <path>/home/ole/CodeComposerStudio10/ccs/tools/compiler/ti-cgt-arm_20.2.0.LTS/lib/</path>
         <kind>archive</kind>
         <file>rtsv7M4_T_le_v4SPD16_eabi.lib</file>
         <name>copy_decompress_lzss.c.obj</name>
      </input_file>
      <input_file id="fl-d2">
         <path>/home/ole/CodeComposerStudio10/ccs/tools/compiler/ti-cgt-arm_20.2.0.LTS/lib/</path>
         <kind>archive</kind>
         <file>rtsv7M4_T_le_v4SPD16_eabi.lib</file>
         <name>strcpy.c.obj</name>
      </input_file>
      <input_file id="fl-d3">
         <path>/home/ole/CodeComposerStudio10/ccs/tools/compiler/ti-cgt-arm_20.2.0.LTS/lib/</path>
         <kind>archive</kind>
         <file>rtsv7M4_T_le_v4SPD16_eabi.lib</file>
         <name>strlen.c.obj</name>
      </input_file>
      <input_file id="fl-d4">
         <path>/home/ole/CodeComposerStudio10/ccs/tools/compiler/ti-cgt-arm_20.2.0.LTS/lib/</path>
         <kind>archive</kind>
         <file>rtsv7M4_T_le_v4SPD16_eabi.lib</file>
         <name>boot_cortex_m.c.obj</name>
      </input_file>
      <input_file id="fl-d5">
         <path>/home/ole/CodeComposerStudio10/ccs/tools/compiler/ti-cgt-arm_20.2.0.LTS/lib/</path>
         <kind>archive</kind>
         <file>rtsv7M4_T_le_v4SPD16_eabi.lib</file>
         <name>autoinit.c.obj</name>
      </input_file>
      <input_file id="fl-d6">
         <path>/home/ole/CodeComposerStudio10/ccs/tools/compiler/ti-cgt-arm_20.2.0.LTS/lib/</path>
         <kind>archive</kind>
         <file>rtsv7M4_T_le_v4SPD16_eabi.lib</file>
         <name>pre_init.c.obj</name>
      </input_file>
      <input_file id="fl-d7">
         <path>/home/ole/CodeComposerStudio10/ccs/tools/compiler/ti-cgt-arm_20.2.0.LTS/lib/</path>
         <kind>archive</kind>
         <file>rtsv7M4_T_le_v4SPD16_eabi.lib</file>
         <name>cpy_tbl.c.obj</name>
      </input_file>
      <input_file id="fl-d8">
         <path>/home/ole/CodeComposerStudio10/ccs/tools/compiler/ti-cgt-arm_20.2.0.LTS/lib/</path>
         <kind>archive</kind>
         <file>rtsv7M4_T_le_v4SPD16_eabi.lib</file>
         <name>exit.c.obj</name>
      </input_file>
      <input_file id="fl-d9">
         <path>/home/ole/CodeComposerStudio10/ccs/tools/compiler/ti-cgt-arm_20.2.0.LTS/lib/</path>
         <kind>archive</kind>
         <file>rtsv7M4_T_le_v4SPD16_eabi.lib</file>
         <name>_lock.c.obj</name>
      </input_file>
      <input_file id="fl-da">
         <path>/home/ole/CodeComposerStudio10/ccs/tools/compiler/ti-cgt-arm_20.2.0.LTS/lib/</path>
         <kind>archive</kind>
         <file>rtsv7M4_T_le_v4SPD16_eabi.lib</file>
         <name>args_main.c.obj</name>
      </input_file>
      <input_file id="fl-db">
         <path>/home/ole/CodeComposerStudio10/TivaWare_C_Series-2.1.4.178/driverlib/ccs/Debug/</path>
         <kind>archive</kind>
         <file>driverlib.lib</file>
         <name>gpio.obj</name>
      </input_file>
      <input_file id="fl-dc">
         <path>/home/ole/CodeComposerStudio10/TivaWare_C_Series-2.1.4.178/driverlib/ccs/Debug/</path>
         <kind>archive</kind>
         <file>driverlib.lib</file>
         <name>sysctl.obj</name>
      </input_file>
   </input_file_list>
   <object_component_list>
      <object_component id="oc-12">
         <name>.intvecs</name>
         <load_address>0x0</load_address>
         <run_address>0x0</run_address>
         <size>0x200</size>
         <input_file_ref idref="fl-3"/>
      </object_component>
      <object_component id="oc-85">
         <name>.text</name>
         <load_address>0x200</load_address>
         <run_address>0x200</run_address>
         <size>0xfe0</size>
         <input_file_ref idref="fl-d"/>
      </object_component>
      <object_component id="oc-a1">
         <name>.text</name>
         <load_address>0x11e0</load_address>
         <run_address>0x11e0</run_address>
         <size>0xc10</size>
         <input_file_ref idref="fl-7"/>
      </object_component>
      <object_component id="oc-a7">
         <name>.text</name>
         <load_address>0x1df0</load_address>
         <run_address>0x1df0</run_address>
         <size>0xb16</size>
         <input_file_ref idref="fl-b"/>
      </object_component>
      <object_component id="oc-e9">
         <name>.text</name>
         <load_address>0x2908</load_address>
         <run_address>0x2908</run_address>
         <size>0x3c0</size>
         <input_file_ref idref="fl-5"/>
      </object_component>
      <object_component id="oc-38">
         <name>.text</name>
         <load_address>0x2cc8</load_address>
         <run_address>0x2cc8</run_address>
         <size>0x2dc</size>
         <input_file_ref idref="fl-2"/>
      </object_component>
      <object_component id="oc-198">
         <name>.text</name>
         <load_address>0x2fa4</load_address>
         <run_address>0x2fa4</run_address>
         <size>0x1c4</size>
         <input_file_ref idref="fl-12"/>
      </object_component>
      <object_component id="oc-192">
         <name>.text</name>
         <load_address>0x3168</load_address>
         <run_address>0x3168</run_address>
         <size>0x13c</size>
         <input_file_ref idref="fl-6"/>
      </object_component>
      <object_component id="oc-32">
         <name>.text</name>
         <load_address>0x32a4</load_address>
         <run_address>0x32a4</run_address>
         <size>0x13c</size>
         <input_file_ref idref="fl-f"/>
      </object_component>
      <object_component id="oc-d7">
         <name>.text:GPIOPadConfigSet</name>
         <load_address>0x33e0</load_address>
         <run_address>0x33e0</run_address>
         <size>0x132</size>
         <input_file_ref idref="fl-db"/>
      </object_component>
      <object_component id="oc-157">
         <name>.text</name>
         <load_address>0x3512</load_address>
         <run_address>0x3512</run_address>
         <size>0x12a</size>
         <input_file_ref idref="fl-a"/>
      </object_component>
      <object_component id="oc-2d">
         <name>.text</name>
         <load_address>0x363c</load_address>
         <run_address>0x363c</run_address>
         <size>0xda</size>
         <input_file_ref idref="fl-10"/>
      </object_component>
      <object_component id="oc-151">
         <name>.text</name>
         <load_address>0x3718</load_address>
         <run_address>0x3718</run_address>
         <size>0x9c</size>
         <input_file_ref idref="fl-11"/>
      </object_component>
      <object_component id="oc-4c">
         <name>.text</name>
         <load_address>0x37b4</load_address>
         <run_address>0x37b4</run_address>
         <size>0x9c</size>
         <input_file_ref idref="fl-cd"/>
      </object_component>
      <object_component id="oc-12f">
         <name>.text</name>
         <load_address>0x3850</load_address>
         <run_address>0x3850</run_address>
         <size>0x7a</size>
         <input_file_ref idref="fl-ce"/>
      </object_component>
      <object_component id="oc-15">
         <name>.text:decompress:lzss:__TI_decompress_lzss</name>
         <load_address>0x38ca</load_address>
         <run_address>0x38ca</run_address>
         <size>0x68</size>
         <input_file_ref idref="fl-d1"/>
      </object_component>
      <object_component id="oc-dd">
         <name>.text:GPIOIntTypeSet</name>
         <load_address>0x3932</load_address>
         <run_address>0x3932</run_address>
         <size>0x58</size>
         <input_file_ref idref="fl-db"/>
      </object_component>
      <object_component id="oc-236">
         <name>.text:__TI_auto_init_nobinit_nopinit:__TI_auto_init_nobinit_nopinit</name>
         <load_address>0x398c</load_address>
         <run_address>0x398c</run_address>
         <size>0x44</size>
         <input_file_ref idref="fl-d5"/>
      </object_component>
      <object_component id="oc-1e4">
         <name>.text</name>
         <load_address>0x39d0</load_address>
         <run_address>0x39d0</run_address>
         <size>0x3e</size>
         <input_file_ref idref="fl-4"/>
      </object_component>
      <object_component id="oc-c5">
         <name>.text:SysCtlPeripheralReady</name>
         <load_address>0x3a10</load_address>
         <run_address>0x3a10</run_address>
         <size>0x38</size>
         <input_file_ref idref="fl-dc"/>
      </object_component>
      <object_component id="oc-bf">
         <name>.text:SysCtlPeripheralEnable</name>
         <load_address>0x3a48</load_address>
         <run_address>0x3a48</run_address>
         <size>0x34</size>
         <input_file_ref idref="fl-dc"/>
      </object_component>
      <object_component id="oc-6a">
         <name>.text:_c_int00_noargs:_c_int00_noargs</name>
         <load_address>0x3a7c</load_address>
         <run_address>0x3a7c</run_address>
         <size>0x34</size>
         <input_file_ref idref="fl-d4"/>
      </object_component>
      <object_component id="oc-1d9">
         <name>.text:GPIODirModeSet</name>
         <load_address>0x3ab0</load_address>
         <run_address>0x3ab0</run_address>
         <size>0x2c</size>
         <input_file_ref idref="fl-db"/>
      </object_component>
      <object_component id="oc-cb">
         <name>.text:GPIOPinTypeGPIOOutput</name>
         <load_address>0x3adc</load_address>
         <run_address>0x3adc</run_address>
         <size>0x18</size>
         <input_file_ref idref="fl-db"/>
      </object_component>
      <object_component id="oc-d1">
         <name>.text:GPIOPinTypeGPIOInput</name>
         <load_address>0x3af4</load_address>
         <run_address>0x3af4</run_address>
         <size>0x16</size>
         <input_file_ref idref="fl-db"/>
      </object_component>
      <object_component id="oc-18c">
         <name>.text:strcpy</name>
         <load_address>0x3b0a</load_address>
         <run_address>0x3b0a</run_address>
         <size>0x14</size>
         <input_file_ref idref="fl-d2"/>
      </object_component>
      <object_component id="oc-ad">
         <name>.text:strlen</name>
         <load_address>0x3b1e</load_address>
         <run_address>0x3b1e</run_address>
         <size>0x14</size>
         <input_file_ref idref="fl-d3"/>
      </object_component>
      <object_component id="oc-1b">
         <name>.text:decompress:none:__TI_decompress_none</name>
         <load_address>0x3b32</load_address>
         <run_address>0x3b32</run_address>
         <size>0xe</size>
         <input_file_ref idref="fl-d0"/>
      </object_component>
      <object_component id="oc-e3">
         <name>.text:GPIOIntEnable</name>
         <load_address>0x3b40</load_address>
         <run_address>0x3b40</run_address>
         <size>0xc</size>
         <input_file_ref idref="fl-db"/>
      </object_component>
      <object_component id="oc-5e">
         <name>.text:decompress:ZI:__TI_zero_init</name>
         <load_address>0x3b4c</load_address>
         <run_address>0x3b4c</run_address>
         <size>0xc</size>
         <input_file_ref idref="fl-cf"/>
      </object_component>
      <object_component id="oc-27">
         <name>.text</name>
         <load_address>0x3b58</load_address>
         <run_address>0x3b58</run_address>
         <size>0xc</size>
         <input_file_ref idref="fl-3"/>
      </object_component>
      <object_component id="oc-9b">
         <name>.text:GPIOIntClear</name>
         <load_address>0x3b64</load_address>
         <run_address>0x3b64</run_address>
         <size>0x6</size>
         <input_file_ref idref="fl-db"/>
      </object_component>
      <object_component id="oc-b3">
         <name>.text:GPIOPinRead</name>
         <load_address>0x3b6a</load_address>
         <run_address>0x3b6a</run_address>
         <size>0x6</size>
         <input_file_ref idref="fl-db"/>
      </object_component>
      <object_component id="oc-b9">
         <name>.text:GPIOPinWrite</name>
         <load_address>0x3b70</load_address>
         <run_address>0x3b70</run_address>
         <size>0x6</size>
         <input_file_ref idref="fl-db"/>
      </object_component>
      <object_component id="oc-135">
         <name>.text:_system_pre_init</name>
         <load_address>0x3b76</load_address>
         <run_address>0x3b76</run_address>
         <size>0x4</size>
         <input_file_ref idref="fl-d6"/>
      </object_component>
      <object_component id="oc-22a">
         <name>.text:abort:abort</name>
         <load_address>0x3b7a</load_address>
         <run_address>0x3b7a</run_address>
         <size>0x4</size>
         <input_file_ref idref="fl-d8"/>
      </object_component>
      <object_component id="oc-1f0">
         <name>.const:g_pui32Regs</name>
         <load_address>0x3b80</load_address>
         <run_address>0x3b80</run_address>
         <size>0x9c</size>
         <input_file_ref idref="fl-5"/>
      </object_component>
      <object_component id="oc-1a7">
         <name>.const:halPortCoreStateClockModuleValueHolder_</name>
         <load_address>0x3c1c</load_address>
         <run_address>0x3c1c</run_address>
         <size>0x40</size>
         <input_file_ref idref="fl-7"/>
      </object_component>
      <object_component id="oc-1b0">
         <name>.const:halUartCoreStateClockModuleValueHolder_</name>
         <load_address>0x3c5c</load_address>
         <run_address>0x3c5c</run_address>
         <size>0x40</size>
         <input_file_ref idref="fl-7"/>
      </object_component>
      <object_component id="oc-1ed">
         <name>.const:g_pui32Priority</name>
         <load_address>0x3c9c</load_address>
         <run_address>0x3c9c</run_address>
         <size>0x20</size>
         <input_file_ref idref="fl-5"/>
      </object_component>
      <object_component id="oc-fb">
         <name>.const:.string:greetingMessage_</name>
         <load_address>0x3cbc</load_address>
         <run_address>0x3cbc</run_address>
         <size>0x1f</size>
         <input_file_ref idref="fl-2"/>
      </object_component>
      <object_component id="oc-1f6">
         <name>.const:g_pui32Dii16Regs</name>
         <load_address>0x3cdc</load_address>
         <run_address>0x3cdc</run_address>
         <size>0x14</size>
         <input_file_ref idref="fl-5"/>
      </object_component>
      <object_component id="oc-1f3">
         <name>.const:g_pui32EnRegs</name>
         <load_address>0x3cf0</load_address>
         <run_address>0x3cf0</run_address>
         <size>0x14</size>
         <input_file_ref idref="fl-5"/>
      </object_component>
      <object_component id="oc-1f9">
         <name>.const:g_pui32PendRegs</name>
         <load_address>0x3d04</load_address>
         <run_address>0x3d04</run_address>
         <size>0x14</size>
         <input_file_ref idref="fl-5"/>
      </object_component>
      <object_component id="oc-1fc">
         <name>.const:g_pui32UnpendRegs</name>
         <load_address>0x3d18</load_address>
         <run_address>0x3d18</run_address>
         <size>0x14</size>
         <input_file_ref idref="fl-5"/>
      </object_component>
      <object_component id="oc-82">
         <name>.const</name>
         <load_address>0x3d2c</load_address>
         <run_address>0x3d2c</run_address>
         <size>0x4</size>
         <input_file_ref idref="fl-f"/>
      </object_component>
      <object_component id="oc-3a6">
         <name>.cinit..data.load</name>
         <load_address>0x3d30</load_address>
         <run_address>0x3d30</run_address>
         <size>0x226</size>
      </object_component>
      <object_component id="oc-3a3">
         <name>__TI_handler_table</name>
         <load_address>0x3f58</load_address>
         <run_address>0x3f58</run_address>
         <size>0xc</size>
      </object_component>
      <object_component id="oc-3a7">
         <name>.cinit..bss.load</name>
         <load_address>0x3f68</load_address>
         <run_address>0x3f68</run_address>
         <size>0x8</size>
      </object_component>
      <object_component id="oc-3a5">
         <name>.cinit..vtable.load</name>
         <load_address>0x3f70</load_address>
         <run_address>0x3f70</run_address>
         <size>0x8</size>
      </object_component>
      <object_component id="oc-3a4">
         <name>__TI_cinit_table</name>
         <load_address>0x3f78</load_address>
         <run_address>0x3f78</run_address>
         <size>0x18</size>
      </object_component>
      <object_component id="oc-1ea">
         <name>.vtable</name>
         <uninitialized>true</uninitialized>
         <run_address>0x20000000</run_address>
         <size>0x26c</size>
         <input_file_ref idref="fl-5"/>
      </object_component>
      <object_component id="oc-29f">
         <name>.vtable</name>
         <uninitialized>true</uninitialized>
         <run_address>0x20000400</run_address>
         <size>0x204</size>
         <input_file_ref idref="fl-6"/>
      </object_component>
      <object_component id="oc-ef">
         <name>.data</name>
         <load_address>0x2000593c</load_address>
         <run_address>0x2000593c</run_address>
         <size>0xc</size>
         <input_file_ref idref="fl-2"/>
      </object_component>
      <object_component id="oc-29c">
         <name>.data</name>
         <load_address>0x20005950</load_address>
         <run_address>0x20005950</run_address>
         <size>0x4</size>
         <input_file_ref idref="fl-6"/>
      </object_component>
      <object_component id="oc-2a2">
         <name>.data:irqEnableRegisters</name>
         <load_address>0x2000592c</load_address>
         <run_address>0x2000592c</run_address>
         <size>0x10</size>
         <input_file_ref idref="fl-6"/>
      </object_component>
      <object_component id="oc-2a5">
         <name>.data:irqDisableRegisters</name>
         <load_address>0x2000591c</load_address>
         <run_address>0x2000591c</run_address>
         <size>0x10</size>
         <input_file_ref idref="fl-6"/>
      </object_component>
      <object_component id="oc-1ad">
         <name>.data:halPortCoreStatePointerValueHolder_</name>
         <load_address>0x20004ecc</load_address>
         <run_address>0x20004ecc</run_address>
         <size>0x800</size>
         <input_file_ref idref="fl-7"/>
      </object_component>
      <object_component id="oc-1aa">
         <name>.data:halPortCoreStatePointerHolder_</name>
         <load_address>0x2000586c</load_address>
         <run_address>0x2000586c</run_address>
         <size>0x80</size>
         <input_file_ref idref="fl-7"/>
      </object_component>
      <object_component id="oc-1b3">
         <name>.data:halUartCoreStatePointerHolder_</name>
         <load_address>0x200056cc</load_address>
         <run_address>0x200056cc</run_address>
         <size>0x1a0</size>
         <input_file_ref idref="fl-7"/>
      </object_component>
      <object_component id="oc-7f">
         <name>.data</name>
         <load_address>0x200058ec</load_address>
         <run_address>0x200058ec</run_address>
         <size>0x30</size>
         <input_file_ref idref="fl-d"/>
      </object_component>
      <object_component id="oc-8c">
         <name>.data</name>
         <load_address>0x20005954</load_address>
         <run_address>0x20005954</run_address>
         <size>0x4</size>
         <input_file_ref idref="fl-f"/>
      </object_component>
      <object_component id="oc-279">
         <name>.data</name>
         <load_address>0x20005948</load_address>
         <run_address>0x20005948</run_address>
         <size>0x8</size>
         <input_file_ref idref="fl-11"/>
      </object_component>
      <object_component id="oc-f2">
         <name>.bss:uartMemoryAreaTx_</name>
         <uninitialized>true</uninitialized>
         <run_address>0x20004e4c</run_address>
         <size>0x14</size>
         <input_file_ref idref="fl-2"/>
      </object_component>
      <object_component id="oc-f5">
         <name>.bss:uartMemoryAreaRx_</name>
         <uninitialized>true</uninitialized>
         <run_address>0x20004e38</run_address>
         <size>0x14</size>
         <input_file_ref idref="fl-2"/>
      </object_component>
      <object_component id="oc-19e">
         <name>.bss:forceTx_</name>
         <uninitialized>true</uninitialized>
         <run_address>0x20004eb4</run_address>
         <size>0x8</size>
         <input_file_ref idref="fl-7"/>
      </object_component>
      <object_component id="oc-1a1">
         <name>.bss:forceRx_</name>
         <uninitialized>true</uninitialized>
         <run_address>0x20004eac</run_address>
         <size>0x8</size>
         <input_file_ref idref="fl-7"/>
      </object_component>
      <object_component id="oc-15d">
         <name>.bss:pxReadyTasksLists</name>
         <uninitialized>true</uninitialized>
         <run_address>0x20004d18</run_address>
         <size>0xa0</size>
         <input_file_ref idref="fl-d"/>
      </object_component>
      <object_component id="oc-166">
         <name>.bss:xDelayedTaskList1</name>
         <uninitialized>true</uninitialized>
         <run_address>0x20004e60</run_address>
         <size>0x14</size>
         <input_file_ref idref="fl-d"/>
      </object_component>
      <object_component id="oc-169">
         <name>.bss:xDelayedTaskList2</name>
         <uninitialized>true</uninitialized>
         <run_address>0x20004e74</run_address>
         <size>0x14</size>
         <input_file_ref idref="fl-d"/>
      </object_component>
      <object_component id="oc-163">
         <name>.bss</name>
         <uninitialized>true</uninitialized>
         <run_address>0x20004ebc</run_address>
         <size>0x8</size>
         <input_file_ref idref="fl-d"/>
      </object_component>
      <object_component id="oc-160">
         <name>.bss:xPendingReadyList</name>
         <uninitialized>true</uninitialized>
         <run_address>0x20004e88</run_address>
         <size>0x14</size>
         <input_file_ref idref="fl-d"/>
      </object_component>
      <object_component id="oc-27c">
         <name>.bss:ucHeap</name>
         <uninitialized>true</uninitialized>
         <run_address>0x20002d18</run_address>
         <size>0x2000</size>
         <input_file_ref idref="fl-11"/>
      </object_component>
      <object_component id="oc-2aa">
         <name>.bss</name>
         <uninitialized>true</uninitialized>
         <run_address>0x20004ec4</run_address>
         <size>0x4</size>
         <input_file_ref idref="fl-12"/>
      </object_component>
      <object_component id="oc-2ad">
         <name>.bss:circularBufferStates</name>
         <uninitialized>true</uninitialized>
         <run_address>0x20004db8</run_address>
         <size>0x80</size>
         <input_file_ref idref="fl-12"/>
      </object_component>
      <object_component id="oc-f8">
         <name>.common:myMessageQueue</name>
         <uninitialized>true</uninitialized>
         <run_address>0x20004ec8</run_address>
         <size>0x4</size>
      </object_component>
      <object_component id="oc-1a4">
         <name>.common:uartCores</name>
         <uninitialized>true</uninitialized>
         <run_address>0x20004e9c</run_address>
         <size>0x10</size>
      </object_component>
      <object_component id="oc-24">
         <name>.stack</name>
         <uninitialized>true</uninitialized>
         <run_address>0x20000608</run_address>
         <size>0x4</size>
         <input_file_ref idref="fl-d4"/>
      </object_component>
      <object_component id="oc-3a9">
         <name>.stack</name>
         <uninitialized>true</uninitialized>
         <run_address>0x20000608</run_address>
         <size>0x0</size>
      </object_component>
      <object_component id="oc-f9">
         <name>.debug_info</name>
         <load_address>0x0</load_address>
         <run_address>0x0</run_address>
         <size>0xa48</size>
         <input_file_ref idref="fl-2"/>
      </object_component>
      <object_component id="oc-fc">
         <name>.debug_info</name>
         <load_address>0xa48</load_address>
         <run_address>0xa48</run_address>
         <size>0x115</size>
         <input_file_ref idref="fl-2"/>
      </object_component>
      <object_component id="oc-f3">
         <name>.debug_info</name>
         <load_address>0xb5d</load_address>
         <run_address>0xb5d</run_address>
         <size>0x117</size>
         <input_file_ref idref="fl-2"/>
      </object_component>
      <object_component id="oc-f6">
         <name>.debug_info</name>
         <load_address>0xc74</load_address>
         <run_address>0xc74</run_address>
         <size>0x117</size>
         <input_file_ref idref="fl-2"/>
      </object_component>
      <object_component id="oc-f0">
         <name>.debug_info</name>
         <load_address>0xd8b</load_address>
         <run_address>0xd8b</run_address>
         <size>0x177</size>
         <input_file_ref idref="fl-2"/>
      </object_component>
      <object_component id="oc-39">
         <name>.debug_info</name>
         <load_address>0xf02</load_address>
         <run_address>0xf02</run_address>
         <size>0x9b3</size>
         <input_file_ref idref="fl-2"/>
      </object_component>
      <object_component id="oc-176">
         <name>.debug_info</name>
         <load_address>0x18b5</load_address>
         <run_address>0x18b5</run_address>
         <size>0x315</size>
         <input_file_ref idref="fl-2"/>
      </object_component>
      <object_component id="oc-104">
         <name>.debug_info</name>
         <load_address>0x1bca</load_address>
         <run_address>0x1bca</run_address>
         <size>0xb7</size>
         <input_file_ref idref="fl-2"/>
      </object_component>
      <object_component id="oc-110">
         <name>.debug_info</name>
         <load_address>0x1c81</load_address>
         <run_address>0x1c81</run_address>
         <size>0x26b</size>
         <input_file_ref idref="fl-2"/>
      </object_component>
      <object_component id="oc-213">
         <name>.debug_info</name>
         <load_address>0x1eec</load_address>
         <run_address>0x1eec</run_address>
         <size>0x3e3</size>
         <input_file_ref idref="fl-2"/>
      </object_component>
      <object_component id="oc-2bd">
         <name>.debug_info</name>
         <load_address>0x22cf</load_address>
         <run_address>0x22cf</run_address>
         <size>0x82</size>
         <input_file_ref idref="fl-2"/>
      </object_component>
      <object_component id="oc-109">
         <name>.debug_info</name>
         <load_address>0x2351</load_address>
         <run_address>0x2351</run_address>
         <size>0x2a5</size>
         <input_file_ref idref="fl-2"/>
      </object_component>
      <object_component id="oc-209">
         <name>.debug_info</name>
         <load_address>0x25f6</load_address>
         <run_address>0x25f6</run_address>
         <size>0x4f</size>
         <input_file_ref idref="fl-2"/>
      </object_component>
      <object_component id="oc-ff">
         <name>.debug_info</name>
         <load_address>0x2645</load_address>
         <run_address>0x2645</run_address>
         <size>0x8b</size>
         <input_file_ref idref="fl-2"/>
      </object_component>
      <object_component id="oc-91">
         <name>.debug_info</name>
         <load_address>0x26d0</load_address>
         <run_address>0x26d0</run_address>
         <size>0x2c</size>
         <input_file_ref idref="fl-2"/>
      </object_component>
      <object_component id="oc-21a">
         <name>.debug_info</name>
         <load_address>0x26fc</load_address>
         <run_address>0x26fc</run_address>
         <size>0x2a4</size>
         <input_file_ref idref="fl-2"/>
      </object_component>
      <object_component id="oc-115">
         <name>.debug_info</name>
         <load_address>0x29a0</load_address>
         <run_address>0x29a0</run_address>
         <size>0xbb</size>
         <input_file_ref idref="fl-2"/>
      </object_component>
      <object_component id="oc-96">
         <name>.debug_info</name>
         <load_address>0x2a5b</load_address>
         <run_address>0x2a5b</run_address>
         <size>0x53</size>
         <input_file_ref idref="fl-2"/>
      </object_component>
      <object_component id="oc-20e">
         <name>.debug_info</name>
         <load_address>0x2aae</load_address>
         <run_address>0x2aae</run_address>
         <size>0xcc</size>
         <input_file_ref idref="fl-2"/>
      </object_component>
      <object_component id="oc-17b">
         <name>.debug_info</name>
         <load_address>0x2b7a</load_address>
         <run_address>0x2b7a</run_address>
         <size>0x14c</size>
         <input_file_ref idref="fl-2"/>
      </object_component>
      <object_component id="oc-40">
         <name>.debug_info</name>
         <load_address>0x2cc6</load_address>
         <run_address>0x2cc6</run_address>
         <size>0x371</size>
         <input_file_ref idref="fl-3"/>
      </object_component>
      <object_component id="oc-13">
         <name>.debug_info</name>
         <load_address>0x3037</load_address>
         <run_address>0x3037</run_address>
         <size>0x104</size>
         <input_file_ref idref="fl-3"/>
      </object_component>
      <object_component id="oc-28">
         <name>.debug_info</name>
         <load_address>0x313b</load_address>
         <run_address>0x313b</run_address>
         <size>0x213</size>
         <input_file_ref idref="fl-3"/>
      </object_component>
      <object_component id="oc-47">
         <name>.debug_info</name>
         <load_address>0x334e</load_address>
         <run_address>0x334e</run_address>
         <size>0x84</size>
         <input_file_ref idref="fl-3"/>
      </object_component>
      <object_component id="oc-1e5">
         <name>.debug_info</name>
         <load_address>0x33d2</load_address>
         <run_address>0x33d2</run_address>
         <size>0x684</size>
         <input_file_ref idref="fl-4"/>
      </object_component>
      <object_component id="oc-200">
         <name>.debug_info</name>
         <load_address>0x3a56</load_address>
         <run_address>0x3a56</run_address>
         <size>0x39d</size>
         <input_file_ref idref="fl-5"/>
      </object_component>
      <object_component id="oc-1ee">
         <name>.debug_info</name>
         <load_address>0x3df3</load_address>
         <run_address>0x3df3</run_address>
         <size>0x14f</size>
         <input_file_ref idref="fl-5"/>
      </object_component>
      <object_component id="oc-1f1">
         <name>.debug_info</name>
         <load_address>0x3f42</load_address>
         <run_address>0x3f42</run_address>
         <size>0x147</size>
         <input_file_ref idref="fl-5"/>
      </object_component>
      <object_component id="oc-1f4">
         <name>.debug_info</name>
         <load_address>0x4089</load_address>
         <run_address>0x4089</run_address>
         <size>0x14b</size>
         <input_file_ref idref="fl-5"/>
      </object_component>
      <object_component id="oc-1f7">
         <name>.debug_info</name>
         <load_address>0x41d4</load_address>
         <run_address>0x41d4</run_address>
         <size>0x151</size>
         <input_file_ref idref="fl-5"/>
      </object_component>
      <object_component id="oc-1fa">
         <name>.debug_info</name>
         <load_address>0x4325</load_address>
         <run_address>0x4325</run_address>
         <size>0x14f</size>
         <input_file_ref idref="fl-5"/>
      </object_component>
      <object_component id="oc-1fd">
         <name>.debug_info</name>
         <load_address>0x4474</load_address>
         <run_address>0x4474</run_address>
         <size>0x153</size>
         <input_file_ref idref="fl-5"/>
      </object_component>
      <object_component id="oc-1eb">
         <name>.debug_info</name>
         <load_address>0x45c7</load_address>
         <run_address>0x45c7</run_address>
         <size>0x150</size>
         <input_file_ref idref="fl-5"/>
      </object_component>
      <object_component id="oc-ea">
         <name>.debug_info</name>
         <load_address>0x4717</load_address>
         <run_address>0x4717</run_address>
         <size>0x158c</size>
         <input_file_ref idref="fl-5"/>
      </object_component>
      <object_component id="oc-2a9">
         <name>.debug_info</name>
         <load_address>0x5ca3</load_address>
         <run_address>0x5ca3</run_address>
         <size>0x302</size>
         <input_file_ref idref="fl-6"/>
      </object_component>
      <object_component id="oc-2a0">
         <name>.debug_info</name>
         <load_address>0x5fa5</load_address>
         <run_address>0x5fa5</run_address>
         <size>0x15d</size>
         <input_file_ref idref="fl-6"/>
      </object_component>
      <object_component id="oc-29d">
         <name>.debug_info</name>
         <load_address>0x6102</load_address>
         <run_address>0x6102</run_address>
         <size>0x144</size>
         <input_file_ref idref="fl-6"/>
      </object_component>
      <object_component id="oc-2a3">
         <name>.debug_info</name>
         <load_address>0x6246</load_address>
         <run_address>0x6246</run_address>
         <size>0x150</size>
         <input_file_ref idref="fl-6"/>
      </object_component>
      <object_component id="oc-2a6">
         <name>.debug_info</name>
         <load_address>0x6396</load_address>
         <run_address>0x6396</run_address>
         <size>0x152</size>
         <input_file_ref idref="fl-6"/>
      </object_component>
      <object_component id="oc-193">
         <name>.debug_info</name>
         <load_address>0x64e8</load_address>
         <run_address>0x64e8</run_address>
         <size>0x9b1</size>
         <input_file_ref idref="fl-6"/>
      </object_component>
      <object_component id="oc-1a5">
         <name>.debug_info</name>
         <load_address>0x6e99</load_address>
         <run_address>0x6e99</run_address>
         <size>0x61a</size>
         <input_file_ref idref="fl-7"/>
      </object_component>
      <object_component id="oc-19f">
         <name>.debug_info</name>
         <load_address>0x74b3</load_address>
         <run_address>0x74b3</run_address>
         <size>0x13c</size>
         <input_file_ref idref="fl-7"/>
      </object_component>
      <object_component id="oc-1a2">
         <name>.debug_info</name>
         <load_address>0x75ef</load_address>
         <run_address>0x75ef</run_address>
         <size>0x13c</size>
         <input_file_ref idref="fl-7"/>
      </object_component>
      <object_component id="oc-1a8">
         <name>.debug_info</name>
         <load_address>0x772b</load_address>
         <run_address>0x772b</run_address>
         <size>0x17a</size>
         <input_file_ref idref="fl-7"/>
      </object_component>
      <object_component id="oc-1ae">
         <name>.debug_info</name>
         <load_address>0x78a5</load_address>
         <run_address>0x78a5</run_address>
         <size>0x172</size>
         <input_file_ref idref="fl-7"/>
      </object_component>
      <object_component id="oc-1ab">
         <name>.debug_info</name>
         <load_address>0x7a17</load_address>
         <run_address>0x7a17</run_address>
         <size>0x169</size>
         <input_file_ref idref="fl-7"/>
      </object_component>
      <object_component id="oc-1b1">
         <name>.debug_info</name>
         <load_address>0x7b80</load_address>
         <run_address>0x7b80</run_address>
         <size>0x17b</size>
         <input_file_ref idref="fl-7"/>
      </object_component>
      <object_component id="oc-1b4">
         <name>.debug_info</name>
         <load_address>0x7cfb</load_address>
         <run_address>0x7cfb</run_address>
         <size>0x169</size>
         <input_file_ref idref="fl-7"/>
      </object_component>
      <object_component id="oc-a2">
         <name>.debug_info</name>
         <load_address>0x7e64</load_address>
         <run_address>0x7e64</run_address>
         <size>0x214c</size>
         <input_file_ref idref="fl-7"/>
      </object_component>
      <object_component id="oc-2c2">
         <name>.debug_info</name>
         <load_address>0x9fb0</load_address>
         <run_address>0x9fb0</run_address>
         <size>0x3aa</size>
         <input_file_ref idref="fl-7"/>
      </object_component>
      <object_component id="oc-1b7">
         <name>.debug_info</name>
         <load_address>0xa35a</load_address>
         <run_address>0xa35a</run_address>
         <size>0x29c</size>
         <input_file_ref idref="fl-7"/>
      </object_component>
      <object_component id="oc-1bc">
         <name>.debug_info</name>
         <load_address>0xa5f6</load_address>
         <run_address>0xa5f6</run_address>
         <size>0x35</size>
         <input_file_ref idref="fl-7"/>
      </object_component>
      <object_component id="oc-28d">
         <name>.debug_info</name>
         <load_address>0xa62b</load_address>
         <run_address>0xa62b</run_address>
         <size>0x24c</size>
         <input_file_ref idref="fl-8"/>
      </object_component>
      <object_component id="oc-180">
         <name>.debug_info</name>
         <load_address>0xa877</load_address>
         <run_address>0xa877</run_address>
         <size>0x3e3</size>
         <input_file_ref idref="fl-8"/>
      </object_component>
      <object_component id="oc-322">
         <name>.debug_info</name>
         <load_address>0xac5a</load_address>
         <run_address>0xac5a</run_address>
         <size>0xcc</size>
         <input_file_ref idref="fl-8"/>
      </object_component>
      <object_component id="oc-171">
         <name>.debug_info</name>
         <load_address>0xad26</load_address>
         <run_address>0xad26</run_address>
         <size>0x53</size>
         <input_file_ref idref="fl-8"/>
      </object_component>
      <object_component id="oc-2d8">
         <name>.debug_info</name>
         <load_address>0xad79</load_address>
         <run_address>0xad79</run_address>
         <size>0x69c</size>
         <input_file_ref idref="fl-9"/>
      </object_component>
      <object_component id="oc-1c8">
         <name>.debug_info</name>
         <load_address>0xb415</load_address>
         <run_address>0xb415</run_address>
         <size>0x110</size>
         <input_file_ref idref="fl-9"/>
      </object_component>
      <object_component id="oc-274">
         <name>.debug_info</name>
         <load_address>0xb525</load_address>
         <run_address>0xb525</run_address>
         <size>0x3e3</size>
         <input_file_ref idref="fl-9"/>
      </object_component>
      <object_component id="oc-340">
         <name>.debug_info</name>
         <load_address>0xb908</load_address>
         <run_address>0xb908</run_address>
         <size>0x62</size>
         <input_file_ref idref="fl-9"/>
      </object_component>
      <object_component id="oc-345">
         <name>.debug_info</name>
         <load_address>0xb96a</load_address>
         <run_address>0xb96a</run_address>
         <size>0x39</size>
         <input_file_ref idref="fl-9"/>
      </object_component>
      <object_component id="oc-26a">
         <name>.debug_info</name>
         <load_address>0xb9a3</load_address>
         <run_address>0xb9a3</run_address>
         <size>0x4f</size>
         <input_file_ref idref="fl-9"/>
      </object_component>
      <object_component id="oc-282">
         <name>.debug_info</name>
         <load_address>0xb9f2</load_address>
         <run_address>0xb9f2</run_address>
         <size>0x3ce</size>
         <input_file_ref idref="fl-a"/>
      </object_component>
      <object_component id="oc-158">
         <name>.debug_info</name>
         <load_address>0xbdc0</load_address>
         <run_address>0xbdc0</run_address>
         <size>0x7da</size>
         <input_file_ref idref="fl-a"/>
      </object_component>
      <object_component id="oc-1c7">
         <name>.debug_info</name>
         <load_address>0xc59a</load_address>
         <run_address>0xc59a</run_address>
         <size>0x822</size>
         <input_file_ref idref="fl-b"/>
      </object_component>
      <object_component id="oc-a8">
         <name>.debug_info</name>
         <load_address>0xcdbc</load_address>
         <run_address>0xcdbc</run_address>
         <size>0x3a78</size>
         <input_file_ref idref="fl-b"/>
      </object_component>
      <object_component id="oc-2d3">
         <name>.debug_info</name>
         <load_address>0x10834</load_address>
         <run_address>0x10834</run_address>
         <size>0x1c7</size>
         <input_file_ref idref="fl-b"/>
      </object_component>
      <object_component id="oc-1c2">
         <name>.debug_info</name>
         <load_address>0x109fb</load_address>
         <run_address>0x109fb</run_address>
         <size>0x46</size>
         <input_file_ref idref="fl-b"/>
      </object_component>
      <object_component id="oc-1ce">
         <name>.debug_info</name>
         <load_address>0x10a41</load_address>
         <run_address>0x10a41</run_address>
         <size>0x2c</size>
         <input_file_ref idref="fl-c"/>
      </object_component>
      <object_component id="oc-149">
         <name>.debug_info</name>
         <load_address>0x10a6d</load_address>
         <run_address>0x10a6d</run_address>
         <size>0x748</size>
         <input_file_ref idref="fl-d"/>
      </object_component>
      <object_component id="oc-80">
         <name>.debug_info</name>
         <load_address>0x111b5</load_address>
         <run_address>0x111b5</run_address>
         <size>0x368</size>
         <input_file_ref idref="fl-d"/>
      </object_component>
      <object_component id="oc-15e">
         <name>.debug_info</name>
         <load_address>0x1151d</load_address>
         <run_address>0x1151d</run_address>
         <size>0x158</size>
         <input_file_ref idref="fl-d"/>
      </object_component>
      <object_component id="oc-167">
         <name>.debug_info</name>
         <load_address>0x11675</load_address>
         <run_address>0x11675</run_address>
         <size>0x158</size>
         <input_file_ref idref="fl-d"/>
      </object_component>
      <object_component id="oc-16a">
         <name>.debug_info</name>
         <load_address>0x117cd</load_address>
         <run_address>0x117cd</run_address>
         <size>0x158</size>
         <input_file_ref idref="fl-d"/>
      </object_component>
      <object_component id="oc-164">
         <name>.debug_info</name>
         <load_address>0x11925</load_address>
         <run_address>0x11925</run_address>
         <size>0x19b</size>
         <input_file_ref idref="fl-d"/>
      </object_component>
      <object_component id="oc-161">
         <name>.debug_info</name>
         <load_address>0x11ac0</load_address>
         <run_address>0x11ac0</run_address>
         <size>0x158</size>
         <input_file_ref idref="fl-d"/>
      </object_component>
      <object_component id="oc-86">
         <name>.debug_info</name>
         <load_address>0x11c18</load_address>
         <run_address>0x11c18</run_address>
         <size>0x4834</size>
         <input_file_ref idref="fl-d"/>
      </object_component>
      <object_component id="oc-14a">
         <name>.debug_info</name>
         <load_address>0x1644c</load_address>
         <run_address>0x1644c</run_address>
         <size>0x30c</size>
         <input_file_ref idref="fl-d"/>
      </object_component>
      <object_component id="oc-26f">
         <name>.debug_info</name>
         <load_address>0x16758</load_address>
         <run_address>0x16758</run_address>
         <size>0x11a</size>
         <input_file_ref idref="fl-d"/>
      </object_component>
      <object_component id="oc-90">
         <name>.debug_info</name>
         <load_address>0x16872</load_address>
         <run_address>0x16872</run_address>
         <size>0x469</size>
         <input_file_ref idref="fl-f"/>
      </object_component>
      <object_component id="oc-83">
         <name>.debug_info</name>
         <load_address>0x16cdb</load_address>
         <run_address>0x16cdb</run_address>
         <size>0x185</size>
         <input_file_ref idref="fl-f"/>
      </object_component>
      <object_component id="oc-8d">
         <name>.debug_info</name>
         <load_address>0x16e60</load_address>
         <run_address>0x16e60</run_address>
         <size>0x16c</size>
         <input_file_ref idref="fl-f"/>
      </object_component>
      <object_component id="oc-33">
         <name>.debug_info</name>
         <load_address>0x16fcc</load_address>
         <run_address>0x16fcc</run_address>
         <size>0xb8c</size>
         <input_file_ref idref="fl-f"/>
      </object_component>
      <object_component id="oc-2e">
         <name>.debug_info</name>
         <load_address>0x17b58</load_address>
         <run_address>0x17b58</run_address>
         <size>0x2ba</size>
         <input_file_ref idref="fl-10"/>
      </object_component>
      <object_component id="oc-280">
         <name>.debug_info</name>
         <load_address>0x17e12</load_address>
         <run_address>0x17e12</run_address>
         <size>0x46c</size>
         <input_file_ref idref="fl-11"/>
      </object_component>
      <object_component id="oc-27d">
         <name>.debug_info</name>
         <load_address>0x1827e</load_address>
         <run_address>0x1827e</run_address>
         <size>0x153</size>
         <input_file_ref idref="fl-11"/>
      </object_component>
      <object_component id="oc-27a">
         <name>.debug_info</name>
         <load_address>0x183d1</load_address>
         <run_address>0x183d1</run_address>
         <size>0x161</size>
         <input_file_ref idref="fl-11"/>
      </object_component>
      <object_component id="oc-152">
         <name>.debug_info</name>
         <load_address>0x18532</load_address>
         <run_address>0x18532</run_address>
         <size>0x671</size>
         <input_file_ref idref="fl-11"/>
      </object_component>
      <object_component id="oc-2b6">
         <name>.debug_info</name>
         <load_address>0x18ba3</load_address>
         <run_address>0x18ba3</run_address>
         <size>0x34b</size>
         <input_file_ref idref="fl-12"/>
      </object_component>
      <object_component id="oc-2ab">
         <name>.debug_info</name>
         <load_address>0x18eee</load_address>
         <run_address>0x18eee</run_address>
         <size>0x16a</size>
         <input_file_ref idref="fl-12"/>
      </object_component>
      <object_component id="oc-2ae">
         <name>.debug_info</name>
         <load_address>0x19058</load_address>
         <run_address>0x19058</run_address>
         <size>0x16a</size>
         <input_file_ref idref="fl-12"/>
      </object_component>
      <object_component id="oc-199">
         <name>.debug_info</name>
         <load_address>0x191c2</load_address>
         <run_address>0x191c2</run_address>
         <size>0xbfb</size>
         <input_file_ref idref="fl-12"/>
      </object_component>
      <object_component id="oc-339">
         <name>.debug_info</name>
         <load_address>0x19dbd</load_address>
         <run_address>0x19dbd</run_address>
         <size>0x94</size>
         <input_file_ref idref="fl-12"/>
      </object_component>
      <object_component id="oc-2b1">
         <name>.debug_info</name>
         <load_address>0x19e51</load_address>
         <run_address>0x19e51</run_address>
         <size>0x2c</size>
         <input_file_ref idref="fl-12"/>
      </object_component>
      <object_component id="oc-4d">
         <name>.debug_info</name>
         <load_address>0x19e7d</load_address>
         <run_address>0x19e7d</run_address>
         <size>0x119</size>
         <input_file_ref idref="fl-cd"/>
      </object_component>
      <object_component id="oc-130">
         <name>.debug_info</name>
         <load_address>0x19f96</load_address>
         <run_address>0x19f96</run_address>
         <size>0x147</size>
         <input_file_ref idref="fl-ce"/>
      </object_component>
      <object_component id="oc-12e">
         <name>.debug_info</name>
         <load_address>0x1a0dd</load_address>
         <run_address>0x1a0dd</run_address>
         <size>0x2d4</size>
         <input_file_ref idref="fl-cf"/>
      </object_component>
      <object_component id="oc-5f">
         <name>.debug_info</name>
         <load_address>0x1a3b1</load_address>
         <run_address>0x1a3b1</run_address>
         <size>0x1b5</size>
         <input_file_ref idref="fl-cf"/>
      </object_component>
      <object_component id="oc-129">
         <name>.debug_info</name>
         <load_address>0x1a566</load_address>
         <run_address>0x1a566</run_address>
         <size>0x46</size>
         <input_file_ref idref="fl-cf"/>
      </object_component>
      <object_component id="oc-57">
         <name>.debug_info</name>
         <load_address>0x1a5ac</load_address>
         <run_address>0x1a5ac</run_address>
         <size>0x2a8</size>
         <input_file_ref idref="fl-d0"/>
      </object_component>
      <object_component id="oc-1c">
         <name>.debug_info</name>
         <load_address>0x1a854</load_address>
         <run_address>0x1a854</run_address>
         <size>0x1ea</size>
         <input_file_ref idref="fl-d0"/>
      </object_component>
      <object_component id="oc-52">
         <name>.debug_info</name>
         <load_address>0x1aa3e</load_address>
         <run_address>0x1aa3e</run_address>
         <size>0x46</size>
         <input_file_ref idref="fl-d0"/>
      </object_component>
      <object_component id="oc-121">
         <name>.debug_info</name>
         <load_address>0x1aa84</load_address>
         <run_address>0x1aa84</run_address>
         <size>0x2c</size>
         <input_file_ref idref="fl-d0"/>
      </object_component>
      <object_component id="oc-11f">
         <name>.debug_info</name>
         <load_address>0x1aab0</load_address>
         <run_address>0x1aab0</run_address>
         <size>0x29e</size>
         <input_file_ref idref="fl-d1"/>
      </object_component>
      <object_component id="oc-16">
         <name>.debug_info</name>
         <load_address>0x1ad4e</load_address>
         <run_address>0x1ad4e</run_address>
         <size>0x250</size>
         <input_file_ref idref="fl-d1"/>
      </object_component>
      <object_component id="oc-42">
         <name>.debug_info</name>
         <load_address>0x1af9e</load_address>
         <run_address>0x1af9e</run_address>
         <size>0x60</size>
         <input_file_ref idref="fl-d1"/>
      </object_component>
      <object_component id="oc-21f">
         <name>.debug_info</name>
         <load_address>0x1affe</load_address>
         <run_address>0x1affe</run_address>
         <size>0x46</size>
         <input_file_ref idref="fl-d1"/>
      </object_component>
      <object_component id="oc-11a">
         <name>.debug_info</name>
         <load_address>0x1b044</load_address>
         <run_address>0x1b044</run_address>
         <size>0x39</size>
         <input_file_ref idref="fl-d1"/>
      </object_component>
      <object_component id="oc-29b">
         <name>.debug_info</name>
         <load_address>0x1b07d</load_address>
         <run_address>0x1b07d</run_address>
         <size>0x2a4</size>
         <input_file_ref idref="fl-d2"/>
      </object_component>
      <object_component id="oc-18d">
         <name>.debug_info</name>
         <load_address>0x1b321</load_address>
         <run_address>0x1b321</run_address>
         <size>0x24d</size>
         <input_file_ref idref="fl-d2"/>
      </object_component>
      <object_component id="oc-1d3">
         <name>.debug_info</name>
         <load_address>0x1b56e</load_address>
         <run_address>0x1b56e</run_address>
         <size>0x28f</size>
         <input_file_ref idref="fl-d3"/>
      </object_component>
      <object_component id="oc-ae">
         <name>.debug_info</name>
         <load_address>0x1b7fd</load_address>
         <run_address>0x1b7fd</run_address>
         <size>0x245</size>
         <input_file_ref idref="fl-d3"/>
      </object_component>
      <object_component id="oc-25">
         <name>.debug_info</name>
         <load_address>0x1ba42</load_address>
         <run_address>0x1ba42</run_address>
         <size>0x10b</size>
         <input_file_ref idref="fl-d4"/>
      </object_component>
      <object_component id="oc-6b">
         <name>.debug_info</name>
         <load_address>0x1bb4d</load_address>
         <run_address>0x1bb4d</run_address>
         <size>0x1a9</size>
         <input_file_ref idref="fl-d4"/>
      </object_component>
      <object_component id="oc-303">
         <name>.debug_info</name>
         <load_address>0x1bcf6</load_address>
         <run_address>0x1bcf6</run_address>
         <size>0x4b3</size>
         <input_file_ref idref="fl-d5"/>
      </object_component>
      <object_component id="oc-237">
         <name>.debug_info</name>
         <load_address>0x1c1a9</load_address>
         <run_address>0x1c1a9</run_address>
         <size>0x1a6</size>
         <input_file_ref idref="fl-d5"/>
      </object_component>
      <object_component id="oc-35a">
         <name>.debug_info</name>
         <load_address>0x1c34f</load_address>
         <run_address>0x1c34f</run_address>
         <size>0x39</size>
         <input_file_ref idref="fl-d5"/>
      </object_component>
      <object_component id="oc-36e">
         <name>.debug_info</name>
         <load_address>0x1c388</load_address>
         <run_address>0x1c388</run_address>
         <size>0x39</size>
         <input_file_ref idref="fl-d5"/>
      </object_component>
      <object_component id="oc-35f">
         <name>.debug_info</name>
         <load_address>0x1c3c1</load_address>
         <run_address>0x1c3c1</run_address>
         <size>0x39</size>
         <input_file_ref idref="fl-d5"/>
      </object_component>
      <object_component id="oc-364">
         <name>.debug_info</name>
         <load_address>0x1c3fa</load_address>
         <run_address>0x1c3fa</run_address>
         <size>0xcd</size>
         <input_file_ref idref="fl-d5"/>
      </object_component>
      <object_component id="oc-136">
         <name>.debug_info</name>
         <load_address>0x1c4c7</load_address>
         <run_address>0x1c4c7</run_address>
         <size>0x153</size>
         <input_file_ref idref="fl-d6"/>
      </object_component>
      <object_component id="oc-22b">
         <name>.debug_info</name>
         <load_address>0x1c61a</load_address>
         <run_address>0x1c61a</run_address>
         <size>0x122</size>
         <input_file_ref idref="fl-d8"/>
      </object_component>
      <object_component id="oc-18b">
         <name>.debug_info</name>
         <load_address>0x1c73c</load_address>
         <run_address>0x1c73c</run_address>
         <size>0x39a</size>
         <input_file_ref idref="fl-db"/>
      </object_component>
      <object_component id="oc-ba">
         <name>.debug_info</name>
         <load_address>0x1cad6</load_address>
         <run_address>0x1cad6</run_address>
         <size>0x21c</size>
         <input_file_ref idref="fl-db"/>
      </object_component>
      <object_component id="oc-1da">
         <name>.debug_info</name>
         <load_address>0x1ccf2</load_address>
         <run_address>0x1ccf2</run_address>
         <size>0x22c</size>
         <input_file_ref idref="fl-db"/>
      </object_component>
      <object_component id="oc-d8">
         <name>.debug_info</name>
         <load_address>0x1cf1e</load_address>
         <run_address>0x1cf1e</run_address>
         <size>0x28f</size>
         <input_file_ref idref="fl-db"/>
      </object_component>
      <object_component id="oc-cc">
         <name>.debug_info</name>
         <load_address>0x1d1ad</load_address>
         <run_address>0x1d1ad</run_address>
         <size>0x230</size>
         <input_file_ref idref="fl-db"/>
      </object_component>
      <object_component id="oc-d2">
         <name>.debug_info</name>
         <load_address>0x1d3dd</load_address>
         <run_address>0x1d3dd</run_address>
         <size>0x215</size>
         <input_file_ref idref="fl-db"/>
      </object_component>
      <object_component id="oc-b4">
         <name>.debug_info</name>
         <load_address>0x1d5f2</load_address>
         <run_address>0x1d5f2</run_address>
         <size>0x1f4</size>
         <input_file_ref idref="fl-db"/>
      </object_component>
      <object_component id="oc-de">
         <name>.debug_info</name>
         <load_address>0x1d7e6</load_address>
         <run_address>0x1d7e6</run_address>
         <size>0x234</size>
         <input_file_ref idref="fl-db"/>
      </object_component>
      <object_component id="oc-e4">
         <name>.debug_info</name>
         <load_address>0x1da1a</load_address>
         <run_address>0x1da1a</run_address>
         <size>0x208</size>
         <input_file_ref idref="fl-db"/>
      </object_component>
      <object_component id="oc-9c">
         <name>.debug_info</name>
         <load_address>0x1dc22</load_address>
         <run_address>0x1dc22</run_address>
         <size>0x206</size>
         <input_file_ref idref="fl-db"/>
      </object_component>
      <object_component id="oc-295">
         <name>.debug_info</name>
         <load_address>0x1de28</load_address>
         <run_address>0x1de28</run_address>
         <size>0x26b</size>
         <input_file_ref idref="fl-db"/>
      </object_component>
      <object_component id="oc-28e">
         <name>.debug_info</name>
         <load_address>0x1e093</load_address>
         <run_address>0x1e093</run_address>
         <size>0x297</size>
         <input_file_ref idref="fl-db"/>
      </object_component>
      <object_component id="oc-2e1">
         <name>.debug_info</name>
         <load_address>0x1e32a</load_address>
         <run_address>0x1e32a</run_address>
         <size>0xef</size>
         <input_file_ref idref="fl-db"/>
      </object_component>
      <object_component id="oc-186">
         <name>.debug_info</name>
         <load_address>0x1e419</load_address>
         <run_address>0x1e419</run_address>
         <size>0xbb</size>
         <input_file_ref idref="fl-db"/>
      </object_component>
      <object_component id="oc-1d7">
         <name>.debug_info</name>
         <load_address>0x1e4d4</load_address>
         <run_address>0x1e4d4</run_address>
         <size>0x3f7</size>
         <input_file_ref idref="fl-dc"/>
      </object_component>
      <object_component id="oc-c6">
         <name>.debug_info</name>
         <load_address>0x1e8cb</load_address>
         <run_address>0x1e8cb</run_address>
         <size>0x1f8</size>
         <input_file_ref idref="fl-dc"/>
      </object_component>
      <object_component id="oc-c0">
         <name>.debug_info</name>
         <load_address>0x1eac3</load_address>
         <run_address>0x1eac3</run_address>
         <size>0x1f6</size>
         <input_file_ref idref="fl-dc"/>
      </object_component>
      <object_component id="oc-2dd">
         <name>.debug_info</name>
         <load_address>0x1ecb9</load_address>
         <run_address>0x1ecb9</run_address>
         <size>0x51</size>
         <input_file_ref idref="fl-dc"/>
      </object_component>
      <object_component id="oc-3aa">
         <name>.debug_info</name>
         <load_address>0x1ed0a</load_address>
         <run_address>0x1ed0a</run_address>
         <size>0xc4</size>
      </object_component>
      <object_component id="oc-208">
         <name>.debug_line</name>
         <load_address>0x0</load_address>
         <run_address>0x0</run_address>
         <size>0x339</size>
         <input_file_ref idref="fl-2"/>
      </object_component>
      <object_component id="oc-219">
         <name>.debug_line</name>
         <load_address>0x339</load_address>
         <run_address>0x339</run_address>
         <size>0x3e</size>
         <input_file_ref idref="fl-2"/>
      </object_component>
      <object_component id="oc-204">
         <name>.debug_line</name>
         <load_address>0x377</load_address>
         <run_address>0x377</run_address>
         <size>0x3e</size>
         <input_file_ref idref="fl-2"/>
      </object_component>
      <object_component id="oc-206">
         <name>.debug_line</name>
         <load_address>0x3b5</load_address>
         <run_address>0x3b5</run_address>
         <size>0x3e</size>
         <input_file_ref idref="fl-2"/>
      </object_component>
      <object_component id="oc-202">
         <name>.debug_line</name>
         <load_address>0x3f3</load_address>
         <run_address>0x3f3</run_address>
         <size>0x3e</size>
         <input_file_ref idref="fl-2"/>
      </object_component>
      <object_component id="oc-3c">
         <name>.debug_line</name>
         <load_address>0x431</load_address>
         <run_address>0x431</run_address>
         <size>0x178</size>
         <input_file_ref idref="fl-2"/>
      </object_component>
      <object_component id="oc-179">
         <name>.debug_line</name>
         <load_address>0x5a9</load_address>
         <run_address>0x5a9</run_address>
         <size>0x85</size>
         <input_file_ref idref="fl-2"/>
      </object_component>
      <object_component id="oc-107">
         <name>.debug_line</name>
         <load_address>0x62e</load_address>
         <run_address>0x62e</run_address>
         <size>0x3e</size>
         <input_file_ref idref="fl-2"/>
      </object_component>
      <object_component id="oc-113">
         <name>.debug_line</name>
         <load_address>0x66c</load_address>
         <run_address>0x66c</run_address>
         <size>0x80</size>
         <input_file_ref idref="fl-2"/>
      </object_component>
      <object_component id="oc-216">
         <name>.debug_line</name>
         <load_address>0x6ec</load_address>
         <run_address>0x6ec</run_address>
         <size>0x89</size>
         <input_file_ref idref="fl-2"/>
      </object_component>
      <object_component id="oc-2c0">
         <name>.debug_line</name>
         <load_address>0x775</load_address>
         <run_address>0x775</run_address>
         <size>0x82</size>
         <input_file_ref idref="fl-2"/>
      </object_component>
      <object_component id="oc-10c">
         <name>.debug_line</name>
         <load_address>0x7f7</load_address>
         <run_address>0x7f7</run_address>
         <size>0x82</size>
         <input_file_ref idref="fl-2"/>
      </object_component>
      <object_component id="oc-20c">
         <name>.debug_line</name>
         <load_address>0x879</load_address>
         <run_address>0x879</run_address>
         <size>0x86</size>
         <input_file_ref idref="fl-2"/>
      </object_component>
      <object_component id="oc-102">
         <name>.debug_line</name>
         <load_address>0x8ff</load_address>
         <run_address>0x8ff</run_address>
         <size>0x20</size>
         <input_file_ref idref="fl-2"/>
      </object_component>
      <object_component id="oc-94">
         <name>.debug_line</name>
         <load_address>0x91f</load_address>
         <run_address>0x91f</run_address>
         <size>0x89</size>
         <input_file_ref idref="fl-2"/>
      </object_component>
      <object_component id="oc-21d">
         <name>.debug_line</name>
         <load_address>0x9a8</load_address>
         <run_address>0x9a8</run_address>
         <size>0x84</size>
         <input_file_ref idref="fl-2"/>
      </object_component>
      <object_component id="oc-118">
         <name>.debug_line</name>
         <load_address>0xa2c</load_address>
         <run_address>0xa2c</run_address>
         <size>0x81</size>
         <input_file_ref idref="fl-2"/>
      </object_component>
      <object_component id="oc-99">
         <name>.debug_line</name>
         <load_address>0xaad</load_address>
         <run_address>0xaad</run_address>
         <size>0x98</size>
         <input_file_ref idref="fl-2"/>
      </object_component>
      <object_component id="oc-211">
         <name>.debug_line</name>
         <load_address>0xb45</load_address>
         <run_address>0xb45</run_address>
         <size>0x7b</size>
         <input_file_ref idref="fl-2"/>
      </object_component>
      <object_component id="oc-17e">
         <name>.debug_line</name>
         <load_address>0xbc0</load_address>
         <run_address>0xbc0</run_address>
         <size>0x85</size>
         <input_file_ref idref="fl-2"/>
      </object_component>
      <object_component id="oc-10f">
         <name>.debug_line</name>
         <load_address>0xc45</load_address>
         <run_address>0xc45</run_address>
         <size>0x34</size>
         <input_file_ref idref="fl-3"/>
      </object_component>
      <object_component id="oc-3f">
         <name>.debug_line</name>
         <load_address>0xc79</load_address>
         <run_address>0xc79</run_address>
         <size>0x34</size>
         <input_file_ref idref="fl-3"/>
      </object_component>
      <object_component id="oc-2b">
         <name>.debug_line</name>
         <load_address>0xcad</load_address>
         <run_address>0xcad</run_address>
         <size>0x94</size>
         <input_file_ref idref="fl-3"/>
      </object_component>
      <object_component id="oc-4a">
         <name>.debug_line</name>
         <load_address>0xd41</load_address>
         <run_address>0xd41</run_address>
         <size>0x20</size>
         <input_file_ref idref="fl-3"/>
      </object_component>
      <object_component id="oc-1e8">
         <name>.debug_line</name>
         <load_address>0xd61</load_address>
         <run_address>0xd61</run_address>
         <size>0x117</size>
         <input_file_ref idref="fl-4"/>
      </object_component>
      <object_component id="oc-2f7">
         <name>.debug_line</name>
         <load_address>0xe78</load_address>
         <run_address>0xe78</run_address>
         <size>0x98</size>
         <input_file_ref idref="fl-5"/>
      </object_component>
      <object_component id="oc-2eb">
         <name>.debug_line</name>
         <load_address>0xf10</load_address>
         <run_address>0xf10</run_address>
         <size>0x7a</size>
         <input_file_ref idref="fl-5"/>
      </object_component>
      <object_component id="oc-2ed">
         <name>.debug_line</name>
         <load_address>0xf8a</load_address>
         <run_address>0xf8a</run_address>
         <size>0x7a</size>
         <input_file_ref idref="fl-5"/>
      </object_component>
      <object_component id="oc-2ef">
         <name>.debug_line</name>
         <load_address>0x1004</load_address>
         <run_address>0x1004</run_address>
         <size>0x7a</size>
         <input_file_ref idref="fl-5"/>
      </object_component>
      <object_component id="oc-2f1">
         <name>.debug_line</name>
         <load_address>0x107e</load_address>
         <run_address>0x107e</run_address>
         <size>0x7a</size>
         <input_file_ref idref="fl-5"/>
      </object_component>
      <object_component id="oc-2f3">
         <name>.debug_line</name>
         <load_address>0x10f8</load_address>
         <run_address>0x10f8</run_address>
         <size>0x7a</size>
         <input_file_ref idref="fl-5"/>
      </object_component>
      <object_component id="oc-2f5">
         <name>.debug_line</name>
         <load_address>0x1172</load_address>
         <run_address>0x1172</run_address>
         <size>0x7a</size>
         <input_file_ref idref="fl-5"/>
      </object_component>
      <object_component id="oc-2e9">
         <name>.debug_line</name>
         <load_address>0x11ec</load_address>
         <run_address>0x11ec</run_address>
         <size>0x7a</size>
         <input_file_ref idref="fl-5"/>
      </object_component>
      <object_component id="oc-ed">
         <name>.debug_line</name>
         <load_address>0x1266</load_address>
         <run_address>0x1266</run_address>
         <size>0x2f8</size>
         <input_file_ref idref="fl-5"/>
      </object_component>
      <object_component id="oc-332">
         <name>.debug_line</name>
         <load_address>0x155e</load_address>
         <run_address>0x155e</run_address>
         <size>0x20</size>
         <input_file_ref idref="fl-6"/>
      </object_component>
      <object_component id="oc-32c">
         <name>.debug_line</name>
         <load_address>0x157e</load_address>
         <run_address>0x157e</run_address>
         <size>0x75</size>
         <input_file_ref idref="fl-6"/>
      </object_component>
      <object_component id="oc-32a">
         <name>.debug_line</name>
         <load_address>0x15f3</load_address>
         <run_address>0x15f3</run_address>
         <size>0x75</size>
         <input_file_ref idref="fl-6"/>
      </object_component>
      <object_component id="oc-32e">
         <name>.debug_line</name>
         <load_address>0x1668</load_address>
         <run_address>0x1668</run_address>
         <size>0x75</size>
         <input_file_ref idref="fl-6"/>
      </object_component>
      <object_component id="oc-330">
         <name>.debug_line</name>
         <load_address>0x16dd</load_address>
         <run_address>0x16dd</run_address>
         <size>0x75</size>
         <input_file_ref idref="fl-6"/>
      </object_component>
      <object_component id="oc-196">
         <name>.debug_line</name>
         <load_address>0x1752</load_address>
         <run_address>0x1752</run_address>
         <size>0x171</size>
         <input_file_ref idref="fl-6"/>
      </object_component>
      <object_component id="oc-2bc">
         <name>.debug_line</name>
         <load_address>0x18c3</load_address>
         <run_address>0x18c3</run_address>
         <size>0x1b7</size>
         <input_file_ref idref="fl-7"/>
      </object_component>
      <object_component id="oc-2b8">
         <name>.debug_line</name>
         <load_address>0x1a7a</load_address>
         <run_address>0x1a7a</run_address>
         <size>0x75</size>
         <input_file_ref idref="fl-7"/>
      </object_component>
      <object_component id="oc-2ba">
         <name>.debug_line</name>
         <load_address>0x1aef</load_address>
         <run_address>0x1aef</run_address>
         <size>0x75</size>
         <input_file_ref idref="fl-7"/>
      </object_component>
      <object_component id="oc-2c8">
         <name>.debug_line</name>
         <load_address>0x1b64</load_address>
         <run_address>0x1b64</run_address>
         <size>0x75</size>
         <input_file_ref idref="fl-7"/>
      </object_component>
      <object_component id="oc-2cc">
         <name>.debug_line</name>
         <load_address>0x1bd9</load_address>
         <run_address>0x1bd9</run_address>
         <size>0x75</size>
         <input_file_ref idref="fl-7"/>
      </object_component>
      <object_component id="oc-2ca">
         <name>.debug_line</name>
         <load_address>0x1c4e</load_address>
         <run_address>0x1c4e</run_address>
         <size>0x75</size>
         <input_file_ref idref="fl-7"/>
      </object_component>
      <object_component id="oc-2ce">
         <name>.debug_line</name>
         <load_address>0x1cc3</load_address>
         <run_address>0x1cc3</run_address>
         <size>0x75</size>
         <input_file_ref idref="fl-7"/>
      </object_component>
      <object_component id="oc-2d0">
         <name>.debug_line</name>
         <load_address>0x1d38</load_address>
         <run_address>0x1d38</run_address>
         <size>0x75</size>
         <input_file_ref idref="fl-7"/>
      </object_component>
      <object_component id="oc-a5">
         <name>.debug_line</name>
         <load_address>0x1dad</load_address>
         <run_address>0x1dad</run_address>
         <size>0x546</size>
         <input_file_ref idref="fl-7"/>
      </object_component>
      <object_component id="oc-2c5">
         <name>.debug_line</name>
         <load_address>0x22f3</load_address>
         <run_address>0x22f3</run_address>
         <size>0x75</size>
         <input_file_ref idref="fl-7"/>
      </object_component>
      <object_component id="oc-1ba">
         <name>.debug_line</name>
         <load_address>0x2368</load_address>
         <run_address>0x2368</run_address>
         <size>0x82</size>
         <input_file_ref idref="fl-7"/>
      </object_component>
      <object_component id="oc-1bf">
         <name>.debug_line</name>
         <load_address>0x23ea</load_address>
         <run_address>0x23ea</run_address>
         <size>0xa4</size>
         <input_file_ref idref="fl-7"/>
      </object_component>
      <object_component id="oc-321">
         <name>.debug_line</name>
         <load_address>0x248e</load_address>
         <run_address>0x248e</run_address>
         <size>0x20</size>
         <input_file_ref idref="fl-8"/>
      </object_component>
      <object_component id="oc-183">
         <name>.debug_line</name>
         <load_address>0x24ae</load_address>
         <run_address>0x24ae</run_address>
         <size>0x89</size>
         <input_file_ref idref="fl-8"/>
      </object_component>
      <object_component id="oc-325">
         <name>.debug_line</name>
         <load_address>0x2537</load_address>
         <run_address>0x2537</run_address>
         <size>0x89</size>
         <input_file_ref idref="fl-8"/>
      </object_component>
      <object_component id="oc-174">
         <name>.debug_line</name>
         <load_address>0x25c0</load_address>
         <run_address>0x25c0</run_address>
         <size>0x7c</size>
         <input_file_ref idref="fl-8"/>
      </object_component>
      <object_component id="oc-33f">
         <name>.debug_line</name>
         <load_address>0x263c</load_address>
         <run_address>0x263c</run_address>
         <size>0x1cb</size>
         <input_file_ref idref="fl-9"/>
      </object_component>
      <object_component id="oc-1cb">
         <name>.debug_line</name>
         <load_address>0x2807</load_address>
         <run_address>0x2807</run_address>
         <size>0x7c</size>
         <input_file_ref idref="fl-9"/>
      </object_component>
      <object_component id="oc-277">
         <name>.debug_line</name>
         <load_address>0x2883</load_address>
         <run_address>0x2883</run_address>
         <size>0x89</size>
         <input_file_ref idref="fl-9"/>
      </object_component>
      <object_component id="oc-343">
         <name>.debug_line</name>
         <load_address>0x290c</load_address>
         <run_address>0x290c</run_address>
         <size>0x85</size>
         <input_file_ref idref="fl-9"/>
      </object_component>
      <object_component id="oc-348">
         <name>.debug_line</name>
         <load_address>0x2991</load_address>
         <run_address>0x2991</run_address>
         <size>0x8d</size>
         <input_file_ref idref="fl-9"/>
      </object_component>
      <object_component id="oc-26d">
         <name>.debug_line</name>
         <load_address>0x2a1e</load_address>
         <run_address>0x2a1e</run_address>
         <size>0x87</size>
         <input_file_ref idref="fl-9"/>
      </object_component>
      <object_component id="oc-31f">
         <name>.debug_line</name>
         <load_address>0x2aa5</load_address>
         <run_address>0x2aa5</run_address>
         <size>0x20</size>
[...]
         <value>0x20000400</value>
         <object_component_ref idref="oc-29f"/>
      </symbol>
      <symbol id="sm-1cb">
         <name>halNvicTriggerInterrupt</name>
         <value>0x3265</value>
         <object_component_ref idref="oc-192"/>
      </symbol>
      <symbol id="sm-1cc">
         <name>halNvicDeinstallISR</name>
         <value>0x31cd</value>
         <object_component_ref idref="oc-192"/>
      </symbol>
      <symbol id="sm-1cd">
         <name>halNvicInstallISR</name>
         <value>0x31b3</value>
         <object_component_ref idref="oc-192"/>
      </symbol>
      <symbol id="sm-1ce">
         <name>halNvicDisableInterrupt</name>
         <value>0x3227</value>
         <object_component_ref idref="oc-192"/>
      </symbol>
      <symbol id="sm-1cf">
         <name>halNvicEnableInterrupt</name>
         <value>0x31e9</value>
         <object_component_ref idref="oc-192"/>
      </symbol>
      <symbol id="sm-2f4">
         <name>uartCores</name>
         <value>0x20004e9c</value>
      </symbol>
      <symbol id="sm-2f5">
         <name>halUartCoreInit</name>
         <value>0x16a5</value>
         <object_component_ref idref="oc-a1"/>
      </symbol>
      <symbol id="sm-2f6">
         <name>halUartDriverInit</name>
         <value>0x160b</value>
         <object_component_ref idref="oc-a1"/>
      </symbol>
      <symbol id="sm-2f7">
         <name>halUartRx</name>
         <value>0x1beb</value>
         <object_component_ref idref="oc-a1"/>
      </symbol>
      <symbol id="sm-2f8">
         <name>halUartTx</name>
         <value>0x1b8b</value>
         <object_component_ref idref="oc-a1"/>
      </symbol>
      <symbol id="sm-33e">
         <name>uxListRemove</name>
         <value>0x35f5</value>
         <object_component_ref idref="oc-157"/>
      </symbol>
      <symbol id="sm-33f">
         <name>vListInsert</name>
         <value>0x358f</value>
         <object_component_ref idref="oc-157"/>
      </symbol>
      <symbol id="sm-340">
         <name>vListInitialiseItem</name>
         <value>0x3543</value>
         <object_component_ref idref="oc-157"/>
      </symbol>
      <symbol id="sm-341">
         <name>vListInsertEnd</name>
         <value>0x3553</value>
         <object_component_ref idref="oc-157"/>
      </symbol>
      <symbol id="sm-342">
         <name>vListInitialise</name>
         <value>0x3513</value>
         <object_component_ref idref="oc-157"/>
      </symbol>
      <symbol id="sm-3ef">
         <name>xQueuePeekFromISR</name>
         <value>0x25ff</value>
         <object_component_ref idref="oc-a7"/>
      </symbol>
      <symbol id="sm-3f0">
         <name>xQueueIsQueueEmptyFromISR</name>
         <value>0x289b</value>
         <object_component_ref idref="oc-a7"/>
      </symbol>
      <symbol id="sm-3f1">
         <name>xQueueGenericSendFromISR</name>
         <value>0x20a1</value>
         <object_component_ref idref="oc-a7"/>
      </symbol>
      <symbol id="sm-3f2">
         <name>uxQueueMessagesWaiting</name>
         <value>0x2651</value>
         <object_component_ref idref="oc-a7"/>
      </symbol>
      <symbol id="sm-3f3">
         <name>xQueueIsQueueFullFromISR</name>
         <value>0x28e1</value>
         <object_component_ref idref="oc-a7"/>
      </symbol>
      <symbol id="sm-3f4">
         <name>xQueueGenericCreate</name>
         <value>0x1e91</value>
         <object_component_ref idref="oc-a7"/>
      </symbol>
      <symbol id="sm-3f5">
         <name>xQueueCreateMutex</name>
         <value>0x1f45</value>
         <object_component_ref idref="oc-a7"/>
      </symbol>
      <symbol id="sm-3f6">
         <name>xQueueGenericSend</name>
         <value>0x1f71</value>
         <object_component_ref idref="oc-a7"/>
      </symbol>
      <symbol id="sm-3f7">
         <name>xQueueGenericReset</name>
         <value>0x1df1</value>
         <object_component_ref idref="oc-a7"/>
      </symbol>
      <symbol id="sm-3f8">
         <name>xQueueReceiveFromISR</name>
         <value>0x2565</value>
         <object_component_ref idref="oc-a7"/>
      </symbol>
      <symbol id="sm-3f9">
         <name>uxQueueSpacesAvailable</name>
         <value>0x2667</value>
         <object_component_ref idref="oc-a7"/>
      </symbol>
      <symbol id="sm-3fa">
         <name>xQueueSemaphoreTake</name>
         <value>0x22e9</value>
         <object_component_ref idref="oc-a7"/>
      </symbol>
      <symbol id="sm-3fb">
         <name>xQueueGiveFromISR</name>
         <value>0x213d</value>
         <object_component_ref idref="oc-a7"/>
      </symbol>
      <symbol id="sm-3fc">
         <name>uxQueueMessagesWaitingFromISR</name>
         <value>0x2687</value>
         <object_component_ref idref="oc-a7"/>
      </symbol>
      <symbol id="sm-3fd">
         <name>vQueueDelete</name>
         <value>0x269d</value>
         <object_component_ref idref="oc-a7"/>
      </symbol>
      <symbol id="sm-3fe">
         <name>xQueuePeek</name>
         <value>0x2443</value>
         <object_component_ref idref="oc-a7"/>
      </symbol>
      <symbol id="sm-3ff">
         <name>xQueueReceive</name>
         <value>0x21d1</value>
         <object_component_ref idref="oc-a7"/>
      </symbol>
      <symbol id="sm-54f">
         <name>vTaskDelay</name>
         <value>0x47f</value>
         <object_component_ref idref="oc-85"/>
      </symbol>
      <symbol id="sm-550">
         <name>vTaskSuspendAll</name>
         <value>0x51b</value>
         <object_component_ref idref="oc-85"/>
      </symbol>
      <symbol id="sm-551">
         <name>vTaskPlaceOnEventList</name>
         <value>0x7f9</value>
         <object_component_ref idref="oc-85"/>
      </symbol>
      <symbol id="sm-552">
         <name>ulTaskNotifyTake</name>
         <value>0xd47</value>
         <object_component_ref idref="oc-85"/>
      </symbol>
      <symbol id="sm-553">
         <name>pcTaskGetName</name>
         <value>0x649</value>
         <object_component_ref idref="oc-85"/>
      </symbol>
      <symbol id="sm-554">
         <name>xTaskCheckForTimeOut</name>
         <value>0x979</value>
         <object_component_ref idref="oc-85"/>
      </symbol>
      <symbol id="sm-555">
         <name>vTaskRemoveFromUnorderedEventList</name>
         <value>0x8d1</value>
         <object_component_ref idref="oc-85"/>
      </symbol>
      <symbol id="sm-556">
         <name>xTaskPriorityDisinherit</name>
         <value>0xb85</value>
         <object_component_ref idref="oc-85"/>
      </symbol>
      <symbol id="sm-557">
         <name>vTaskStartScheduler</name>
         <value>0x4b5</value>
         <object_component_ref idref="oc-85"/>
      </symbol>
      <symbol id="sm-558">
         <name>vTaskInternalSetTimeOutState</name>
         <value>0x959</value>
         <object_component_ref idref="oc-85"/>
      </symbol>
      <symbol id="sm-559">
         <name>xTaskNotifyStateClear</name>
         <value>0x1105</value>
         <object_component_ref idref="oc-85"/>
      </symbol>
      <symbol id="sm-55a">
         <name>pvTaskIncrementMutexHeldCount</name>
         <value>0xd2f</value>
         <object_component_ref idref="oc-85"/>
      </symbol>
      <symbol id="sm-55b">
         <name>xTaskGenericNotify</name>
         <value>0xe61</value>
         <object_component_ref idref="oc-85"/>
      </symbol>
      <symbol id="sm-55c">
         <name>vTaskPriorityDisinheritAfterTimeout</name>
         <value>0xc31</value>
         <object_component_ref idref="oc-85"/>
      </symbol>
      <symbol id="sm-55d">
         <name>xTaskCreate</name>
         <value>0x201</value>
         <object_component_ref idref="oc-85"/>
      </symbol>
      <symbol id="sm-55e">
         <name>vTaskDelayUntil</name>
         <value>0x3ef</value>
         <object_component_ref idref="oc-85"/>
      </symbol>
      <symbol id="sm-55f">
         <name>vTaskEndScheduler</name>
         <value>0x4ff</value>
         <object_component_ref idref="oc-85"/>
      </symbol>
      <symbol id="sm-560">
         <name>xTaskNotifyWait</name>
         <value>0xdc1</value>
         <object_component_ref idref="oc-85"/>
      </symbol>
      <symbol id="sm-561">
         <name>vTaskMissedYield</name>
         <value>0x9ed</value>
         <object_component_ref idref="oc-85"/>
      </symbol>
      <symbol id="sm-562">
         <name>uxTaskGetNumberOfTasks</name>
         <value>0x63d</value>
         <object_component_ref idref="oc-85"/>
      </symbol>
      <symbol id="sm-563">
         <name>xTaskGenericNotifyFromISR</name>
         <value>0xf51</value>
         <object_component_ref idref="oc-85"/>
      </symbol>
      <symbol id="sm-564">
         <name>xTaskResumeAll</name>
         <value>0x525</value>
         <object_component_ref idref="oc-85"/>
      </symbol>
      <symbol id="sm-565">
         <name>xTaskGetTickCount</name>
         <value>0x611</value>
         <object_component_ref idref="oc-85"/>
      </symbol>
      <symbol id="sm-566">
         <name>pxCurrentTCB</name>
         <value>0x200058ec</value>
         <object_component_ref idref="oc-7f"/>
      </symbol>
      <symbol id="sm-567">
         <name>vTaskNotifyGiveFromISR</name>
         <value>0x1059</value>
         <object_component_ref idref="oc-85"/>
      </symbol>
      <symbol id="sm-568">
         <name>xTaskGetTickCountFromISR</name>
         <value>0x621</value>
         <object_component_ref idref="oc-85"/>
      </symbol>
      <symbol id="sm-569">
         <name>vTaskSetTimeOutState</name>
         <value>0x933</value>
         <object_component_ref idref="oc-85"/>
      </symbol>
      <symbol id="sm-56a">
         <name>xTaskIncrementTick</name>
         <value>0x67d</value>
         <object_component_ref idref="oc-85"/>
      </symbol>
      <symbol id="sm-56b">
         <name>vTaskSwitchContext</name>
         <value>0x791</value>
         <object_component_ref idref="oc-85"/>
      </symbol>
      <symbol id="sm-56c">
         <name>uxTaskResetEventItemValue</name>
         <value>0xd0d</value>
         <object_component_ref idref="oc-85"/>
      </symbol>
      <symbol id="sm-56d">
         <name>xTaskGetCurrentTaskHandle</name>
         <value>0xa81</value>
         <object_component_ref idref="oc-85"/>
      </symbol>
      <symbol id="sm-56e">
         <name>vTaskPlaceOnUnorderedEventList</name>
         <value>0x81d</value>
         <object_component_ref idref="oc-85"/>
      </symbol>
      <symbol id="sm-56f">
         <name>xTaskRemoveFromEventList</name>
         <value>0x84d</value>
         <object_component_ref idref="oc-85"/>
      </symbol>
      <symbol id="sm-570">
         <name>xTaskPriorityInherit</name>
         <value>0xa9d</value>
         <object_component_ref idref="oc-85"/>
      </symbol>
      <symbol id="sm-5a0">
         <name>ulMaxSyscallInterruptPriority</name>
         <value>0x3d2c</value>
         <object_component_ref idref="oc-82"/>
      </symbol>
      <symbol id="sm-5a1">
         <name>vPortSetupTimerInterrupt</name>
         <value>0x33a3</value>
         <object_component_ref idref="oc-32"/>
      </symbol>
      <symbol id="sm-5a2">
         <name>vPortEndScheduler</name>
         <value>0x3345</value>
         <object_component_ref idref="oc-32"/>
      </symbol>
      <symbol id="sm-5a3">
         <name>xPortSysTickHandler</name>
         <value>0x337d</value>
         <object_component_ref idref="oc-32"/>
      </symbol>
      <symbol id="sm-5a4">
         <name>pxPortInitialiseStack</name>
         <value>0x32a5</value>
         <object_component_ref idref="oc-32"/>
      </symbol>
      <symbol id="sm-5a5">
         <name>vPortExitCritical</name>
         <value>0x3367</value>
         <object_component_ref idref="oc-32"/>
      </symbol>
      <symbol id="sm-5a6">
         <name>xPortStartScheduler</name>
         <value>0x330f</value>
         <object_component_ref idref="oc-32"/>
      </symbol>
      <symbol id="sm-5a7">
         <name>vPortEnterCritical</name>
         <value>0x3347</value>
         <object_component_ref idref="oc-32"/>
      </symbol>
      <symbol id="sm-5b6">
         <name>vPortStartFirstTask</name>
         <value>0x36e5</value>
         <object_component_ref idref="oc-2d"/>
      </symbol>
      <symbol id="sm-5b7">
         <name>ulPortGetIPSR</name>
         <value>0x364d</value>
         <object_component_ref idref="oc-2d"/>
      </symbol>
      <symbol id="sm-5b8">
         <name>vPortEnableVFP</name>
         <value>0x3709</value>
         <object_component_ref idref="oc-2d"/>
      </symbol>
      <symbol id="sm-5b9">
         <name>xPortPendSVHandler</name>
         <value>0x3665</value>
         <object_component_ref idref="oc-2d"/>
      </symbol>
      <symbol id="sm-5ba">
         <name>vPortSVCHandler</name>
         <value>0x36c5</value>
         <object_component_ref idref="oc-2d"/>
      </symbol>
      <symbol id="sm-5e0">
         <name>vPortInitialiseBlocks</name>
         <value>0x3793</value>
         <object_component_ref idref="oc-151"/>
      </symbol>
      <symbol id="sm-5e1">
         <name>xPortGetFreeHeapSize</name>
         <value>0x379b</value>
         <object_component_ref idref="oc-151"/>
      </symbol>
      <symbol id="sm-5e2">
         <name>pvPortMalloc</name>
         <value>0x3719</value>
         <object_component_ref idref="oc-151"/>
      </symbol>
      <symbol id="sm-5e3">
         <name>vPortFree</name>
         <value>0x3789</value>
         <object_component_ref idref="oc-151"/>
      </symbol>
      <symbol id="sm-61c">
         <name>utilsCircularBufferRead</name>
         <value>0x30e7</value>
         <object_component_ref idref="oc-198"/>
      </symbol>
      <symbol id="sm-61d">
         <name>utilsCircularBufferWrite</name>
         <value>0x3079</value>
         <object_component_ref idref="oc-198"/>
      </symbol>
      <symbol id="sm-61e">
         <name>utilsCircularBufferDriverInit</name>
         <value>0x2fa5</value>
         <object_component_ref idref="oc-198"/>
      </symbol>
      <symbol id="sm-61f">
         <name>utilsCircularBufferInit</name>
         <value>0x2fad</value>
         <object_component_ref idref="oc-198"/>
      </symbol>
      <symbol id="sm-63a">
         <name>memcpy</name>
         <value>0x37b5</value>
         <object_component_ref idref="oc-4c"/>
      </symbol>
      <symbol id="sm-63b">
         <name>__aeabi_memcpy</name>
         <value>0x37b5</value>
         <object_component_ref idref="oc-4c"/>
      </symbol>
      <symbol id="sm-63c">
         <name>__aeabi_memcpy8</name>
         <value>0x37b5</value>
         <object_component_ref idref="oc-4c"/>
      </symbol>
      <symbol id="sm-63d">
         <name>__aeabi_memcpy4</name>
         <value>0x37b5</value>
         <object_component_ref idref="oc-4c"/>
      </symbol>
      <symbol id="sm-64c">
         <name>__aeabi_memset</name>
         <value>0x3853</value>
         <object_component_ref idref="oc-12f"/>
      </symbol>
      <symbol id="sm-64d">
         <name>memset</name>
         <value>0x3859</value>
         <object_component_ref idref="oc-12f"/>
      </symbol>
      <symbol id="sm-64e">
         <name>__aeabi_memset8</name>
         <value>0x3853</value>
         <object_component_ref idref="oc-12f"/>
      </symbol>
      <symbol id="sm-64f">
         <name>__aeabi_memset4</name>
         <value>0x3853</value>
         <object_component_ref idref="oc-12f"/>
      </symbol>
      <symbol id="sm-650">
         <name>__aeabi_memclr8</name>
         <value>0x3851</value>
         <object_component_ref idref="oc-12f"/>
      </symbol>
      <symbol id="sm-651">
         <name>__aeabi_memclr4</name>
         <value>0x3851</value>
         <object_component_ref idref="oc-12f"/>
      </symbol>
      <symbol id="sm-652">
         <name>__aeabi_memclr</name>
         <value>0x3851</value>
         <object_component_ref idref="oc-12f"/>
      </symbol>
      <symbol id="sm-664">
         <name>__TI_zero_init</name>
         <value>0x3b4d</value>
         <object_component_ref idref="oc-5e"/>
      </symbol>
      <symbol id="sm-67b">
         <name>__TI_decompress_none</name>
         <value>0x3b33</value>
         <object_component_ref idref="oc-1b"/>
      </symbol>
      <symbol id="sm-69e">
         <name>__TI_decompress_lzss</name>
         <value>0x38cb</value>
         <object_component_ref idref="oc-15"/>
      </symbol>
      <symbol id="sm-6ac">
         <name>strcpy</name>
         <value>0x3b0b</value>
         <object_component_ref idref="oc-18c"/>
      </symbol>
      <symbol id="sm-6ba">
         <name>strlen</name>
         <value>0x3b1f</value>
         <object_component_ref idref="oc-ad"/>
      </symbol>
      <symbol id="sm-6cd">
         <name>__stack</name>
         <value>0x20000608</value>
         <object_component_ref idref="oc-24"/>
      </symbol>
      <symbol id="sm-6ce">
         <name>_c_int00_noargs</name>
         <value>0x3a7d</value>
         <object_component_ref idref="oc-6a"/>
      </symbol>
      <symbol id="sm-6f6">
         <name>__TI_auto_init_nobinit_nopinit</name>
         <value>0x398d</value>
         <object_component_ref idref="oc-236"/>
      </symbol>
      <symbol id="sm-700">
         <name>_system_pre_init</name>
         <value>0x3b77</value>
         <object_component_ref idref="oc-135"/>
      </symbol>
      <symbol id="sm-70c">
         <name>C$$EXIT</name>
         <value>0x3b7b</value>
         <object_component_ref idref="oc-22a"/>
      </symbol>
      <symbol id="sm-70d">
         <name>abort</name>
         <value>0x3b7b</value>
         <object_component_ref idref="oc-22a"/>
      </symbol>
      <symbol id="sm-772">
         <name>GPIOIntEnable</name>
         <value>0x3b41</value>
         <object_component_ref idref="oc-e3"/>
      </symbol>
      <symbol id="sm-773">
         <name>GPIOIntTypeSet</name>
         <value>0x3933</value>
         <object_component_ref idref="oc-dd"/>
      </symbol>
      <symbol id="sm-774">
         <name>GPIOPinTypeGPIOInput</name>
         <value>0x3af5</value>
         <object_component_ref idref="oc-d1"/>
      </symbol>
      <symbol id="sm-775">
         <name>GPIOIntClear</name>
         <value>0x3b65</value>
         <object_component_ref idref="oc-9b"/>
      </symbol>
      <symbol id="sm-776">
         <name>GPIOPinTypeGPIOOutput</name>
         <value>0x3add</value>
         <object_component_ref idref="oc-cb"/>
      </symbol>
      <symbol id="sm-777">
         <name>GPIOPinRead</name>
         <value>0x3b6b</value>
         <object_component_ref idref="oc-b3"/>
      </symbol>
      <symbol id="sm-778">
         <name>GPIODirModeSet</name>
         <value>0x3ab1</value>
         <object_component_ref idref="oc-1d9"/>
      </symbol>
      <symbol id="sm-779">
         <name>GPIOPinWrite</name>
         <value>0x3b71</value>
         <object_component_ref idref="oc-b9"/>
      </symbol>
      <symbol id="sm-77a">
         <name>GPIOPadConfigSet</name>
         <value>0x33e1</value>
         <object_component_ref idref="oc-d7"/>
      </symbol>
      <symbol id="sm-798">
         <name>SysCtlPeripheralEnable</name>
         <value>0x3a49</value>
         <object_component_ref idref="oc-bf"/>
      </symbol>
      <symbol id="sm-799">
         <name>SysCtlPeripheralReady</name>
         <value>0x3a11</value>
         <object_component_ref idref="oc-c5"/>
      </symbol>
      <symbol id="sm-79a">
         <name>__TI_static_base__</name>
         <value>0x0</value>
      </symbol>
      <symbol id="sm-79d">
         <name>__mpu_init</name>
         <value>0x0</value>
      </symbol>
      <symbol id="sm-79e">
         <name>_system_post_cinit</name>
         <value>0x0</value>
      </symbol>
      <symbol id="sm-79f">
         <name>SysCtlSleep</name>
         <value>0x39f3</value>
      </symbol>
   </symbol_table>
   <title>Link successful</title>
</link_info>
