******************************************************************************
                  TI ARM Linker Unix v20.2.0                   
******************************************************************************
>> Linked Fri Apr 24 07:27:43 2020

OUTPUT FILE NAME:   <FreeRTOS_UART_Queues.out>
ENTRY POINT SYMBOL: "_c_int00_noargs"  address: 00003a7d


MEMORY CONFIGURATION

         name            origin    length      used     unused   attr    fill
----------------------  --------  ---------  --------  --------  ----  --------
  FLASH                 00000000   00100000  00003f8e  000fc072  R  X
  SRAM                  20000000   00040000  00005954  0003a6ac  RW X


SEGMENT ALLOCATION MAP

run origin  load origin   length   init length attrs members
----------  ----------- ---------- ----------- ----- -------
00000000    00000000    00003f90   00003f90    r-x
  00000000    00000000    00000200   00000200    r-- .intvecs
  00000200    00000200    0000397e   0000397e    r-x .text
  00003b80    00003b80    000001b0   000001b0    r-- .const
  00003d30    00003d30    00000260   00000260    r-- .cinit
20000000    20000000    00005958   00000000    rw-
  20000000    20000000    00000604   00000000    rw- .vtable
  20000608    20000608    00002710   00000000    rw- .stack
  20002d18    20002d18    000021b4   00000000    rw- .bss
  20004ecc    20004ecc    00000a8c   00000000    rw- .data


SECTION ALLOCATION MAP

 output                                  attributes/
section   page    origin      length       input sections
--------  ----  ----------  ----------   ----------------
.intvecs   0    00000000    00000200     
                  00000000    00000200     startup_ccs.obj (.intvecs)

.text      0    00000200    0000397e     
                  00000200    00000fe0     tasks.obj (.text)
                  000011e0    00000c10     uart.obj (.text)
                  00001df0    00000b16     queue.obj (.text)
                  00002906    00000002     --HOLE-- [fill = 0]
                  00002908    000003c0     interrupt.obj (.text)
                  00002cc8    000002dc     main_free_uart_queues.obj (.text)
                  00002fa4    000001c4     circularBuffer.obj (.text)
                  00003168    0000013c     nvic.obj (.text)
                  000032a4    0000013c     port.obj (.text)
                  000033e0    00000132     driverlib.lib : gpio.obj (.text:GPIOPadConfigSet)
                  00003512    0000012a     list.obj (.text)
                  0000363c    000000da     portasm.obj (.text)
                  00003716    00000002     --HOLE-- [fill = 0]
                  00003718    0000009c     heap_1.obj (.text)
                  000037b4    0000009c     rtsv7M4_T_le_v4SPD16_eabi.lib : memcpy_t2.asm.obj (.text)
                  00003850    0000007a                                   : memset_t2.asm.obj (.text)
                  000038ca    00000068                                   : copy_decompress_lzss.c.obj (.text:decompress:lzss:__TI_decompress_lzss)
                  00003932    00000058     driverlib.lib : gpio.obj (.text:GPIOIntTypeSet)
                  0000398a    00000002     --HOLE-- [fill = 0]
                  0000398c    00000044     rtsv7M4_T_le_v4SPD16_eabi.lib : autoinit.c.obj (.text:__TI_auto_init_nobinit_nopinit:__TI_auto_init_nobinit_nopinit)
                  000039d0    0000003e     cpu.obj (.text)
                  00003a0e    00000002     --HOLE-- [fill = 0]
                  00003a10    00000038     driverlib.lib : sysctl.obj (.text:SysCtlPeripheralReady)
                  00003a48    00000034                   : sysctl.obj (.text:SysCtlPeripheralEnable)
                  00003a7c    00000034     rtsv7M4_T_le_v4SPD16_eabi.lib : boot_cortex_m.c.obj (.text:_c_int00_noargs:_c_int00_noargs)
                  00003ab0    0000002c     driverlib.lib : gpio.obj (.text:GPIODirModeSet)
                  00003adc    00000018                   : gpio.obj (.text:GPIOPinTypeGPIOOutput)
                  00003af4    00000016                   : gpio.obj (.text:GPIOPinTypeGPIOInput)
                  00003b0a    00000014     rtsv7M4_T_le_v4SPD16_eabi.lib : strcpy.c.obj (.text:strcpy)
                  00003b1e    00000014                                   : strlen.c.obj (.text:strlen)
                  00003b32    0000000e                                   : copy_decompress_none.c.obj (.text:decompress:none:__TI_decompress_none)
                  00003b40    0000000c     driverlib.lib : gpio.obj (.text:GPIOIntEnable)
                  00003b4c    0000000c     rtsv7M4_T_le_v4SPD16_eabi.lib : copy_zero_init.c.obj (.text:decompress:ZI:__TI_zero_init)
                  00003b58    0000000c     startup_ccs.obj (.text)
                  00003b64    00000006     driverlib.lib : gpio.obj (.text:GPIOIntClear)
                  00003b6a    00000006                   : gpio.obj (.text:GPIOPinRead)
                  00003b70    00000006                   : gpio.obj (.text:GPIOPinWrite)
                  00003b76    00000004     rtsv7M4_T_le_v4SPD16_eabi.lib : pre_init.c.obj (.text:_system_pre_init)
                  00003b7a    00000004                                   : exit.c.obj (.text:abort:abort)

.const     0    00003b80    000001b0     
                  00003b80    0000009c     interrupt.obj (.const:g_pui32Regs)
                  00003c1c    00000040     uart.obj (.const:halPortCoreStateClockModuleValueHolder_)
                  00003c5c    00000040     uart.obj (.const:halUartCoreStateClockModuleValueHolder_)
                  00003c9c    00000020     interrupt.obj (.const:g_pui32Priority)
                  00003cbc    0000001f     main_free_uart_queues.obj (.const:.string:greetingMessage_)
                  00003cdb    00000001     --HOLE-- [fill = 0]
                  00003cdc    00000014     interrupt.obj (.const:g_pui32Dii16Regs)
                  00003cf0    00000014     interrupt.obj (.const:g_pui32EnRegs)
                  00003d04    00000014     interrupt.obj (.const:g_pui32PendRegs)
                  00003d18    00000014     interrupt.obj (.const:g_pui32UnpendRegs)
                  00003d2c    00000004     port.obj (.const)

.cinit     0    00003d30    00000260     
                  00003d30    00000226     (.cinit..data.load) [load image, compression = lzss]
                  00003f56    00000002     --HOLE-- [fill = 0]
                  00003f58    0000000c     (__TI_handler_table)
                  00003f64    00000004     --HOLE-- [fill = 0]
                  00003f68    00000008     (.cinit..bss.load) [load image, compression = zero_init]
                  00003f70    00000008     (.cinit..vtable.load) [load image, compression = zero_init]
                  00003f78    00000018     (__TI_cinit_table)

.init_array 
*          0    00000000    00000000     UNINITIALIZED

.vtable    0    20000000    00000604     UNINITIALIZED
                  20000000    0000026c     interrupt.obj (.vtable)
                  2000026c    00000194     --HOLE--
                  20000400    00000204     nvic.obj (.vtable)

.bss       0    20002d18    000021b4     UNINITIALIZED
                  20002d18    00002000     heap_1.obj (.bss:ucHeap)
                  20004d18    000000a0     tasks.obj (.bss:pxReadyTasksLists)
                  20004db8    00000080     circularBuffer.obj (.bss:circularBufferStates)
                  20004e38    00000014     main_free_uart_queues.obj (.bss:uartMemoryAreaRx_)
                  20004e4c    00000014     main_free_uart_queues.obj (.bss:uartMemoryAreaTx_)
                  20004e60    00000014     tasks.obj (.bss:xDelayedTaskList1)
                  20004e74    00000014     tasks.obj (.bss:xDelayedTaskList2)
                  20004e88    00000014     tasks.obj (.bss:xPendingReadyList)
                  20004e9c    00000010     (.common:uartCores)
                  20004eac    00000008     uart.obj (.bss:forceRx_)
                  20004eb4    00000008     uart.obj (.bss:forceTx_)
                  20004ebc    00000008     tasks.obj (.bss)
                  20004ec4    00000004     circularBuffer.obj (.bss)
                  20004ec8    00000004     (.common:myMessageQueue)

.data      0    20004ecc    00000a8c     UNINITIALIZED
                  20004ecc    00000800     uart.obj (.data:halPortCoreStatePointerValueHolder_)
                  200056cc    000001a0     uart.obj (.data:halUartCoreStatePointerHolder_)
                  2000586c    00000080     uart.obj (.data:halPortCoreStatePointerHolder_)
                  200058ec    00000030     tasks.obj (.data)
                  2000591c    00000010     nvic.obj (.data:irqDisableRegisters)
                  2000592c    00000010     nvic.obj (.data:irqEnableRegisters)
                  2000593c    0000000c     main_free_uart_queues.obj (.data)
                  20005948    00000008     heap_1.obj (.data)
                  20005950    00000004     nvic.obj (.data)
                  20005954    00000004     port.obj (.data)

.stack     0    20000608    00002710     UNINITIALIZED
                  20000608    00000004     rtsv7M4_T_le_v4SPD16_eabi.lib : boot_cortex_m.c.obj (.stack)
                  2000060c    0000270c     --HOLE--

__llvm_prf_cnts 
*          0    20000000    00000000     UNINITIALIZED

MODULE SUMMARY

       Module                       code    ro data   rw data
       ------                       ----    -------   -------
    ./
       main_free_uart_queues.obj    732     31        56     
       startup_ccs.obj              12      512       0      
    +--+----------------------------+-------+---------+---------+
       Total:                       744     543       56     
                                                             
    ./hal/nvic/src/
       interrupt.obj                960     268       620    
       nvic.obj                     316     0         552    
       cpu.obj                      62      0         0      
    +--+----------------------------+-------+---------+---------+
       Total:                       1338    268       1172   
                                                             
    ./hal/uart/src/
       uart.obj                     3088    128       2624   
    +--+----------------------------+-------+---------+---------+
       Total:                       3088    128       2624   
                                                             
    ./rtos/FreeRTOS/source/
       tasks.obj                    4064    0         276    
       queue.obj                    2838    0         0      
       list.obj                     298     0         0      
    +--+----------------------------+-------+---------+---------+
       Total:                       7200    0         276    
                                                             
    ./rtos/FreeRTOS/source/portable/CCS/ARM_CM4F/
       port.obj                     316     4         4      
       portasm.obj                  218     0         0      
    +--+----------------------------+-------+---------+---------+
       Total:                       534     4         4      
                                                             
    ./rtos/FreeRTOS/source/portable/MemMang/
       heap_1.obj                   156     0         8200   
    +--+----------------------------+-------+---------+---------+
       Total:                       156     0         8200   
                                                             
    ./utils/circularBuffer/src/
       circularBuffer.obj           452     0         132    
    +--+----------------------------+-------+---------+---------+
       Total:                       452     0         132    
                                                             
    /home/ole/CodeComposerStudio10/TivaWare_C_Series-2.1.4.178/driverlib/ccs/Debug/driverlib.lib
       gpio.obj                     514     0         0      
       sysctl.obj                   108     0         0      
    +--+----------------------------+-------+---------+---------+
       Total:                       622     0         0      
                                                             
    /home/ole/CodeComposerStudio10/ccs/tools/compiler/ti-cgt-arm_20.2.0.LTS/lib/rtsv7M4_T_le_v4SPD16_eabi.lib
       memcpy_t2.asm.obj            156     0         0      
       memset_t2.asm.obj            122     0         0      
       copy_decompress_lzss.c.obj   104     0         0      
       autoinit.c.obj               68      0         0      
       boot_cortex_m.c.obj          52      0         0      
       strcpy.c.obj                 20      0         0      
       strlen.c.obj                 20      0         0      
       copy_decompress_none.c.obj   14      0         0      
       copy_zero_init.c.obj         12      0         0      
       exit.c.obj                   4       0         0      
       pre_init.c.obj               4       0         0      
    +--+----------------------------+-------+---------+---------+
       Total:                       576     0         0      
                                                             
       Stack:                       0       0         10000  
       Linker Generated:            0       602       0      
    +--+----------------------------+-------+---------+---------+
       Grand Total:                 14710   1545      22464  


LINKER GENERATED COPY TABLES

__TI_cinit_table @ 00003f78 records: 3, size/record: 8, table size: 24
	.data: load addr=00003d30, load size=00000226 bytes, run addr=20004ecc, run size=00000a8c bytes, compression=lzss
	.bss: load addr=00003f68, load size=00000008 bytes, run addr=20002d18, run size=000021b4 bytes, compression=zero_init
	.vtable: load addr=00003f70, load size=00000008 bytes, run addr=20000000, run size=00000604 bytes, compression=zero_init


LINKER GENERATED HANDLER TABLE

__TI_handler_table @ 00003f58 records: 3, size/record: 4, table size: 12
	index: 0, handler: __TI_zero_init
	index: 1, handler: __TI_decompress_lzss
	index: 2, handler: __TI_decompress_none


GLOBAL SYMBOLS: SORTED ALPHABETICALLY BY Name 

address   name                               
-------   ----                               
00003b7b  C$$EXIT                            
00003a05  CPUbasepriGet                      
000039f7  CPUbasepriSet                      
000039d1  CPUcpsid                           
000039e7  CPUcpsie                           
000039dd  CPUprimask                         
000039f3  CPUwfi                             
00003ab1  GPIODirModeSet                     
00003b65  GPIOIntClear                       
00003b41  GPIOIntEnable                      
00003933  GPIOIntTypeSet                     
000033e1  GPIOPadConfigSet                   
00003b6b  GPIOPinRead                        
00003af5  GPIOPinTypeGPIOInput               
00003add  GPIOPinTypeGPIOOutput              
00003b71  GPIOPinWrite                       
00002cc9  INT_Handler_Port_J                 
00002ac9  IntDisable                         
00002a57  IntEnable                          
00002b3b  IntIsEnabled                       
0000291b  IntMasterDisable                   
0000290b  IntMasterEnable                    
00002c31  IntPendClear                       
00002bc1  IntPendSet                         
00002a33  IntPriorityGet                     
000029ab  IntPriorityGroupingGet             
00002991  IntPriorityGroupingSet             
00002c8b  IntPriorityMaskGet                 
00002c7f  IntPriorityMaskSet                 
000029e3  IntPrioritySet                     
0000292b  IntRegister                        
00002c93  IntTrigger                         
0000297d  IntUnregister                      
00003b59  ResetISR                           
00003a49  SysCtlPeripheralEnable             
00003a11  SysCtlPeripheralReady              
000039f3  SysCtlSleep                        
20002d18  __STACK_END                        
00002710  __STACK_SIZE                       
20000808  __STACK_TOP                        
00003f78  __TI_CINIT_Base                    
00003f90  __TI_CINIT_Limit                   
00003f58  __TI_Handler_Table_Base            
00003f64  __TI_Handler_Table_Limit           
0000398d  __TI_auto_init_nobinit_nopinit     
000038cb  __TI_decompress_lzss               
00003b33  __TI_decompress_none               
ffffffff  __TI_pprof_out_hndl                
ffffffff  __TI_prof_data_size                
ffffffff  __TI_prof_data_start               
00000000  __TI_static_base__                 
00003b4d  __TI_zero_init                     
00003851  __aeabi_memclr                     
00003851  __aeabi_memclr4                    
00003851  __aeabi_memclr8                    
000037b5  __aeabi_memcpy                     
000037b5  __aeabi_memcpy4                    
000037b5  __aeabi_memcpy8                    
00003853  __aeabi_memset                     
00003853  __aeabi_memset4                    
00003853  __aeabi_memset8                    
ffffffff  __binit__                          
ffffffff  __c_args__                         
UNDEFED   __mpu_init                         
20000608  __stack                            
20000000  __start___llvm_prf_cnts            
20000000  __stop___llvm_prf_cnts             
00003a7d  _c_int00_noargs                    
UNDEFED   _system_post_cinit                 
00003b77  _system_pre_init                   
00003b7b  abort                              
ffffffff  binit                              
20000000  g_pfnRAMVectors                    
00000000  g_pfnVectors                       
000031cd  halNvicDeinstallISR                
00003227  halNvicDisableInterrupt            
00003169  halNvicDriverInit                  
000031e9  halNvicEnableInterrupt             
000031b3  halNvicInstallISR                  
00003265  halNvicTriggerInterrupt            
000016a5  halUartCoreInit                    
0000160b  halUartDriverInit                  
00001beb  halUartRx                          
00001b8b  halUartTx                          
20000400  interruptVectorTableRam_           
00002cf7  main                               
000037b5  memcpy                             
00003859  memset                             
20004ec8  myMessageQueue                     
00000649  pcTaskGetName                      
00003719  pvPortMalloc                       
00000d2f  pvTaskIncrementMutexHeldCount      
200058ec  pxCurrentTCB                       
000032a5  pxPortInitialiseStack              
00003b0b  strcpy                             
00003b1f  strlen                             
20004e9c  uartCores                          
00003d2c  ulMaxSyscallInterruptPriority      
0000364d  ulPortGetIPSR                      
00000d47  ulTaskNotifyTake                   
00002fa5  utilsCircularBufferDriverInit      
00002fad  utilsCircularBufferInit            
000030e7  utilsCircularBufferRead            
00003079  utilsCircularBufferWrite           
000035f5  uxListRemove                       
00002651  uxQueueMessagesWaiting             
00002687  uxQueueMessagesWaitingFromISR      
00002667  uxQueueSpacesAvailable             
0000063d  uxTaskGetNumberOfTasks             
00000d0d  uxTaskResetEventItemValue          
00003513  vListInitialise                    
00003543  vListInitialiseItem                
0000358f  vListInsert                        
00003553  vListInsertEnd                     
00003709  vPortEnableVFP                     
00003345  vPortEndScheduler                  
00003347  vPortEnterCritical                 
00003367  vPortExitCritical                  
00003789  vPortFree                          
00003793  vPortInitialiseBlocks              
000036c5  vPortSVCHandler                    
000033a3  vPortSetupTimerInterrupt           
000036e5  vPortStartFirstTask                
0000269d  vQueueDelete                       
0000047f  vTaskDelay                         
000003ef  vTaskDelayUntil                    
000004ff  vTaskEndScheduler                  
00000959  vTaskInternalSetTimeOutState       
000009ed  vTaskMissedYield                   
00001059  vTaskNotifyGiveFromISR             
000007f9  vTaskPlaceOnEventList              
0000081d  vTaskPlaceOnUnorderedEventList     
00000c31  vTaskPriorityDisinheritAfterTimeout
000008d1  vTaskRemoveFromUnorderedEventList  
00000933  vTaskSetTimeOutState               
000004b5  vTaskStartScheduler                
0000051b  vTaskSuspendAll                    
00000791  vTaskSwitchContext                 
0000379b  xPortGetFreeHeapSize               
00003665  xPortPendSVHandler                 
0000330f  xPortStartScheduler                
0000337d  xPortSysTickHandler                
00001f45  xQueueCreateMutex                  
00001e91  xQueueGenericCreate                
00001df1  xQueueGenericReset                 
00001f71  xQueueGenericSend                  
000020a1  xQueueGenericSendFromISR           
0000213d  xQueueGiveFromISR                  
0000289b  xQueueIsQueueEmptyFromISR          
000028e1  xQueueIsQueueFullFromISR           
00002443  xQueuePeek                         
000025ff  xQueuePeekFromISR                  
000021d1  xQueueReceive                      
00002565  xQueueReceiveFromISR               
000022e9  xQueueSemaphoreTake                
00000979  xTaskCheckForTimeOut               
00000201  xTaskCreate                        
00000e61  xTaskGenericNotify                 
00000f51  xTaskGenericNotifyFromISR          
00000a81  xTaskGetCurrentTaskHandle          
00000611  xTaskGetTickCount                  
00000621  xTaskGetTickCountFromISR           
0000067d  xTaskIncrementTick                 
00001105  xTaskNotifyStateClear              
00000dc1  xTaskNotifyWait                    
00000b85  xTaskPriorityDisinherit            
00000a9d  xTaskPriorityInherit               
0000084d  xTaskRemoveFromEventList           
00000525  xTaskResumeAll                     


GLOBAL SYMBOLS: SORTED BY Symbol Address 

address   name                               
-------   ----                               
00000000  __TI_static_base__                 
00000000  g_pfnVectors                       
00000201  xTaskCreate                        
000003ef  vTaskDelayUntil                    
0000047f  vTaskDelay                         
000004b5  vTaskStartScheduler                
000004ff  vTaskEndScheduler                  
0000051b  vTaskSuspendAll                    
00000525  xTaskResumeAll                     
00000611  xTaskGetTickCount                  
00000621  xTaskGetTickCountFromISR           
0000063d  uxTaskGetNumberOfTasks             
00000649  pcTaskGetName                      
0000067d  xTaskIncrementTick                 
00000791  vTaskSwitchContext                 
000007f9  vTaskPlaceOnEventList              
0000081d  vTaskPlaceOnUnorderedEventList     
0000084d  xTaskRemoveFromEventList           
000008d1  vTaskRemoveFromUnorderedEventList  
00000933  vTaskSetTimeOutState               
00000959  vTaskInternalSetTimeOutState       
00000979  xTaskCheckForTimeOut               
000009ed  vTaskMissedYield                   
00000a81  xTaskGetCurrentTaskHandle          
00000a9d  xTaskPriorityInherit               
00000b85  xTaskPriorityDisinherit            
00000c31  vTaskPriorityDisinheritAfterTimeout
00000d0d  uxTaskResetEventItemValue          
00000d2f  pvTaskIncrementMutexHeldCount      
00000d47  ulTaskNotifyTake                   
00000dc1  xTaskNotifyWait                    
00000e61  xTaskGenericNotify                 
00000f51  xTaskGenericNotifyFromISR          
00001059  vTaskNotifyGiveFromISR             
00001105  xTaskNotifyStateClear              
0000160b  halUartDriverInit                  
000016a5  halUartCoreInit                    
00001b8b  halUartTx                          
00001beb  halUartRx                          
00001df1  xQueueGenericReset                 
00001e91  xQueueGenericCreate                
00001f45  xQueueCreateMutex                  
00001f71  xQueueGenericSend                  
000020a1  xQueueGenericSendFromISR           
0000213d  xQueueGiveFromISR                  
000021d1  xQueueReceive                      
000022e9  xQueueSemaphoreTake                
00002443  xQueuePeek                         
00002565  xQueueReceiveFromISR               
000025ff  xQueuePeekFromISR                  
00002651  uxQueueMessagesWaiting             
00002667  uxQueueSpacesAvailable             
00002687  uxQueueMessagesWaitingFromISR      
0000269d  vQueueDelete                       
00002710  __STACK_SIZE                       
0000289b  xQueueIsQueueEmptyFromISR          
000028e1  xQueueIsQueueFullFromISR           
0000290b  IntMasterEnable                    
0000291b  IntMasterDisable                   
0000292b  IntRegister                        
0000297d  IntUnregister                      
00002991  IntPriorityGroupingSet             
000029ab  IntPriorityGroupingGet             
000029e3  IntPrioritySet                     
00002a33  IntPriorityGet                     
00002a57  IntEnable                          
00002ac9  IntDisable                         
00002b3b  IntIsEnabled                       
00002bc1  IntPendSet                         
00002c31  IntPendClear                       
00002c7f  IntPriorityMaskSet                 
00002c8b  IntPriorityMaskGet                 
00002c93  IntTrigger                         
00002cc9  INT_Handler_Port_J                 
00002cf7  main                               
00002fa5  utilsCircularBufferDriverInit      
00002fad  utilsCircularBufferInit            
00003079  utilsCircularBufferWrite           
000030e7  utilsCircularBufferRead            
00003169  halNvicDriverInit                  
000031b3  halNvicInstallISR                  
000031cd  halNvicDeinstallISR                
000031e9  halNvicEnableInterrupt             
00003227  halNvicDisableInterrupt            
00003265  halNvicTriggerInterrupt            
000032a5  pxPortInitialiseStack              
0000330f  xPortStartScheduler                
00003345  vPortEndScheduler                  
00003347  vPortEnterCritical                 
00003367  vPortExitCritical                  
0000337d  xPortSysTickHandler                
000033a3  vPortSetupTimerInterrupt           
000033e1  GPIOPadConfigSet                   
00003513  vListInitialise                    
00003543  vListInitialiseItem                
00003553  vListInsertEnd                     
0000358f  vListInsert                        
000035f5  uxListRemove                       
0000364d  ulPortGetIPSR                      
00003665  xPortPendSVHandler                 
000036c5  vPortSVCHandler                    
000036e5  vPortStartFirstTask                
00003709  vPortEnableVFP                     
00003719  pvPortMalloc                       
00003789  vPortFree                          
00003793  vPortInitialiseBlocks              
0000379b  xPortGetFreeHeapSize               
000037b5  __aeabi_memcpy                     
000037b5  __aeabi_memcpy4                    
000037b5  __aeabi_memcpy8                    
000037b5  memcpy                             
00003851  __aeabi_memclr                     
00003851  __aeabi_memclr4                    
00003851  __aeabi_memclr8                    
00003853  __aeabi_memset                     
00003853  __aeabi_memset4                    
00003853  __aeabi_memset8                    
00003859  memset                             
000038cb  __TI_decompress_lzss               
00003933  GPIOIntTypeSet                     
0000398d  __TI_auto_init_nobinit_nopinit     
000039d1  CPUcpsid                           
000039dd  CPUprimask                         
000039e7  CPUcpsie                           
000039f3  CPUwfi                             
000039f3  SysCtlSleep                        
000039f7  CPUbasepriSet                      
00003a05  CPUbasepriGet                      
00003a11  SysCtlPeripheralReady              
00003a49  SysCtlPeripheralEnable             
00003a7d  _c_int00_noargs                    
00003ab1  GPIODirModeSet                     
00003add  GPIOPinTypeGPIOOutput              
00003af5  GPIOPinTypeGPIOInput               
00003b0b  strcpy                             
00003b1f  strlen                             
00003b33  __TI_decompress_none               
00003b41  GPIOIntEnable                      
00003b4d  __TI_zero_init                     
00003b59  ResetISR                           
00003b65  GPIOIntClear                       
00003b6b  GPIOPinRead                        
00003b71  GPIOPinWrite                       
00003b77  _system_pre_init                   
00003b7b  C$$EXIT                            
00003b7b  abort                              
00003d2c  ulMaxSyscallInterruptPriority      
00003f58  __TI_Handler_Table_Base            
00003f64  __TI_Handler_Table_Limit           
00003f78  __TI_CINIT_Base                    
00003f90  __TI_CINIT_Limit                   
20000000  __start___llvm_prf_cnts            
20000000  __stop___llvm_prf_cnts             
20000000  g_pfnRAMVectors                    
20000400  interruptVectorTableRam_           
20000608  __stack                            
20000808  __STACK_TOP                        
20002d18  __STACK_END                        
20004e9c  uartCores                          
20004ec8  myMessageQueue                     
200058ec  pxCurrentTCB                       
ffffffff  __TI_pprof_out_hndl                
ffffffff  __TI_prof_data_size                
ffffffff  __TI_prof_data_start               
ffffffff  __binit__                          
ffffffff  __c_args__                         
ffffffff  binit                              
UNDEFED   __mpu_init                         
UNDEFED   _system_post_cinit                 

[169 symbols]
