<?xml version="1.0" encoding="ISO-8859-1" ?>
<link_info>
   <banner>TI ARM Linker Unix v20.2.0.LTS</banner>
   <copyright>Copyright (c) 1996-2018 Texas Instruments Incorporated</copyright>
   <link_time>0x5ea27048</link_time>
   <link_errors>0x0</link_errors>
   <output_file>FreeRTOS_UART.out</output_file>
   <entry_point>
      <name>_c_int00_noargs</name>
      <address>0x3ac1</address>
   </entry_point>
   <input_file_list>
      <input_file id="fl-2">
         <path>./</path>
         <kind>object</kind>
         <file>main_free_uart.obj</file>
         <name>main_free_uart.obj</name>
      </input_file>
      <input_file id="fl-3">
         <path>./</path>
         <kind>object</kind>
         <file>startup_ccs.obj</file>
         <name>startup_ccs.obj</name>
      </input_file>
      <input_file id="fl-4">
         <path>./hal/nvic/src/</path>
         <kind>object</kind>
         <file>cpu.obj</file>
         <name>cpu.obj</name>
      </input_file>
      <input_file id="fl-5">
         <path>./hal/nvic/src/</path>
         <kind>object</kind>
         <file>interrupt.obj</file>
         <name>interrupt.obj</name>
      </input_file>
      <input_file id="fl-6">
         <path>./hal/nvic/src/</path>
         <kind>object</kind>
         <file>nvic.obj</file>
         <name>nvic.obj</name>
      </input_file>
      <input_file id="fl-7">
         <path>./hal/uart/src/</path>
         <kind>object</kind>
         <file>uart.obj</file>
         <name>uart.obj</name>
      </input_file>
      <input_file id="fl-8">
         <path>./rtos/FreeRTOS/source/</path>
         <kind>object</kind>
         <file>croutine.obj</file>
         <name>croutine.obj</name>
      </input_file>
      <input_file id="fl-9">
         <path>./rtos/FreeRTOS/source/</path>
         <kind>object</kind>
         <file>event_groups.obj</file>
         <name>event_groups.obj</name>
      </input_file>
      <input_file id="fl-a">
         <path>./rtos/FreeRTOS/source/</path>
         <kind>object</kind>
         <file>list.obj</file>
         <name>list.obj</name>
      </input_file>
      <input_file id="fl-b">
         <path>./rtos/FreeRTOS/source/</path>
         <kind>object</kind>
         <file>queue.obj</file>
         <name>queue.obj</name>
      </input_file>
      <input_file id="fl-c">
         <path>./rtos/FreeRTOS/source/</path>
         <kind>object</kind>
         <file>stream_buffer.obj</file>
         <name>stream_buffer.obj</name>
      </input_file>
      <input_file id="fl-d">
         <path>./rtos/FreeRTOS/source/</path>
         <kind>object</kind>
         <file>tasks.obj</file>
         <name>tasks.obj</name>
      </input_file>
      <input_file id="fl-e">
         <path>./rtos/FreeRTOS/source/</path>
         <kind>object</kind>
         <file>timers.obj</file>
         <name>timers.obj</name>
      </input_file>
      <input_file id="fl-f">
         <path>./rtos/FreeRTOS/source/portable/CCS/ARM_CM4F/</path>
         <kind>object</kind>
         <file>port.obj</file>
         <name>port.obj</name>
      </input_file>
      <input_file id="fl-10">
         <path>./rtos/FreeRTOS/source/portable/CCS/ARM_CM4F/</path>
         <kind>object</kind>
         <file>portasm.obj</file>
         <name>portasm.obj</name>
      </input_file>
      <input_file id="fl-11">
         <path>./rtos/FreeRTOS/source/portable/MemMang/</path>
         <kind>object</kind>
         <file>heap_1.obj</file>
         <name>heap_1.obj</name>
      </input_file>
      <input_file id="fl-12">
         <path>./utils/circularBuffer/src/</path>
         <kind>object</kind>
         <file>circularBuffer.obj</file>
         <name>circularBuffer.obj</name>
      </input_file>
      <input_file id="fl-17">
         <kind>object</kind>
         <file>&lt;internal&gt;</file>
         <name>&lt;internal&gt;</name>
      </input_file>
      <input_file id="fl-cd">
         <path>/home/ole/CodeComposerStudio10/ccs/tools/compiler/ti-cgt-arm_20.2.0.LTS/lib/</path>
         <kind>archive</kind>
         <file>rtsv7M4_T_le_v4SPD16_eabi.lib</file>
         <name>memcpy_t2.asm.obj</name>
      </input_file>
      <input_file id="fl-ce">
         <path>/home/ole/CodeComposerStudio10/ccs/tools/compiler/ti-cgt-arm_20.2.0.LTS/lib/</path>
         <kind>archive</kind>
         <file>rtsv7M4_T_le_v4SPD16_eabi.lib</file>
         <name>memset_t2.asm.obj</name>
      </input_file>
      <input_file id="fl-cf">
         <path>/home/ole/CodeComposerStudio10/ccs/tools/compiler/ti-cgt-arm_20.2.0.LTS/lib/</path>
         <kind>archive</kind>
         <file>rtsv7M4_T_le_v4SPD16_eabi.lib</file>
         <name>copy_zero_init.c.obj</name>
      </input_file>
      <input_file id="fl-d0">
         <path>/home/ole/CodeComposerStudio10/ccs/tools/compiler/ti-cgt-arm_20.2.0.LTS/lib/</path>
         <kind>archive</kind>
         <file>rtsv7M4_T_le_v4SPD16_eabi.lib</file>
         <name>copy_decompress_none.c.obj</name>
      </input_file>
      <input_file id="fl-d1">
         <path>/home/ole/CodeComposerStudio10/ccs/tools/compiler/ti-cgt-arm_20.2.0.LTS/lib/</path>
         <kind>archive</kind>
         <file>rtsv7M4_T_le_v4SPD16_eabi.lib</file>
         <name>copy_decompress_lzss.c.obj</name>
      </input_file>
      <input_file id="fl-d2">
         <path>/home/ole/CodeComposerStudio10/ccs/tools/compiler/ti-cgt-arm_20.2.0.LTS/lib/</path>
         <kind>archive</kind>
         <file>rtsv7M4_T_le_v4SPD16_eabi.lib</file>
         <name>strcpy.c.obj</name>
      </input_file>
      <input_file id="fl-d3">
         <path>/home/ole/CodeComposerStudio10/ccs/tools/compiler/ti-cgt-arm_20.2.0.LTS/lib/</path>
         <kind>archive</kind>
         <file>rtsv7M4_T_le_v4SPD16_eabi.lib</file>
         <name>boot_cortex_m.c.obj</name>
      </input_file>
      <input_file id="fl-d4">
         <path>/home/ole/CodeComposerStudio10/ccs/tools/compiler/ti-cgt-arm_20.2.0.LTS/lib/</path>
         <kind>archive</kind>
         <file>rtsv7M4_T_le_v4SPD16_eabi.lib</file>
         <name>autoinit.c.obj</name>
      </input_file>
      <input_file id="fl-d5">
         <path>/home/ole/CodeComposerStudio10/ccs/tools/compiler/ti-cgt-arm_20.2.0.LTS/lib/</path>
         <kind>archive</kind>
         <file>rtsv7M4_T_le_v4SPD16_eabi.lib</file>
         <name>pre_init.c.obj</name>
      </input_file>
      <input_file id="fl-d6">
         <path>/home/ole/CodeComposerStudio10/ccs/tools/compiler/ti-cgt-arm_20.2.0.LTS/lib/</path>
         <kind>archive</kind>
         <file>rtsv7M4_T_le_v4SPD16_eabi.lib</file>
         <name>cpy_tbl.c.obj</name>
      </input_file>
      <input_file id="fl-d7">
         <path>/home/ole/CodeComposerStudio10/ccs/tools/compiler/ti-cgt-arm_20.2.0.LTS/lib/</path>
         <kind>archive</kind>
         <file>rtsv7M4_T_le_v4SPD16_eabi.lib</file>
         <name>exit.c.obj</name>
      </input_file>
      <input_file id="fl-d8">
         <path>/home/ole/CodeComposerStudio10/ccs/tools/compiler/ti-cgt-arm_20.2.0.LTS/lib/</path>
         <kind>archive</kind>
         <file>rtsv7M4_T_le_v4SPD16_eabi.lib</file>
         <name>_lock.c.obj</name>
      </input_file>
      <input_file id="fl-d9">
         <path>/home/ole/CodeComposerStudio10/ccs/tools/compiler/ti-cgt-arm_20.2.0.LTS/lib/</path>
         <kind>archive</kind>
         <file>rtsv7M4_T_le_v4SPD16_eabi.lib</file>
         <name>args_main.c.obj</name>
      </input_file>
      <input_file id="fl-da">
         <path>/home/ole/CodeComposerStudio10/TivaWare_C_Series-2.1.4.178/driverlib/ccs/Debug/</path>
         <kind>archive</kind>
         <file>driverlib.lib</file>
         <name>gpio.obj</name>
      </input_file>
      <input_file id="fl-db">
         <path>/home/ole/CodeComposerStudio10/TivaWare_C_Series-2.1.4.178/driverlib/ccs/Debug/</path>
         <kind>archive</kind>
         <file>driverlib.lib</file>
         <name>sysctl.obj</name>
      </input_file>
   </input_file_list>
   <object_component_list>
      <object_component id="oc-12">
         <name>.intvecs</name>
         <load_address>0x0</load_address>
         <run_address>0x0</run_address>
         <size>0x200</size>
         <input_file_ref idref="fl-3"/>
      </object_component>
      <object_component id="oc-85">
         <name>.text</name>
         <load_address>0x200</load_address>
         <run_address>0x200</run_address>
         <size>0xfe0</size>
         <input_file_ref idref="fl-d"/>
      </object_component>
      <object_component id="oc-a1">
         <name>.text</name>
         <load_address>0x11e0</load_address>
         <run_address>0x11e0</run_address>
         <size>0xc10</size>
         <input_file_ref idref="fl-7"/>
      </object_component>
      <object_component id="oc-a7">
         <name>.text</name>
         <load_address>0x1df0</load_address>
         <run_address>0x1df0</run_address>
         <size>0xb16</size>
         <input_file_ref idref="fl-b"/>
      </object_component>
      <object_component id="oc-e9">
         <name>.text</name>
         <load_address>0x2908</load_address>
         <run_address>0x2908</run_address>
         <size>0x3c0</size>
         <input_file_ref idref="fl-5"/>
      </object_component>
      <object_component id="oc-38">
         <name>.text</name>
         <load_address>0x2cc8</load_address>
         <run_address>0x2cc8</run_address>
         <size>0x320</size>
         <input_file_ref idref="fl-2"/>
      </object_component>
      <object_component id="oc-192">
         <name>.text</name>
         <load_address>0x2fe8</load_address>
         <run_address>0x2fe8</run_address>
         <size>0x1c4</size>
         <input_file_ref idref="fl-12"/>
      </object_component>
      <object_component id="oc-18c">
         <name>.text</name>
         <load_address>0x31ac</load_address>
         <run_address>0x31ac</run_address>
         <size>0x13c</size>
         <input_file_ref idref="fl-6"/>
      </object_component>
      <object_component id="oc-32">
         <name>.text</name>
         <load_address>0x32e8</load_address>
         <run_address>0x32e8</run_address>
         <size>0x13c</size>
         <input_file_ref idref="fl-f"/>
      </object_component>
      <object_component id="oc-d7">
         <name>.text:GPIOPadConfigSet</name>
         <load_address>0x3424</load_address>
         <run_address>0x3424</run_address>
         <size>0x132</size>
         <input_file_ref idref="fl-da"/>
      </object_component>
      <object_component id="oc-157">
         <name>.text</name>
         <load_address>0x3556</load_address>
         <run_address>0x3556</run_address>
         <size>0x12a</size>
         <input_file_ref idref="fl-a"/>
      </object_component>
      <object_component id="oc-2d">
         <name>.text</name>
         <load_address>0x3680</load_address>
         <run_address>0x3680</run_address>
         <size>0xda</size>
         <input_file_ref idref="fl-10"/>
      </object_component>
      <object_component id="oc-151">
         <name>.text</name>
         <load_address>0x375c</load_address>
         <run_address>0x375c</run_address>
         <size>0x9c</size>
         <input_file_ref idref="fl-11"/>
      </object_component>
      <object_component id="oc-4c">
         <name>.text</name>
         <load_address>0x37f8</load_address>
         <run_address>0x37f8</run_address>
         <size>0x9c</size>
         <input_file_ref idref="fl-cd"/>
      </object_component>
      <object_component id="oc-12f">
         <name>.text</name>
         <load_address>0x3894</load_address>
         <run_address>0x3894</run_address>
         <size>0x7a</size>
         <input_file_ref idref="fl-ce"/>
      </object_component>
      <object_component id="oc-15">
         <name>.text:decompress:lzss:__TI_decompress_lzss</name>
         <load_address>0x390e</load_address>
         <run_address>0x390e</run_address>
         <size>0x68</size>
         <input_file_ref idref="fl-d1"/>
      </object_component>
      <object_component id="oc-dd">
         <name>.text:GPIOIntTypeSet</name>
         <load_address>0x3976</load_address>
         <run_address>0x3976</run_address>
         <size>0x58</size>
         <input_file_ref idref="fl-da"/>
      </object_component>
      <object_component id="oc-230">
         <name>.text:__TI_auto_init_nobinit_nopinit:__TI_auto_init_nobinit_nopinit</name>
         <load_address>0x39d0</load_address>
         <run_address>0x39d0</run_address>
         <size>0x44</size>
         <input_file_ref idref="fl-d4"/>
      </object_component>
      <object_component id="oc-1d9">
         <name>.text</name>
         <load_address>0x3a14</load_address>
         <run_address>0x3a14</run_address>
         <size>0x3e</size>
         <input_file_ref idref="fl-4"/>
      </object_component>
      <object_component id="oc-c5">
         <name>.text:SysCtlPeripheralReady</name>
         <load_address>0x3a54</load_address>
         <run_address>0x3a54</run_address>
         <size>0x38</size>
         <input_file_ref idref="fl-db"/>
      </object_component>
      <object_component id="oc-bf">
         <name>.text:SysCtlPeripheralEnable</name>
         <load_address>0x3a8c</load_address>
         <run_address>0x3a8c</run_address>
         <size>0x34</size>
         <input_file_ref idref="fl-db"/>
      </object_component>
      <object_component id="oc-6a">
         <name>.text:_c_int00_noargs:_c_int00_noargs</name>
         <load_address>0x3ac0</load_address>
         <run_address>0x3ac0</run_address>
         <size>0x34</size>
         <input_file_ref idref="fl-d3"/>
      </object_component>
      <object_component id="oc-1ce">
         <name>.text:GPIODirModeSet</name>
         <load_address>0x3af4</load_address>
         <run_address>0x3af4</run_address>
         <size>0x2c</size>
         <input_file_ref idref="fl-da"/>
      </object_component>
      <object_component id="oc-cb">
         <name>.text:GPIOPinTypeGPIOOutput</name>
         <load_address>0x3b20</load_address>
         <run_address>0x3b20</run_address>
         <size>0x18</size>
         <input_file_ref idref="fl-da"/>
      </object_component>
      <object_component id="oc-d1">
         <name>.text:GPIOPinTypeGPIOInput</name>
         <load_address>0x3b38</load_address>
         <run_address>0x3b38</run_address>
         <size>0x16</size>
         <input_file_ref idref="fl-da"/>
      </object_component>
      <object_component id="oc-ad">
         <name>.text:strcpy</name>
         <load_address>0x3b4e</load_address>
         <run_address>0x3b4e</run_address>
         <size>0x14</size>
         <input_file_ref idref="fl-d2"/>
      </object_component>
      <object_component id="oc-1b">
         <name>.text:decompress:none:__TI_decompress_none</name>
         <load_address>0x3b62</load_address>
         <run_address>0x3b62</run_address>
         <size>0xe</size>
         <input_file_ref idref="fl-d0"/>
      </object_component>
      <object_component id="oc-e3">
         <name>.text:GPIOIntEnable</name>
         <load_address>0x3b70</load_address>
         <run_address>0x3b70</run_address>
         <size>0xc</size>
         <input_file_ref idref="fl-da"/>
      </object_component>
      <object_component id="oc-5e">
         <name>.text:decompress:ZI:__TI_zero_init</name>
         <load_address>0x3b7c</load_address>
         <run_address>0x3b7c</run_address>
         <size>0xc</size>
         <input_file_ref idref="fl-cf"/>
      </object_component>
      <object_component id="oc-27">
         <name>.text</name>
         <load_address>0x3b88</load_address>
         <run_address>0x3b88</run_address>
         <size>0xc</size>
         <input_file_ref idref="fl-3"/>
      </object_component>
      <object_component id="oc-9b">
         <name>.text:GPIOIntClear</name>
         <load_address>0x3b94</load_address>
         <run_address>0x3b94</run_address>
         <size>0x6</size>
         <input_file_ref idref="fl-da"/>
      </object_component>
      <object_component id="oc-b3">
         <name>.text:GPIOPinRead</name>
         <load_address>0x3b9a</load_address>
         <run_address>0x3b9a</run_address>
         <size>0x6</size>
         <input_file_ref idref="fl-da"/>
      </object_component>
      <object_component id="oc-b9">
         <name>.text:GPIOPinWrite</name>
         <load_address>0x3ba0</load_address>
         <run_address>0x3ba0</run_address>
         <size>0x6</size>
         <input_file_ref idref="fl-da"/>
      </object_component>
      <object_component id="oc-135">
         <name>.text:_system_pre_init</name>
         <load_address>0x3ba6</load_address>
         <run_address>0x3ba6</run_address>
         <size>0x4</size>
         <input_file_ref idref="fl-d5"/>
      </object_component>
      <object_component id="oc-224">
         <name>.text:abort:abort</name>
         <load_address>0x3baa</load_address>
         <run_address>0x3baa</run_address>
         <size>0x4</size>
         <input_file_ref idref="fl-d7"/>
      </object_component>
      <object_component id="oc-1e5">
         <name>.const:g_pui32Regs</name>
         <load_address>0x3bb0</load_address>
         <run_address>0x3bb0</run_address>
         <size>0x9c</size>
         <input_file_ref idref="fl-5"/>
      </object_component>
      <object_component id="oc-1a1">
         <name>.const:halPortCoreStateClockModuleValueHolder_</name>
         <load_address>0x3c4c</load_address>
         <run_address>0x3c4c</run_address>
         <size>0x40</size>
         <input_file_ref idref="fl-7"/>
      </object_component>
      <object_component id="oc-1aa">
         <name>.const:halUartCoreStateClockModuleValueHolder_</name>
         <load_address>0x3c8c</load_address>
         <run_address>0x3c8c</run_address>
         <size>0x40</size>
         <input_file_ref idref="fl-7"/>
      </object_component>
      <object_component id="oc-1e2">
         <name>.const:g_pui32Priority</name>
         <load_address>0x3ccc</load_address>
         <run_address>0x3ccc</run_address>
         <size>0x20</size>
         <input_file_ref idref="fl-5"/>
      </object_component>
      <object_component id="oc-f8">
         <name>.const:.string:greetingMessage_</name>
         <load_address>0x3cec</load_address>
         <run_address>0x3cec</run_address>
         <size>0x1f</size>
         <input_file_ref idref="fl-2"/>
      </object_component>
      <object_component id="oc-1eb">
         <name>.const:g_pui32Dii16Regs</name>
         <load_address>0x3d0c</load_address>
         <run_address>0x3d0c</run_address>
         <size>0x14</size>
         <input_file_ref idref="fl-5"/>
      </object_component>
      <object_component id="oc-1e8">
         <name>.const:g_pui32EnRegs</name>
         <load_address>0x3d20</load_address>
         <run_address>0x3d20</run_address>
         <size>0x14</size>
         <input_file_ref idref="fl-5"/>
      </object_component>
      <object_component id="oc-1ee">
         <name>.const:g_pui32PendRegs</name>
         <load_address>0x3d34</load_address>
         <run_address>0x3d34</run_address>
         <size>0x14</size>
         <input_file_ref idref="fl-5"/>
      </object_component>
      <object_component id="oc-1f1">
         <name>.const:g_pui32UnpendRegs</name>
         <load_address>0x3d48</load_address>
         <run_address>0x3d48</run_address>
         <size>0x14</size>
         <input_file_ref idref="fl-5"/>
      </object_component>
      <object_component id="oc-82">
         <name>.const</name>
         <load_address>0x3d5c</load_address>
         <run_address>0x3d5c</run_address>
         <size>0x4</size>
         <input_file_ref idref="fl-f"/>
      </object_component>
      <object_component id="oc-39c">
         <name>.cinit..data.load</name>
         <load_address>0x3d60</load_address>
         <run_address>0x3d60</run_address>
         <size>0x226</size>
      </object_component>
      <object_component id="oc-399">
         <name>__TI_handler_table</name>
         <load_address>0x3f88</load_address>
         <run_address>0x3f88</run_address>
         <size>0xc</size>
      </object_component>
      <object_component id="oc-39d">
         <name>.cinit..bss.load</name>
         <load_address>0x3f98</load_address>
         <run_address>0x3f98</run_address>
         <size>0x8</size>
      </object_component>
      <object_component id="oc-39b">
         <name>.cinit..vtable.load</name>
         <load_address>0x3fa0</load_address>
         <run_address>0x3fa0</run_address>
         <size>0x8</size>
      </object_component>
      <object_component id="oc-39a">
         <name>__TI_cinit_table</name>
         <load_address>0x3fa8</load_address>
         <run_address>0x3fa8</run_address>
         <size>0x18</size>
      </object_component>
      <object_component id="oc-1df">
         <name>.vtable</name>
         <uninitialized>true</uninitialized>
         <run_address>0x20000000</run_address>
         <size>0x26c</size>
         <input_file_ref idref="fl-5"/>
      </object_component>
      <object_component id="oc-297">
         <name>.vtable</name>
         <uninitialized>true</uninitialized>
         <run_address>0x20000400</run_address>
         <size>0x204</size>
         <input_file_ref idref="fl-6"/>
      </object_component>
      <object_component id="oc-ef">
         <name>.data</name>
         <load_address>0x2000593c</load_address>
         <run_address>0x2000593c</run_address>
         <size>0xc</size>
         <input_file_ref idref="fl-2"/>
      </object_component>
      <object_component id="oc-294">
         <name>.data</name>
         <load_address>0x20005950</load_address>
         <run_address>0x20005950</run_address>
         <size>0x4</size>
         <input_file_ref idref="fl-6"/>
      </object_component>
      <object_component id="oc-29a">
         <name>.data:irqEnableRegisters</name>
         <load_address>0x2000592c</load_address>
         <run_address>0x2000592c</run_address>
         <size>0x10</size>
         <input_file_ref idref="fl-6"/>
      </object_component>
      <object_component id="oc-29d">
         <name>.data:irqDisableRegisters</name>
         <load_address>0x2000591c</load_address>
         <run_address>0x2000591c</run_address>
         <size>0x10</size>
         <input_file_ref idref="fl-6"/>
      </object_component>
      <object_component id="oc-1a7">
         <name>.data:halPortCoreStatePointerValueHolder_</name>
         <load_address>0x20004ecc</load_address>
         <run_address>0x20004ecc</run_address>
         <size>0x800</size>
         <input_file_ref idref="fl-7"/>
      </object_component>
      <object_component id="oc-1a4">
         <name>.data:halPortCoreStatePointerHolder_</name>
         <load_address>0x2000586c</load_address>
         <run_address>0x2000586c</run_address>
         <size>0x80</size>
         <input_file_ref idref="fl-7"/>
      </object_component>
      <object_component id="oc-1ad">
         <name>.data:halUartCoreStatePointerHolder_</name>
         <load_address>0x200056cc</load_address>
         <run_address>0x200056cc</run_address>
         <size>0x1a0</size>
         <input_file_ref idref="fl-7"/>
      </object_component>
      <object_component id="oc-7f">
         <name>.data</name>
         <load_address>0x200058ec</load_address>
         <run_address>0x200058ec</run_address>
         <size>0x30</size>
         <input_file_ref idref="fl-d"/>
      </object_component>
      <object_component id="oc-8c">
         <name>.data</name>
         <load_address>0x20005954</load_address>
         <run_address>0x20005954</run_address>
         <size>0x4</size>
         <input_file_ref idref="fl-f"/>
      </object_component>
      <object_component id="oc-273">
         <name>.data</name>
         <load_address>0x20005948</load_address>
         <run_address>0x20005948</run_address>
         <size>0x8</size>
         <input_file_ref idref="fl-11"/>
      </object_component>
      <object_component id="oc-f2">
         <name>.bss:uartMemoryAreaTx_</name>
         <uninitialized>true</uninitialized>
         <run_address>0x20004e4c</run_address>
         <size>0x14</size>
         <input_file_ref idref="fl-2"/>
      </object_component>
      <object_component id="oc-f5">
         <name>.bss:uartMemoryAreaRx_</name>
         <uninitialized>true</uninitialized>
         <run_address>0x20004e38</run_address>
         <size>0x14</size>
         <input_file_ref idref="fl-2"/>
      </object_component>
      <object_component id="oc-198">
         <name>.bss:forceTx_</name>
         <uninitialized>true</uninitialized>
         <run_address>0x20004eb4</run_address>
         <size>0x8</size>
         <input_file_ref idref="fl-7"/>
      </object_component>
      <object_component id="oc-19b">
         <name>.bss:forceRx_</name>
         <uninitialized>true</uninitialized>
         <run_address>0x20004eac</run_address>
         <size>0x8</size>
         <input_file_ref idref="fl-7"/>
      </object_component>
      <object_component id="oc-15d">
         <name>.bss:pxReadyTasksLists</name>
         <uninitialized>true</uninitialized>
         <run_address>0x20004d18</run_address>
         <size>0xa0</size>
         <input_file_ref idref="fl-d"/>
      </object_component>
      <object_component id="oc-166">
         <name>.bss:xDelayedTaskList1</name>
         <uninitialized>true</uninitialized>
         <run_address>0x20004e60</run_address>
         <size>0x14</size>
         <input_file_ref idref="fl-d"/>
      </object_component>
      <object_component id="oc-169">
         <name>.bss:xDelayedTaskList2</name>
         <uninitialized>true</uninitialized>
         <run_address>0x20004e74</run_address>
         <size>0x14</size>
         <input_file_ref idref="fl-d"/>
      </object_component>
      <object_component id="oc-163">
         <name>.bss</name>
         <uninitialized>true</uninitialized>
         <run_address>0x20004ebc</run_address>
         <size>0x8</size>
         <input_file_ref idref="fl-d"/>
      </object_component>
      <object_component id="oc-160">
         <name>.bss:xPendingReadyList</name>
         <uninitialized>true</uninitialized>
         <run_address>0x20004e88</run_address>
         <size>0x14</size>
         <input_file_ref idref="fl-d"/>
      </object_component>
      <object_component id="oc-276">
         <name>.bss:ucHeap</name>
         <uninitialized>true</uninitialized>
         <run_address>0x20002d18</run_address>
         <size>0x2000</size>
         <input_file_ref idref="fl-11"/>
      </object_component>
      <object_component id="oc-2a2">
         <name>.bss</name>
         <uninitialized>true</uninitialized>
         <run_address>0x20004ec4</run_address>
         <size>0x4</size>
         <input_file_ref idref="fl-12"/>
      </object_component>
      <object_component id="oc-2a5">
         <name>.bss:circularBufferStates</name>
         <uninitialized>true</uninitialized>
         <run_address>0x20004db8</run_address>
         <size>0x80</size>
         <input_file_ref idref="fl-12"/>
      </object_component>
      <object_component id="oc-fb">
         <name>.common:myMessageQueue</name>
         <uninitialized>true</uninitialized>
         <run_address>0x20004ec8</run_address>
         <size>0x4</size>
      </object_component>
      <object_component id="oc-19e">
         <name>.common:uartCores</name>
         <uninitialized>true</uninitialized>
         <run_address>0x20004e9c</run_address>
         <size>0x10</size>
      </object_component>
      <object_component id="oc-24">
         <name>.stack</name>
         <uninitialized>true</uninitialized>
         <run_address>0x20000608</run_address>
         <size>0x4</size>
         <input_file_ref idref="fl-d3"/>
      </object_component>
      <object_component id="oc-39f">
         <name>.stack</name>
         <uninitialized>true</uninitialized>
         <run_address>0x20000608</run_address>
         <size>0x0</size>
      </object_component>
      <object_component id="oc-fc">
         <name>.debug_info</name>
         <load_address>0x0</load_address>
         <run_address>0x0</run_address>
         <size>0x9a9</size>
         <input_file_ref idref="fl-2"/>
      </object_component>
      <object_component id="oc-f9">
         <name>.debug_info</name>
         <load_address>0x9a9</load_address>
         <run_address>0x9a9</run_address>
         <size>0x10d</size>
         <input_file_ref idref="fl-2"/>
      </object_component>
      <object_component id="oc-f3">
         <name>.debug_info</name>
         <load_address>0xab6</load_address>
         <run_address>0xab6</run_address>
         <size>0x10f</size>
         <input_file_ref idref="fl-2"/>
      </object_component>
      <object_component id="oc-f6">
         <name>.debug_info</name>
         <load_address>0xbc5</load_address>
         <run_address>0xbc5</run_address>
         <size>0x10f</size>
         <input_file_ref idref="fl-2"/>
      </object_component>
      <object_component id="oc-f0">
         <name>.debug_info</name>
         <load_address>0xcd4</load_address>
         <run_address>0xcd4</run_address>
         <size>0x16f</size>
         <input_file_ref idref="fl-2"/>
      </object_component>
      <object_component id="oc-39">
         <name>.debug_info</name>
         <load_address>0xe43</load_address>
         <run_address>0xe43</run_address>
         <size>0xa31</size>
         <input_file_ref idref="fl-2"/>
      </object_component>
      <object_component id="oc-176">
         <name>.debug_info</name>
         <load_address>0x1874</load_address>
         <run_address>0x1874</run_address>
         <size>0x315</size>
         <input_file_ref idref="fl-2"/>
      </object_component>
      <object_component id="oc-104">
         <name>.debug_info</name>
         <load_address>0x1b89</load_address>
         <run_address>0x1b89</run_address>
         <size>0xb7</size>
         <input_file_ref idref="fl-2"/>
      </object_component>
      <object_component id="oc-115">
         <name>.debug_info</name>
         <load_address>0x1c40</load_address>
         <run_address>0x1c40</run_address>
         <size>0x26b</size>
         <input_file_ref idref="fl-2"/>
      </object_component>
      <object_component id="oc-20a">
         <name>.debug_info</name>
         <load_address>0x1eab</load_address>
         <run_address>0x1eab</run_address>
         <size>0x3e3</size>
         <input_file_ref idref="fl-2"/>
      </object_component>
      <object_component id="oc-2b5">
         <name>.debug_info</name>
         <load_address>0x228e</load_address>
         <run_address>0x228e</run_address>
         <size>0x82</size>
         <input_file_ref idref="fl-2"/>
      </object_component>
      <object_component id="oc-109">
         <name>.debug_info</name>
         <load_address>0x2310</load_address>
         <run_address>0x2310</run_address>
         <size>0x2a5</size>
         <input_file_ref idref="fl-2"/>
      </object_component>
      <object_component id="oc-200">
         <name>.debug_info</name>
         <load_address>0x25b5</load_address>
         <run_address>0x25b5</run_address>
         <size>0x4f</size>
         <input_file_ref idref="fl-2"/>
      </object_component>
      <object_component id="oc-ff">
         <name>.debug_info</name>
         <load_address>0x2604</load_address>
         <run_address>0x2604</run_address>
         <size>0x8b</size>
         <input_file_ref idref="fl-2"/>
      </object_component>
      <object_component id="oc-91">
         <name>.debug_info</name>
         <load_address>0x268f</load_address>
         <run_address>0x268f</run_address>
         <size>0x2c</size>
         <input_file_ref idref="fl-2"/>
      </object_component>
      <object_component id="oc-20f">
         <name>.debug_info</name>
         <load_address>0x26bb</load_address>
         <run_address>0x26bb</run_address>
         <size>0x2a4</size>
         <input_file_ref idref="fl-2"/>
      </object_component>
      <object_component id="oc-10e">
         <name>.debug_info</name>
         <load_address>0x295f</load_address>
         <run_address>0x295f</run_address>
         <size>0xbb</size>
         <input_file_ref idref="fl-2"/>
      </object_component>
      <object_component id="oc-96">
         <name>.debug_info</name>
         <load_address>0x2a1a</load_address>
         <run_address>0x2a1a</run_address>
         <size>0x53</size>
         <input_file_ref idref="fl-2"/>
      </object_component>
      <object_component id="oc-205">
         <name>.debug_info</name>
         <load_address>0x2a6d</load_address>
         <run_address>0x2a6d</run_address>
         <size>0xcc</size>
         <input_file_ref idref="fl-2"/>
      </object_component>
      <object_component id="oc-17b">
         <name>.debug_info</name>
         <load_address>0x2b39</load_address>
         <run_address>0x2b39</run_address>
         <size>0x14c</size>
         <input_file_ref idref="fl-2"/>
      </object_component>
      <object_component id="oc-40">
         <name>.debug_info</name>
         <load_address>0x2c85</load_address>
         <run_address>0x2c85</run_address>
         <size>0x370</size>
         <input_file_ref idref="fl-3"/>
      </object_component>
      <object_component id="oc-13">
         <name>.debug_info</name>
         <load_address>0x2ff5</load_address>
         <run_address>0x2ff5</run_address>
         <size>0x103</size>
         <input_file_ref idref="fl-3"/>
      </object_component>
      <object_component id="oc-28">
         <name>.debug_info</name>
         <load_address>0x30f8</load_address>
         <run_address>0x30f8</run_address>
         <size>0x212</size>
         <input_file_ref idref="fl-3"/>
      </object_component>
      <object_component id="oc-47">
         <name>.debug_info</name>
         <load_address>0x330a</load_address>
         <run_address>0x330a</run_address>
         <size>0x84</size>
         <input_file_ref idref="fl-3"/>
      </object_component>
      <object_component id="oc-1da">
         <name>.debug_info</name>
         <load_address>0x338e</load_address>
         <run_address>0x338e</run_address>
         <size>0x690</size>
         <input_file_ref idref="fl-4"/>
      </object_component>
      <object_component id="oc-1f5">
         <name>.debug_info</name>
         <load_address>0x3a1e</load_address>
         <run_address>0x3a1e</run_address>
         <size>0x39d</size>
         <input_file_ref idref="fl-5"/>
      </object_component>
      <object_component id="oc-1e3">
         <name>.debug_info</name>
         <load_address>0x3dbb</load_address>
         <run_address>0x3dbb</run_address>
         <size>0x14f</size>
         <input_file_ref idref="fl-5"/>
      </object_component>
      <object_component id="oc-1e6">
         <name>.debug_info</name>
         <load_address>0x3f0a</load_address>
         <run_address>0x3f0a</run_address>
         <size>0x147</size>
         <input_file_ref idref="fl-5"/>
      </object_component>
      <object_component id="oc-1e9">
         <name>.debug_info</name>
         <load_address>0x4051</load_address>
         <run_address>0x4051</run_address>
         <size>0x14b</size>
         <input_file_ref idref="fl-5"/>
      </object_component>
      <object_component id="oc-1ec">
         <name>.debug_info</name>
         <load_address>0x419c</load_address>
         <run_address>0x419c</run_address>
         <size>0x151</size>
         <input_file_ref idref="fl-5"/>
      </object_component>
      <object_component id="oc-1ef">
         <name>.debug_info</name>
         <load_address>0x42ed</load_address>
         <run_address>0x42ed</run_address>
         <size>0x14f</size>
         <input_file_ref idref="fl-5"/>
      </object_component>
      <object_component id="oc-1f2">
         <name>.debug_info</name>
         <load_address>0x443c</load_address>
         <run_address>0x443c</run_address>
         <size>0x153</size>
         <input_file_ref idref="fl-5"/>
      </object_component>
      <object_component id="oc-1e0">
         <name>.debug_info</name>
         <load_address>0x458f</load_address>
         <run_address>0x458f</run_address>
         <size>0x150</size>
         <input_file_ref idref="fl-5"/>
      </object_component>
      <object_component id="oc-ea">
         <name>.debug_info</name>
         <load_address>0x46df</load_address>
         <run_address>0x46df</run_address>
         <size>0x15ae</size>
         <input_file_ref idref="fl-5"/>
      </object_component>
      <object_component id="oc-2a1">
         <name>.debug_info</name>
         <load_address>0x5c8d</load_address>
         <run_address>0x5c8d</run_address>
         <size>0x302</size>
         <input_file_ref idref="fl-6"/>
      </object_component>
      <object_component id="oc-298">
         <name>.debug_info</name>
         <load_address>0x5f8f</load_address>
         <run_address>0x5f8f</run_address>
         <size>0x15d</size>
         <input_file_ref idref="fl-6"/>
      </object_component>
      <object_component id="oc-295">
         <name>.debug_info</name>
         <load_address>0x60ec</load_address>
         <run_address>0x60ec</run_address>
         <size>0x144</size>
         <input_file_ref idref="fl-6"/>
      </object_component>
      <object_component id="oc-29b">
         <name>.debug_info</name>
         <load_address>0x6230</load_address>
         <run_address>0x6230</run_address>
         <size>0x150</size>
         <input_file_ref idref="fl-6"/>
      </object_component>
      <object_component id="oc-29e">
         <name>.debug_info</name>
         <load_address>0x6380</load_address>
         <run_address>0x6380</run_address>
         <size>0x152</size>
         <input_file_ref idref="fl-6"/>
      </object_component>
      <object_component id="oc-18d">
         <name>.debug_info</name>
         <load_address>0x64d2</load_address>
         <run_address>0x64d2</run_address>
         <size>0x9bf</size>
         <input_file_ref idref="fl-6"/>
      </object_component>
      <object_component id="oc-19f">
         <name>.debug_info</name>
         <load_address>0x6e91</load_address>
         <run_address>0x6e91</run_address>
         <size>0x61a</size>
         <input_file_ref idref="fl-7"/>
      </object_component>
      <object_component id="oc-199">
         <name>.debug_info</name>
         <load_address>0x74ab</load_address>
         <run_address>0x74ab</run_address>
         <size>0x13c</size>
         <input_file_ref idref="fl-7"/>
      </object_component>
      <object_component id="oc-19c">
         <name>.debug_info</name>
         <load_address>0x75e7</load_address>
         <run_address>0x75e7</run_address>
         <size>0x13c</size>
         <input_file_ref idref="fl-7"/>
      </object_component>
      <object_component id="oc-1a2">
         <name>.debug_info</name>
         <load_address>0x7723</load_address>
         <run_address>0x7723</run_address>
         <size>0x17a</size>
         <input_file_ref idref="fl-7"/>
      </object_component>
      <object_component id="oc-1a8">
         <name>.debug_info</name>
         <load_address>0x789d</load_address>
         <run_address>0x789d</run_address>
         <size>0x172</size>
         <input_file_ref idref="fl-7"/>
      </object_component>
      <object_component id="oc-1a5">
         <name>.debug_info</name>
         <load_address>0x7a0f</load_address>
         <run_address>0x7a0f</run_address>
         <size>0x169</size>
         <input_file_ref idref="fl-7"/>
      </object_component>
      <object_component id="oc-1ab">
         <name>.debug_info</name>
         <load_address>0x7b78</load_address>
         <run_address>0x7b78</run_address>
         <size>0x17b</size>
         <input_file_ref idref="fl-7"/>
      </object_component>
      <object_component id="oc-1ae">
         <name>.debug_info</name>
         <load_address>0x7cf3</load_address>
         <run_address>0x7cf3</run_address>
         <size>0x169</size>
         <input_file_ref idref="fl-7"/>
      </object_component>
      <object_component id="oc-a2">
         <name>.debug_info</name>
         <load_address>0x7e5c</load_address>
         <run_address>0x7e5c</run_address>
         <size>0x2172</size>
         <input_file_ref idref="fl-7"/>
      </object_component>
      <object_component id="oc-2ba">
         <name>.debug_info</name>
         <load_address>0x9fce</load_address>
         <run_address>0x9fce</run_address>
         <size>0x3aa</size>
         <input_file_ref idref="fl-7"/>
      </object_component>
      <object_component id="oc-1b1">
         <name>.debug_info</name>
         <load_address>0xa378</load_address>
         <run_address>0xa378</run_address>
         <size>0x29c</size>
         <input_file_ref idref="fl-7"/>
      </object_component>
      <object_component id="oc-1b6">
         <name>.debug_info</name>
         <load_address>0xa614</load_address>
         <run_address>0xa614</run_address>
         <size>0x35</size>
         <input_file_ref idref="fl-7"/>
      </object_component>
      <object_component id="oc-287">
         <name>.debug_info</name>
         <load_address>0xa649</load_address>
         <run_address>0xa649</run_address>
         <size>0x24c</size>
         <input_file_ref idref="fl-8"/>
      </object_component>
      <object_component id="oc-180">
         <name>.debug_info</name>
         <load_address>0xa895</load_address>
         <run_address>0xa895</run_address>
         <size>0x3e3</size>
         <input_file_ref idref="fl-8"/>
      </object_component>
      <object_component id="oc-31a">
         <name>.debug_info</name>
         <load_address>0xac78</load_address>
         <run_address>0xac78</run_address>
         <size>0xcc</size>
         <input_file_ref idref="fl-8"/>
      </object_component>
      <object_component id="oc-171">
         <name>.debug_info</name>
         <load_address>0xad44</load_address>
         <run_address>0xad44</run_address>
         <size>0x53</size>
         <input_file_ref idref="fl-8"/>
      </object_component>
      <object_component id="oc-2d0">
         <name>.debug_info</name>
         <load_address>0xad97</load_address>
         <run_address>0xad97</run_address>
         <size>0x69c</size>
         <input_file_ref idref="fl-9"/>
      </object_component>
      <object_component id="oc-1c2">
         <name>.debug_info</name>
         <load_address>0xb433</load_address>
         <run_address>0xb433</run_address>
         <size>0x110</size>
         <input_file_ref idref="fl-9"/>
      </object_component>
      <object_component id="oc-26e">
         <name>.debug_info</name>
         <load_address>0xb543</load_address>
         <run_address>0xb543</run_address>
         <size>0x3e3</size>
         <input_file_ref idref="fl-9"/>
      </object_component>
      <object_component id="oc-336">
         <name>.debug_info</name>
         <load_address>0xb926</load_address>
         <run_address>0xb926</run_address>
         <size>0x62</size>
         <input_file_ref idref="fl-9"/>
      </object_component>
      <object_component id="oc-33b">
         <name>.debug_info</name>
         <load_address>0xb988</load_address>
         <run_address>0xb988</run_address>
         <size>0x39</size>
         <input_file_ref idref="fl-9"/>
      </object_component>
      <object_component id="oc-264">
         <name>.debug_info</name>
         <load_address>0xb9c1</load_address>
         <run_address>0xb9c1</run_address>
         <size>0x4f</size>
         <input_file_ref idref="fl-9"/>
      </object_component>
      <object_component id="oc-27c">
         <name>.debug_info</name>
         <load_address>0xba10</load_address>
         <run_address>0xba10</run_address>
         <size>0x3ce</size>
         <input_file_ref idref="fl-a"/>
      </object_component>
      <object_component id="oc-158">
         <name>.debug_info</name>
         <load_address>0xbdde</load_address>
         <run_address>0xbdde</run_address>
         <size>0x7e4</size>
         <input_file_ref idref="fl-a"/>
      </object_component>
      <object_component id="oc-1c1">
         <name>.debug_info</name>
         <load_address>0xc5c2</load_address>
         <run_address>0xc5c2</run_address>
         <size>0x822</size>
         <input_file_ref idref="fl-b"/>
      </object_component>
      <object_component id="oc-a8">
         <name>.debug_info</name>
         <load_address>0xcde4</load_address>
         <run_address>0xcde4</run_address>
         <size>0x3aaa</size>
         <input_file_ref idref="fl-b"/>
      </object_component>
      <object_component id="oc-2cb">
         <name>.debug_info</name>
         <load_address>0x1088e</load_address>
         <run_address>0x1088e</run_address>
         <size>0x1c7</size>
         <input_file_ref idref="fl-b"/>
      </object_component>
      <object_component id="oc-1bc">
         <name>.debug_info</name>
         <load_address>0x10a55</load_address>
         <run_address>0x10a55</run_address>
         <size>0x46</size>
         <input_file_ref idref="fl-b"/>
      </object_component>
      <object_component id="oc-21b">
         <name>.debug_info</name>
         <load_address>0x10a9b</load_address>
         <run_address>0x10a9b</run_address>
         <size>0x2c</size>
         <input_file_ref idref="fl-c"/>
      </object_component>
      <object_component id="oc-149">
         <name>.debug_info</name>
         <load_address>0x10ac7</load_address>
         <run_address>0x10ac7</run_address>
         <size>0x748</size>
         <input_file_ref idref="fl-d"/>
      </object_component>
      <object_component id="oc-80">
         <name>.debug_info</name>
         <load_address>0x1120f</load_address>
         <run_address>0x1120f</run_address>
         <size>0x368</size>
         <input_file_ref idref="fl-d"/>
      </object_component>
      <object_component id="oc-15e">
         <name>.debug_info</name>
         <load_address>0x11577</load_address>
         <run_address>0x11577</run_address>
         <size>0x158</size>
         <input_file_ref idref="fl-d"/>
      </object_component>
      <object_component id="oc-167">
         <name>.debug_info</name>
         <load_address>0x116cf</load_address>
         <run_address>0x116cf</run_address>
         <size>0x158</size>
         <input_file_ref idref="fl-d"/>
      </object_component>
      <object_component id="oc-16a">
         <name>.debug_info</name>
         <load_address>0x11827</load_address>
         <run_address>0x11827</run_address>
         <size>0x158</size>
         <input_file_ref idref="fl-d"/>
      </object_component>
      <object_component id="oc-164">
         <name>.debug_info</name>
         <load_address>0x1197f</load_address>
         <run_address>0x1197f</run_address>
         <size>0x19b</size>
         <input_file_ref idref="fl-d"/>
      </object_component>
      <object_component id="oc-161">
         <name>.debug_info</name>
         <load_address>0x11b1a</load_address>
         <run_address>0x11b1a</run_address>
         <size>0x158</size>
         <input_file_ref idref="fl-d"/>
      </object_component>
      <object_component id="oc-86">
         <name>.debug_info</name>
         <load_address>0x11c72</load_address>
         <run_address>0x11c72</run_address>
         <size>0x4884</size>
         <input_file_ref idref="fl-d"/>
      </object_component>
      <object_component id="oc-14a">
         <name>.debug_info</name>
         <load_address>0x164f6</load_address>
         <run_address>0x164f6</run_address>
         <size>0x30c</size>
         <input_file_ref idref="fl-d"/>
      </object_component>
      <object_component id="oc-269">
         <name>.debug_info</name>
         <load_address>0x16802</load_address>
         <run_address>0x16802</run_address>
         <size>0x11a</size>
         <input_file_ref idref="fl-d"/>
      </object_component>
      <object_component id="oc-90">
         <name>.debug_info</name>
         <load_address>0x1691c</load_address>
         <run_address>0x1691c</run_address>
         <size>0x469</size>
         <input_file_ref idref="fl-f"/>
      </object_component>
      <object_component id="oc-83">
         <name>.debug_info</name>
         <load_address>0x16d85</load_address>
         <run_address>0x16d85</run_address>
         <size>0x185</size>
         <input_file_ref idref="fl-f"/>
      </object_component>
      <object_component id="oc-8d">
         <name>.debug_info</name>
         <load_address>0x16f0a</load_address>
         <run_address>0x16f0a</run_address>
         <size>0x16c</size>
         <input_file_ref idref="fl-f"/>
      </object_component>
      <object_component id="oc-33">
         <name>.debug_info</name>
         <load_address>0x17076</load_address>
         <run_address>0x17076</run_address>
         <size>0xb9c</size>
         <input_file_ref idref="fl-f"/>
      </object_component>
      <object_component id="oc-2e">
         <name>.debug_info</name>
         <load_address>0x17c12</load_address>
         <run_address>0x17c12</run_address>
         <size>0x2ba</size>
         <input_file_ref idref="fl-10"/>
      </object_component>
      <object_component id="oc-27a">
         <name>.debug_info</name>
         <load_address>0x17ecc</load_address>
         <run_address>0x17ecc</run_address>
         <size>0x46c</size>
         <input_file_ref idref="fl-11"/>
      </object_component>
      <object_component id="oc-277">
         <name>.debug_info</name>
         <load_address>0x18338</load_address>
         <run_address>0x18338</run_address>
         <size>0x153</size>
         <input_file_ref idref="fl-11"/>
      </object_component>
      <object_component id="oc-274">
         <name>.debug_info</name>
         <load_address>0x1848b</load_address>
         <run_address>0x1848b</run_address>
         <size>0x161</size>
         <input_file_ref idref="fl-11"/>
      </object_component>
      <object_component id="oc-152">
         <name>.debug_info</name>
         <load_address>0x185ec</load_address>
         <run_address>0x185ec</run_address>
         <size>0x679</size>
         <input_file_ref idref="fl-11"/>
      </object_component>
      <object_component id="oc-2ae">
         <name>.debug_info</name>
         <load_address>0x18c65</load_address>
         <run_address>0x18c65</run_address>
         <size>0x34b</size>
         <input_file_ref idref="fl-12"/>
      </object_component>
      <object_component id="oc-2a3">
         <name>.debug_info</name>
         <load_address>0x18fb0</load_address>
         <run_address>0x18fb0</run_address>
         <size>0x16a</size>
         <input_file_ref idref="fl-12"/>
      </object_component>
      <object_component id="oc-2a6">
         <name>.debug_info</name>
         <load_address>0x1911a</load_address>
         <run_address>0x1911a</run_address>
         <size>0x16a</size>
         <input_file_ref idref="fl-12"/>
      </object_component>
      <object_component id="oc-193">
         <name>.debug_info</name>
         <load_address>0x19284</load_address>
         <run_address>0x19284</run_address>
         <size>0xc07</size>
         <input_file_ref idref="fl-12"/>
      </object_component>
      <object_component id="oc-32f">
         <name>.debug_info</name>
         <load_address>0x19e8b</load_address>
         <run_address>0x19e8b</run_address>
         <size>0x94</size>
         <input_file_ref idref="fl-12"/>
      </object_component>
      <object_component id="oc-2a9">
         <name>.debug_info</name>
         <load_address>0x19f1f</load_address>
         <run_address>0x19f1f</run_address>
         <size>0x2c</size>
         <input_file_ref idref="fl-12"/>
      </object_component>
      <object_component id="oc-4d">
         <name>.debug_info</name>
         <load_address>0x19f4b</load_address>
         <run_address>0x19f4b</run_address>
         <size>0x119</size>
         <input_file_ref idref="fl-cd"/>
      </object_component>
      <object_component id="oc-130">
         <name>.debug_info</name>
         <load_address>0x1a064</load_address>
         <run_address>0x1a064</run_address>
         <size>0x147</size>
         <input_file_ref idref="fl-ce"/>
      </object_component>
      <object_component id="oc-12e">
         <name>.debug_info</name>
         <load_address>0x1a1ab</load_address>
         <run_address>0x1a1ab</run_address>
         <size>0x2d4</size>
         <input_file_ref idref="fl-cf"/>
      </object_component>
      <object_component id="oc-5f">
         <name>.debug_info</name>
         <load_address>0x1a47f</load_address>
         <run_address>0x1a47f</run_address>
         <size>0x1b5</size>
         <input_file_ref idref="fl-cf"/>
      </object_component>
      <object_component id="oc-129">
         <name>.debug_info</name>
         <load_address>0x1a634</load_address>
         <run_address>0x1a634</run_address>
         <size>0x46</size>
         <input_file_ref idref="fl-cf"/>
      </object_component>
      <object_component id="oc-57">
         <name>.debug_info</name>
         <load_address>0x1a67a</load_address>
         <run_address>0x1a67a</run_address>
         <size>0x2a8</size>
         <input_file_ref idref="fl-d0"/>
      </object_component>
      <object_component id="oc-1c">
         <name>.debug_info</name>
         <load_address>0x1a922</load_address>
         <run_address>0x1a922</run_address>
         <size>0x1ea</size>
         <input_file_ref idref="fl-d0"/>
      </object_component>
      <object_component id="oc-52">
         <name>.debug_info</name>
         <load_address>0x1ab0c</load_address>
         <run_address>0x1ab0c</run_address>
         <size>0x46</size>
         <input_file_ref idref="fl-d0"/>
      </object_component>
      <object_component id="oc-121">
         <name>.debug_info</name>
         <load_address>0x1ab52</load_address>
         <run_address>0x1ab52</run_address>
         <size>0x2c</size>
         <input_file_ref idref="fl-d0"/>
      </object_component>
      <object_component id="oc-11f">
         <name>.debug_info</name>
         <load_address>0x1ab7e</load_address>
         <run_address>0x1ab7e</run_address>
         <size>0x29e</size>
         <input_file_ref idref="fl-d1"/>
      </object_component>
      <object_component id="oc-16">
         <name>.debug_info</name>
         <load_address>0x1ae1c</load_address>
         <run_address>0x1ae1c</run_address>
         <size>0x250</size>
         <input_file_ref idref="fl-d1"/>
      </object_component>
      <object_component id="oc-42">
         <name>.debug_info</name>
         <load_address>0x1b06c</load_address>
         <run_address>0x1b06c</run_address>
         <size>0x60</size>
         <input_file_ref idref="fl-d1"/>
      </object_component>
      <object_component id="oc-214">
         <name>.debug_info</name>
         <load_address>0x1b0cc</load_address>
         <run_address>0x1b0cc</run_address>
         <size>0x46</size>
         <input_file_ref idref="fl-d1"/>
      </object_component>
      <object_component id="oc-11a">
         <name>.debug_info</name>
         <load_address>0x1b112</load_address>
         <run_address>0x1b112</run_address>
         <size>0x39</size>
         <input_file_ref idref="fl-d1"/>
      </object_component>
      <object_component id="oc-1c8">
         <name>.debug_info</name>
         <load_address>0x1b14b</load_address>
         <run_address>0x1b14b</run_address>
         <size>0x2a4</size>
         <input_file_ref idref="fl-d2"/>
      </object_component>
      <object_component id="oc-ae">
         <name>.debug_info</name>
         <load_address>0x1b3ef</load_address>
         <run_address>0x1b3ef</run_address>
         <size>0x24d</size>
         <input_file_ref idref="fl-d2"/>
      </object_component>
      <object_component id="oc-25">
         <name>.debug_info</name>
         <load_address>0x1b63c</load_address>
         <run_address>0x1b63c</run_address>
         <size>0x10b</size>
         <input_file_ref idref="fl-d3"/>
      </object_component>
      <object_component id="oc-6b">
         <name>.debug_info</name>
         <load_address>0x1b747</load_address>
         <run_address>0x1b747</run_address>
         <size>0x1a9</size>
         <input_file_ref idref="fl-d3"/>
      </object_component>
      <object_component id="oc-2fb">
         <name>.debug_info</name>
         <load_address>0x1b8f0</load_address>
         <run_address>0x1b8f0</run_address>
         <size>0x4b3</size>
         <input_file_ref idref="fl-d4"/>
      </object_component>
      <object_component id="oc-231">
         <name>.debug_info</name>
         <load_address>0x1bda3</load_address>
         <run_address>0x1bda3</run_address>
         <size>0x1a6</size>
         <input_file_ref idref="fl-d4"/>
      </object_component>
      <object_component id="oc-350">
         <name>.debug_info</name>
         <load_address>0x1bf49</load_address>
         <run_address>0x1bf49</run_address>
         <size>0x39</size>
         <input_file_ref idref="fl-d4"/>
      </object_component>
      <object_component id="oc-364">
         <name>.debug_info</name>
         <load_address>0x1bf82</load_address>
         <run_address>0x1bf82</run_address>
         <size>0x39</size>
         <input_file_ref idref="fl-d4"/>
      </object_component>
      <object_component id="oc-355">
         <name>.debug_info</name>
         <load_address>0x1bfbb</load_address>
         <run_address>0x1bfbb</run_address>
         <size>0x39</size>
         <input_file_ref idref="fl-d4"/>
      </object_component>
      <object_component id="oc-35a">
         <name>.debug_info</name>
         <load_address>0x1bff4</load_address>
         <run_address>0x1bff4</run_address>
         <size>0xcd</size>
         <input_file_ref idref="fl-d4"/>
      </object_component>
      <object_component id="oc-136">
         <name>.debug_info</name>
         <load_address>0x1c0c1</load_address>
         <run_address>0x1c0c1</run_address>
         <size>0x153</size>
         <input_file_ref idref="fl-d5"/>
      </object_component>
      <object_component id="oc-225">
         <name>.debug_info</name>
         <load_address>0x1c214</load_address>
         <run_address>0x1c214</run_address>
         <size>0x122</size>
         <input_file_ref idref="fl-d7"/>
      </object_component>
      <object_component id="oc-18b">
         <name>.debug_info</name>
         <load_address>0x1c336</load_address>
         <run_address>0x1c336</run_address>
         <size>0x39a</size>
         <input_file_ref idref="fl-da"/>
      </object_component>
      <object_component id="oc-ba">
         <name>.debug_info</name>
         <load_address>0x1c6d0</load_address>
         <run_address>0x1c6d0</run_address>
         <size>0x21c</size>
         <input_file_ref idref="fl-da"/>
      </object_component>
      <object_component id="oc-1cf">
         <name>.debug_info</name>
         <load_address>0x1c8ec</load_address>
         <run_address>0x1c8ec</run_address>
         <size>0x22c</size>
         <input_file_ref idref="fl-da"/>
      </object_component>
      <object_component id="oc-d8">
         <name>.debug_info</name>
         <load_address>0x1cb18</load_address>
         <run_address>0x1cb18</run_address>
         <size>0x28f</size>
         <input_file_ref idref="fl-da"/>
      </object_component>
      <object_component id="oc-cc">
         <name>.debug_info</name>
         <load_address>0x1cda7</load_address>
         <run_address>0x1cda7</run_address>
         <size>0x230</size>
         <input_file_ref idref="fl-da"/>
      </object_component>
      <object_component id="oc-d2">
         <name>.debug_info</name>
         <load_address>0x1cfd7</load_address>
         <run_address>0x1cfd7</run_address>
         <size>0x215</size>
         <input_file_ref idref="fl-da"/>
      </object_component>
      <object_component id="oc-b4">
         <name>.debug_info</name>
         <load_address>0x1d1ec</load_address>
         <run_address>0x1d1ec</run_address>
         <size>0x1f4</size>
         <input_file_ref idref="fl-da"/>
      </object_component>
      <object_component id="oc-de">
         <name>.debug_info</name>
         <load_address>0x1d3e0</load_address>
         <run_address>0x1d3e0</run_address>
         <size>0x234</size>
         <input_file_ref idref="fl-da"/>
      </object_component>
      <object_component id="oc-e4">
         <name>.debug_info</name>
         <load_address>0x1d614</load_address>
         <run_address>0x1d614</run_address>
         <size>0x208</size>
         <input_file_ref idref="fl-da"/>
      </object_component>
      <object_component id="oc-9c">
         <name>.debug_info</name>
         <load_address>0x1d81c</load_address>
         <run_address>0x1d81c</run_address>
         <size>0x206</size>
         <input_file_ref idref="fl-da"/>
      </object_component>
      <object_component id="oc-28f">
         <name>.debug_info</name>
         <load_address>0x1da22</load_address>
         <run_address>0x1da22</run_address>
         <size>0x26b</size>
         <input_file_ref idref="fl-da"/>
      </object_component>
      <object_component id="oc-288">
         <name>.debug_info</name>
         <load_address>0x1dc8d</load_address>
         <run_address>0x1dc8d</run_address>
         <size>0x297</size>
         <input_file_ref idref="fl-da"/>
      </object_component>
      <object_component id="oc-2d9">
         <name>.debug_info</name>
         <load_address>0x1df24</load_address>
         <run_address>0x1df24</run_address>
         <size>0xef</size>
         <input_file_ref idref="fl-da"/>
      </object_component>
      <object_component id="oc-186">
         <name>.debug_info</name>
         <load_address>0x1e013</load_address>
         <run_address>0x1e013</run_address>
         <size>0xbb</size>
         <input_file_ref idref="fl-da"/>
      </object_component>
      <object_component id="oc-1cc">
         <name>.debug_info</name>
         <load_address>0x1e0ce</load_address>
         <run_address>0x1e0ce</run_address>
         <size>0x3f7</size>
         <input_file_ref idref="fl-db"/>
      </object_component>
      <object_component id="oc-c6">
         <name>.debug_info</name>
         <load_address>0x1e4c5</load_address>
         <run_address>0x1e4c5</run_address>
         <size>0x1f8</size>
         <input_file_ref idref="fl-db"/>
      </object_component>
      <object_component id="oc-c0">
         <name>.debug_info</name>
         <load_address>0x1e6bd</load_address>
         <run_address>0x1e6bd</run_address>
         <size>0x1f6</size>
         <input_file_ref idref="fl-db"/>
      </object_component>
      <object_component id="oc-2d5">
         <name>.debug_info</name>
         <load_address>0x1e8b3</load_address>
         <run_address>0x1e8b3</run_address>
         <size>0x51</size>
         <input_file_ref idref="fl-db"/>
      </object_component>
      <object_component id="oc-3a0">
         <name>.debug_info</name>
         <load_address>0x1e904</load_address>
         <run_address>0x1e904</run_address>
         <size>0xc3</size>
      </object_component>
      <object_component id="oc-1ff">
         <name>.debug_line</name>
         <load_address>0x0</load_address>
         <run_address>0x0</run_address>
         <size>0x338</size>
         <input_file_ref idref="fl-2"/>
      </object_component>
      <object_component id="oc-1fd">
         <name>.debug_line</name>
         <load_address>0x338</load_address>
         <run_address>0x338</run_address>
         <size>0x37</size>
         <input_file_ref idref="fl-2"/>
      </object_component>
      <object_component id="oc-1f9">
         <name>.debug_line</name>
         <load_address>0x36f</load_address>
         <run_address>0x36f</run_address>
         <size>0x37</size>
         <input_file_ref idref="fl-2"/>
      </object_component>
      <object_component id="oc-1fb">
         <name>.debug_line</name>
         <load_address>0x3a6</load_address>
         <run_address>0x3a6</run_address>
         <size>0x37</size>
         <input_file_ref idref="fl-2"/>
      </object_component>
      <object_component id="oc-1f7">
         <name>.debug_line</name>
         <load_address>0x3dd</load_address>
         <run_address>0x3dd</run_address>
         <size>0x37</size>
         <input_file_ref idref="fl-2"/>
      </object_component>
      <object_component id="oc-3c">
         <name>.debug_line</name>
         <load_address>0x414</load_address>
         <run_address>0x414</run_address>
         <size>0x17d</size>
         <input_file_ref idref="fl-2"/>
      </object_component>
      <object_component id="oc-179">
         <name>.debug_line</name>
         <load_address>0x591</load_address>
         <run_address>0x591</run_address>
         <size>0x86</size>
         <input_file_ref idref="fl-2"/>
      </object_component>
      <object_component id="oc-107">
         <name>.debug_line</name>
         <load_address>0x617</load_address>
         <run_address>0x617</run_address>
         <size>0x37</size>
         <input_file_ref idref="fl-2"/>
      </object_component>
      <object_component id="oc-118">
         <name>.debug_line</name>
         <load_address>0x64e</load_address>
         <run_address>0x64e</run_address>
         <size>0x80</size>
         <input_file_ref idref="fl-2"/>
      </object_component>
      <object_component id="oc-20d">
         <name>.debug_line</name>
         <load_address>0x6ce</load_address>
         <run_address>0x6ce</run_address>
         <size>0x8a</size>
         <input_file_ref idref="fl-2"/>
      </object_component>
      <object_component id="oc-2b8">
         <name>.debug_line</name>
         <load_address>0x758</load_address>
         <run_address>0x758</run_address>
         <size>0x83</size>
         <input_file_ref idref="fl-2"/>
      </object_component>
      <object_component id="oc-10c">
         <name>.debug_line</name>
         <load_address>0x7db</load_address>
         <run_address>0x7db</run_address>
         <size>0x83</size>
         <input_file_ref idref="fl-2"/>
      </object_component>
      <object_component id="oc-203">
         <name>.debug_line</name>
         <load_address>0x85e</load_address>
         <run_address>0x85e</run_address>
         <size>0x87</size>
         <input_file_ref idref="fl-2"/>
      </object_component>
      <object_component id="oc-102">
         <name>.debug_line</name>
         <load_address>0x8e5</load_address>
         <run_address>0x8e5</run_address>
         <size>0x20</size>
         <input_file_ref idref="fl-2"/>
      </object_component>
      <object_component id="oc-94">
         <name>.debug_line</name>
         <load_address>0x905</load_address>
         <run_address>0x905</run_address>
         <size>0x8a</size>
         <input_file_ref idref="fl-2"/>
      </object_component>
      <object_component id="oc-212">
         <name>.debug_line</name>
         <load_address>0x98f</load_address>
         <run_address>0x98f</run_address>
         <size>0x84</size>
         <input_file_ref idref="fl-2"/>
      </object_component>
      <object_component id="oc-111">
         <name>.debug_line</name>
         <load_address>0xa13</load_address>
         <run_address>0xa13</run_address>
         <size>0x81</size>
         <input_file_ref idref="fl-2"/>
      </object_component>
      <object_component id="oc-99">
         <name>.debug_line</name>
         <load_address>0xa94</load_address>
         <run_address>0xa94</run_address>
         <size>0x99</size>
         <input_file_ref idref="fl-2"/>
      </object_component>
      <object_component id="oc-208">
         <name>.debug_line</name>
         <load_address>0xb2d</load_address>
         <run_address>0xb2d</run_address>
         <size>0x7b</size>
         <input_file_ref idref="fl-2"/>
      </object_component>
      <object_component id="oc-17e">
         <name>.debug_line</name>
         <load_address>0xba8</load_address>
         <run_address>0xba8</run_address>
         <size>0x86</size>
         <input_file_ref idref="fl-2"/>
      </object_component>
      <object_component id="oc-114">
         <name>.debug_line</name>
         <load_address>0xc2e</load_address>
         <run_address>0xc2e</run_address>
         <size>0x34</size>
         <input_file_ref idref="fl-3"/>
      </object_component>
      <object_component id="oc-3f">
         <name>.debug_line</name>
         <load_address>0xc62</load_address>
         <run_address>0xc62</run_address>
         <size>0x34</size>
         <input_file_ref idref="fl-3"/>
      </object_component>
      <object_component id="oc-2b">
         <name>.debug_line</name>
         <load_address>0xc96</load_address>
         <run_address>0xc96</run_address>
         <size>0x94</size>
         <input_file_ref idref="fl-3"/>
      </object_component>
      <object_component id="oc-4a">
         <name>.debug_line</name>
         <load_address>0xd2a</load_address>
         <run_address>0xd2a</run_address>
         <size>0x20</size>
         <input_file_ref idref="fl-3"/>
      </object_component>
      <object_component id="oc-1dd">
         <name>.debug_line</name>
         <load_address>0xd4a</load_address>
         <run_address>0xd4a</run_address>
         <size>0x118</size>
         <input_file_ref idref="fl-4"/>
      </object_component>
      <object_component id="oc-2ef">
         <name>.debug_line</name>
         <load_address>0xe62</load_address>
         <run_address>0xe62</run_address>
         <size>0x99</size>
         <input_file_ref idref="fl-5"/>
      </object_component>
      <object_component id="oc-2e3">
         <name>.debug_line</name>
         <load_address>0xefb</load_address>
         <run_address>0xefb</run_address>
         <size>0x7b</size>
         <input_file_ref idref="fl-5"/>
      </object_component>
      <object_component id="oc-2e5">
         <name>.debug_line</name>
         <load_address>0xf76</load_address>
         <run_address>0xf76</run_address>
         <size>0x7b</size>
         <input_file_ref idref="fl-5"/>
      </object_component>
      <object_component id="oc-2e7">
         <name>.debug_line</name>
         <load_address>0xff1</load_address>
         <run_address>0xff1</run_address>
         <size>0x7b</size>
         <input_file_ref idref="fl-5"/>
      </object_component>
      <object_component id="oc-2e9">
         <name>.debug_line</name>
         <load_address>0x106c</load_address>
         <run_address>0x106c</run_address>
         <size>0x7b</size>
         <input_file_ref idref="fl-5"/>
      </object_component>
      <object_component id="oc-2eb">
         <name>.debug_line</name>
         <load_address>0x10e7</load_address>
         <run_address>0x10e7</run_address>
         <size>0x7b</size>
         <input_file_ref idref="fl-5"/>
      </object_component>
      <object_component id="oc-2ed">
         <name>.debug_line</name>
         <load_address>0x1162</load_address>
         <run_address>0x1162</run_address>
         <size>0x7b</size>
         <input_file_ref idref="fl-5"/>
      </object_component>
      <object_component id="oc-2e1">
         <name>.debug_line</name>
         <load_address>0x11dd</load_address>
         <run_address>0x11dd</run_address>
         <size>0x7b</size>
         <input_file_ref idref="fl-5"/>
      </object_component>
      <object_component id="oc-ed">
         <name>.debug_line</name>
         <load_address>0x1258</load_address>
         <run_address>0x1258</run_address>
         <size>0x2f9</size>
         <input_file_ref idref="fl-5"/>
      </object_component>
      <object_component id="oc-328">
         <name>.debug_line</name>
         <load_address>0x1551</load_address>
         <run_address>0x1551</run_address>
         <size>0x20</size>
         <input_file_ref idref="fl-6"/>
      </object_component>
      <object_component id="oc-322">
         <name>.debug_line</name>
         <load_address>0x1571</load_address>
         <run_address>0x1571</run_address>
         <size>0x76</size>
         <input_file_ref idref="fl-6"/>
      </object_component>
      <object_component id="oc-320">
         <name>.debug_line</name>
         <load_address>0x15e7</load_address>
         <run_address>0x15e7</run_address>
         <size>0x76</size>
         <input_file_ref idref="fl-6"/>
      </object_component>
      <object_component id="oc-324">
         <name>.debug_line</name>
         <load_address>0x165d</load_address>
         <run_address>0x165d</run_address>
         <size>0x76</size>
         <input_file_ref idref="fl-6"/>
      </object_component>
      <object_component id="oc-326">
         <name>.debug_line</name>
         <load_address>0x16d3</load_address>
         <run_address>0x16d3</run_address>
         <size>0x76</size>
         <input_file_ref idref="fl-6"/>
      </object_component>
      <object_component id="oc-190">
         <name>.debug_line</name>
         <load_address>0x1749</load_address>
         <run_address>0x1749</run_address>
         <size>0x172</size>
         <input_file_ref idref="fl-6"/>
      </object_component>
      <object_component id="oc-2b4">
         <name>.debug_line</name>
         <load_address>0x18bb</load_address>
         <run_address>0x18bb</run_address>
         <size>0x1ba</size>
         <input_file_ref idref="fl-7"/>
      </object_component>
      <object_component id="oc-2b0">
         <name>.debug_line</name>
         <load_address>0x1a75</load_address>
         <run_address>0x1a75</run_address>
         <size>0x76</size>
         <input_file_ref idref="fl-7"/>
      </object_component>
      <object_component id="oc-2b2">
         <name>.debug_line</name>
         <load_address>0x1aeb</load_address>
         <run_address>0x1aeb</run_address>
         <size>0x76</size>
         <input_file_ref idref="fl-7"/>
      </object_component>
      <object_component id="oc-2c0">
         <name>.debug_line</name>
         <load_address>0x1b61</load_address>
         <run_address>0x1b61</run_address>
         <size>0x76</size>
         <input_file_ref idref="fl-7"/>
      </object_component>
      <object_component id="oc-2c4">
         <name>.debug_line</name>
         <load_address>0x1bd7</load_address>
         <run_address>0x1bd7</run_address>
         <size>0x76</size>
         <input_file_ref idref="fl-7"/>
      </object_component>
      <object_component id="oc-2c2">
         <name>.debug_line</name>
         <load_address>0x1c4d</load_address>
         <run_address>0x1c4d</run_address>
         <size>0x76</size>
         <input_file_ref idref="fl-7"/>
      </object_component>
      <object_component id="oc-2c6">
         <name>.debug_line</name>
         <load_address>0x1cc3</load_address>
         <run_address>0x1cc3</run_address>
         <size>0x76</size>
         <input_file_ref idref="fl-7"/>
      </object_component>
      <object_component id="oc-2c8">
         <name>.debug_line</name>
         <load_address>0x1d39</load_address>
         <run_address>0x1d39</run_address>
         <size>0x76</size>
         <input_file_ref idref="fl-7"/>
      </object_component>
      <object_component id="oc-a5">
         <name>.debug_line</name>
         <load_address>0x1daf</load_address>
         <run_address>0x1daf</run_address>
         <size>0x547</size>
         <input_file_ref idref="fl-7"/>
      </object_component>
      <object_component id="oc-2bd">
         <name>.debug_line</name>
         <load_address>0x22f6</load_address>
         <run_address>0x22f6</run_address>
         <size>0x76</size>
         <input_file_ref idref="fl-7"/>
      </object_component>
      <object_component id="oc-1b4">
         <name>.debug_line</name>
         <load_address>0x236c</load_address>
         <run_address>0x236c</run_address>
         <size>0x83</size>
         <input_file_ref idref="fl-7"/>
      </object_component>
      <object_component id="oc-1b9">
         <name>.debug_line</name>
         <load_address>0x23ef</load_address>
         <run_address>0x23ef</run_address>
         <size>0xa5</size>
         <input_file_ref idref="fl-7"/>
      </object_component>
      <object_component id="oc-319">
         <name>.debug_line</name>
         <load_address>0x2494</load_address>
         <run_address>0x2494</run_address>
         <size>0x20</size>
         <input_file_ref idref="fl-8"/>
      </object_component>
      <object_component id="oc-183">
         <name>.debug_line</name>
         <load_address>0x24b4</load_address>
         <run_address>0x24b4</run_address>
         <size>0x8a</size>
         <input_file_ref idref="fl-8"/>
      </object_component>
      <object_component id="oc-31d">
         <name>.debug_line</name>
         <load_address>0x253e</load_address>
         <run_address>0x253e</run_address>
         <size>0x8a</size>
         <input_file_ref idref="fl-8"/>
      </object_component>
      <object_component id="oc-174">
         <name>.debug_line</name>
         <load_address>0x25c8</load_address>
         <run_address>0x25c8</run_address>
         <size>0x7c</size>
         <input_file_ref idref="fl-8"/>
      </object_component>
      <object_component id="oc-335">
         <name>.debug_line</name>
         <load_address>0x2644</load_address>
         <run_address>0x2644</run_address>
         <size>0x1cf</size>
         <input_file_ref idref="fl-9"/>
      </object_component>
      <object_component id="oc-1c5">
         <name>.debug_line</name>
         <load_address>0x2813</load_address>
         <run_address>0x2813</run_address>
         <size>0x7c</size>
         <input_file_ref idref="fl-9"/>
      </object_component>
      <object_component id="oc-271">
         <name>.debug_line</name>
         <load_address>0x288f</load_address>
         <run_address>0x288f</run_address>
         <size>0x8a</size>
         <input_file_ref idref="fl-9"/>
      </object_component>
      <object_component id="oc-339">
         <name>.debug_line</name>
         <load_address>0x2919</load_address>
         <run_address>0x2919</run_address>
         <size>0x86</size>
         <input_file_ref idref="fl-9"/>
      </object_component>
      <object_component id="oc-33e">
         <name>.debug_line</name>
         <load_address>0x299f</load_address>
         <run_address>0x299f</run_address>
         <size>0x8e</size>
         <input_file_ref idref="fl-9"/>
      </object_component>
      <object_component id="oc-267">
         <name>.debug_line</name>
         <load_address>0x2a2d</load_address>
         <run_address>0x2a2d</run_address>
         <size>0x88</size>
         <input_file_ref idref="fl-9"/>
      </object_component>
      <object_component id="oc-317">
         <name>.debug_line</name>
         <load_address>0x2ab5</load_address>
         <run_address>0x2ab5</run_address>
         <size>0x20</size>
         <input_file_ref idref="fl-a"/>
      </object_component>
      <object_component id="oc-15b">
         <name>.debug_line</name>
         <load_address>0x2ad5</load_address>
         <run_address>0x2ad5</run_address>
         <size>0x130</size>
         <input_file_ref idref="fl-a"/>
      </object_component>
      <object_component id="oc-2ca">
         <name>.debug_line</name>
         <load_address>0x2c05</load_address>
         <run_address>0x2c05</run_address>
         <size>0x1cf</size>
         <input_file_ref idref="fl-b"/>
      </object_component>
      <object_component id="oc-ab">
         <name>.debug_line</name>
         <load_address>0x2dd4</load_address>
         <run_address>0x2dd4</run_address>
         <size>0x704</size>
         <input_file_ref idref="fl-b"/>
      </object_component>
      <object_component id="oc-2ce">
         <name>.debug_line</name>
         <load_address>0x34d8</load_address>
         <run_address>0x34d8</run_address>
         <size>0x7f</size>
         <input_file_ref idref="fl-b"/>
[...]
         <value>0x31ad</value>
         <object_component_ref idref="oc-18c"/>
      </symbol>
      <symbol id="sm-1cc">
         <name>interruptVectorTableRam_</name>
         <value>0x20000400</value>
         <object_component_ref idref="oc-297"/>
      </symbol>
      <symbol id="sm-1cd">
         <name>halNvicTriggerInterrupt</name>
         <value>0x32a9</value>
         <object_component_ref idref="oc-18c"/>
      </symbol>
      <symbol id="sm-1ce">
         <name>halNvicDeinstallISR</name>
         <value>0x3211</value>
         <object_component_ref idref="oc-18c"/>
      </symbol>
      <symbol id="sm-1cf">
         <name>halNvicInstallISR</name>
         <value>0x31f7</value>
         <object_component_ref idref="oc-18c"/>
      </symbol>
      <symbol id="sm-1d0">
         <name>halNvicDisableInterrupt</name>
         <value>0x326b</value>
         <object_component_ref idref="oc-18c"/>
      </symbol>
      <symbol id="sm-1d1">
         <name>halNvicEnableInterrupt</name>
         <value>0x322d</value>
         <object_component_ref idref="oc-18c"/>
      </symbol>
      <symbol id="sm-2f6">
         <name>uartCores</name>
         <value>0x20004e9c</value>
      </symbol>
      <symbol id="sm-2f7">
         <name>halUartCoreInit</name>
         <value>0x16a5</value>
         <object_component_ref idref="oc-a1"/>
      </symbol>
      <symbol id="sm-2f8">
         <name>halUartDriverInit</name>
         <value>0x160b</value>
         <object_component_ref idref="oc-a1"/>
      </symbol>
      <symbol id="sm-2f9">
         <name>halUartRx</name>
         <value>0x1beb</value>
         <object_component_ref idref="oc-a1"/>
      </symbol>
      <symbol id="sm-2fa">
         <name>halUartTx</name>
         <value>0x1b8b</value>
         <object_component_ref idref="oc-a1"/>
      </symbol>
      <symbol id="sm-340">
         <name>uxListRemove</name>
         <value>0x3639</value>
         <object_component_ref idref="oc-157"/>
      </symbol>
      <symbol id="sm-341">
         <name>vListInsert</name>
         <value>0x35d3</value>
         <object_component_ref idref="oc-157"/>
      </symbol>
      <symbol id="sm-342">
         <name>vListInitialiseItem</name>
         <value>0x3587</value>
         <object_component_ref idref="oc-157"/>
      </symbol>
      <symbol id="sm-343">
         <name>vListInsertEnd</name>
         <value>0x3597</value>
         <object_component_ref idref="oc-157"/>
      </symbol>
      <symbol id="sm-344">
         <name>vListInitialise</name>
         <value>0x3557</value>
         <object_component_ref idref="oc-157"/>
      </symbol>
      <symbol id="sm-3f1">
         <name>xQueuePeekFromISR</name>
         <value>0x25ff</value>
         <object_component_ref idref="oc-a7"/>
      </symbol>
      <symbol id="sm-3f2">
         <name>xQueueIsQueueEmptyFromISR</name>
         <value>0x289b</value>
         <object_component_ref idref="oc-a7"/>
      </symbol>
      <symbol id="sm-3f3">
         <name>xQueueGenericSendFromISR</name>
         <value>0x20a1</value>
         <object_component_ref idref="oc-a7"/>
      </symbol>
      <symbol id="sm-3f4">
         <name>uxQueueMessagesWaiting</name>
         <value>0x2651</value>
         <object_component_ref idref="oc-a7"/>
      </symbol>
      <symbol id="sm-3f5">
         <name>xQueueIsQueueFullFromISR</name>
         <value>0x28e1</value>
         <object_component_ref idref="oc-a7"/>
      </symbol>
      <symbol id="sm-3f6">
         <name>xQueueGenericCreate</name>
         <value>0x1e91</value>
         <object_component_ref idref="oc-a7"/>
      </symbol>
      <symbol id="sm-3f7">
         <name>xQueueCreateMutex</name>
         <value>0x1f45</value>
         <object_component_ref idref="oc-a7"/>
      </symbol>
      <symbol id="sm-3f8">
         <name>xQueueGenericSend</name>
         <value>0x1f71</value>
         <object_component_ref idref="oc-a7"/>
      </symbol>
      <symbol id="sm-3f9">
         <name>xQueueGenericReset</name>
         <value>0x1df1</value>
         <object_component_ref idref="oc-a7"/>
      </symbol>
      <symbol id="sm-3fa">
         <name>xQueueReceiveFromISR</name>
         <value>0x2565</value>
         <object_component_ref idref="oc-a7"/>
      </symbol>
      <symbol id="sm-3fb">
         <name>uxQueueSpacesAvailable</name>
         <value>0x2667</value>
         <object_component_ref idref="oc-a7"/>
      </symbol>
      <symbol id="sm-3fc">
         <name>xQueueSemaphoreTake</name>
         <value>0x22e9</value>
         <object_component_ref idref="oc-a7"/>
      </symbol>
      <symbol id="sm-3fd">
         <name>xQueueGiveFromISR</name>
         <value>0x213d</value>
         <object_component_ref idref="oc-a7"/>
      </symbol>
      <symbol id="sm-3fe">
         <name>uxQueueMessagesWaitingFromISR</name>
         <value>0x2687</value>
         <object_component_ref idref="oc-a7"/>
      </symbol>
      <symbol id="sm-3ff">
         <name>vQueueDelete</name>
         <value>0x269d</value>
         <object_component_ref idref="oc-a7"/>
      </symbol>
      <symbol id="sm-400">
         <name>xQueuePeek</name>
         <value>0x2443</value>
         <object_component_ref idref="oc-a7"/>
      </symbol>
      <symbol id="sm-401">
         <name>xQueueReceive</name>
         <value>0x21d1</value>
         <object_component_ref idref="oc-a7"/>
      </symbol>
      <symbol id="sm-551">
         <name>vTaskDelay</name>
         <value>0x47f</value>
         <object_component_ref idref="oc-85"/>
      </symbol>
      <symbol id="sm-552">
         <name>vTaskSuspendAll</name>
         <value>0x51b</value>
         <object_component_ref idref="oc-85"/>
      </symbol>
      <symbol id="sm-553">
         <name>vTaskPlaceOnEventList</name>
         <value>0x7f9</value>
         <object_component_ref idref="oc-85"/>
      </symbol>
      <symbol id="sm-554">
         <name>ulTaskNotifyTake</name>
         <value>0xd47</value>
         <object_component_ref idref="oc-85"/>
      </symbol>
      <symbol id="sm-555">
         <name>pcTaskGetName</name>
         <value>0x649</value>
         <object_component_ref idref="oc-85"/>
      </symbol>
      <symbol id="sm-556">
         <name>xTaskCheckForTimeOut</name>
         <value>0x979</value>
         <object_component_ref idref="oc-85"/>
      </symbol>
      <symbol id="sm-557">
         <name>vTaskRemoveFromUnorderedEventList</name>
         <value>0x8d1</value>
         <object_component_ref idref="oc-85"/>
      </symbol>
      <symbol id="sm-558">
         <name>xTaskPriorityDisinherit</name>
         <value>0xb85</value>
         <object_component_ref idref="oc-85"/>
      </symbol>
      <symbol id="sm-559">
         <name>vTaskStartScheduler</name>
         <value>0x4b5</value>
         <object_component_ref idref="oc-85"/>
      </symbol>
      <symbol id="sm-55a">
         <name>vTaskInternalSetTimeOutState</name>
         <value>0x959</value>
         <object_component_ref idref="oc-85"/>
      </symbol>
      <symbol id="sm-55b">
         <name>xTaskNotifyStateClear</name>
         <value>0x1105</value>
         <object_component_ref idref="oc-85"/>
      </symbol>
      <symbol id="sm-55c">
         <name>pvTaskIncrementMutexHeldCount</name>
         <value>0xd2f</value>
         <object_component_ref idref="oc-85"/>
      </symbol>
      <symbol id="sm-55d">
         <name>xTaskGenericNotify</name>
         <value>0xe61</value>
         <object_component_ref idref="oc-85"/>
      </symbol>
      <symbol id="sm-55e">
         <name>vTaskPriorityDisinheritAfterTimeout</name>
         <value>0xc31</value>
         <object_component_ref idref="oc-85"/>
      </symbol>
      <symbol id="sm-55f">
         <name>xTaskCreate</name>
         <value>0x201</value>
         <object_component_ref idref="oc-85"/>
      </symbol>
      <symbol id="sm-560">
         <name>vTaskDelayUntil</name>
         <value>0x3ef</value>
         <object_component_ref idref="oc-85"/>
      </symbol>
      <symbol id="sm-561">
         <name>vTaskEndScheduler</name>
         <value>0x4ff</value>
         <object_component_ref idref="oc-85"/>
      </symbol>
      <symbol id="sm-562">
         <name>xTaskNotifyWait</name>
         <value>0xdc1</value>
         <object_component_ref idref="oc-85"/>
      </symbol>
      <symbol id="sm-563">
         <name>vTaskMissedYield</name>
         <value>0x9ed</value>
         <object_component_ref idref="oc-85"/>
      </symbol>
      <symbol id="sm-564">
         <name>uxTaskGetNumberOfTasks</name>
         <value>0x63d</value>
         <object_component_ref idref="oc-85"/>
      </symbol>
      <symbol id="sm-565">
         <name>xTaskGenericNotifyFromISR</name>
         <value>0xf51</value>
         <object_component_ref idref="oc-85"/>
      </symbol>
      <symbol id="sm-566">
         <name>xTaskResumeAll</name>
         <value>0x525</value>
         <object_component_ref idref="oc-85"/>
      </symbol>
      <symbol id="sm-567">
         <name>xTaskGetTickCount</name>
         <value>0x611</value>
         <object_component_ref idref="oc-85"/>
      </symbol>
      <symbol id="sm-568">
         <name>pxCurrentTCB</name>
         <value>0x200058ec</value>
         <object_component_ref idref="oc-7f"/>
      </symbol>
      <symbol id="sm-569">
         <name>vTaskNotifyGiveFromISR</name>
         <value>0x1059</value>
         <object_component_ref idref="oc-85"/>
      </symbol>
      <symbol id="sm-56a">
         <name>xTaskGetTickCountFromISR</name>
         <value>0x621</value>
         <object_component_ref idref="oc-85"/>
      </symbol>
      <symbol id="sm-56b">
         <name>vTaskSetTimeOutState</name>
         <value>0x933</value>
         <object_component_ref idref="oc-85"/>
      </symbol>
      <symbol id="sm-56c">
         <name>xTaskIncrementTick</name>
         <value>0x67d</value>
         <object_component_ref idref="oc-85"/>
      </symbol>
      <symbol id="sm-56d">
         <name>vTaskSwitchContext</name>
         <value>0x791</value>
         <object_component_ref idref="oc-85"/>
      </symbol>
      <symbol id="sm-56e">
         <name>uxTaskResetEventItemValue</name>
         <value>0xd0d</value>
         <object_component_ref idref="oc-85"/>
      </symbol>
      <symbol id="sm-56f">
         <name>xTaskGetCurrentTaskHandle</name>
         <value>0xa81</value>
         <object_component_ref idref="oc-85"/>
      </symbol>
      <symbol id="sm-570">
         <name>vTaskPlaceOnUnorderedEventList</name>
         <value>0x81d</value>
         <object_component_ref idref="oc-85"/>
      </symbol>
      <symbol id="sm-571">
         <name>xTaskRemoveFromEventList</name>
         <value>0x84d</value>
         <object_component_ref idref="oc-85"/>
      </symbol>
      <symbol id="sm-572">
         <name>xTaskPriorityInherit</name>
         <value>0xa9d</value>
         <object_component_ref idref="oc-85"/>
      </symbol>
      <symbol id="sm-5a2">
         <name>ulMaxSyscallInterruptPriority</name>
         <value>0x3d5c</value>
         <object_component_ref idref="oc-82"/>
      </symbol>
      <symbol id="sm-5a3">
         <name>vPortSetupTimerInterrupt</name>
         <value>0x33e7</value>
         <object_component_ref idref="oc-32"/>
      </symbol>
      <symbol id="sm-5a4">
         <name>vPortEndScheduler</name>
         <value>0x3389</value>
         <object_component_ref idref="oc-32"/>
      </symbol>
      <symbol id="sm-5a5">
         <name>xPortSysTickHandler</name>
         <value>0x33c1</value>
         <object_component_ref idref="oc-32"/>
      </symbol>
      <symbol id="sm-5a6">
         <name>pxPortInitialiseStack</name>
         <value>0x32e9</value>
         <object_component_ref idref="oc-32"/>
      </symbol>
      <symbol id="sm-5a7">
         <name>vPortExitCritical</name>
         <value>0x33ab</value>
         <object_component_ref idref="oc-32"/>
      </symbol>
      <symbol id="sm-5a8">
         <name>xPortStartScheduler</name>
         <value>0x3353</value>
         <object_component_ref idref="oc-32"/>
      </symbol>
      <symbol id="sm-5a9">
         <name>vPortEnterCritical</name>
         <value>0x338b</value>
         <object_component_ref idref="oc-32"/>
      </symbol>
      <symbol id="sm-5b8">
         <name>vPortStartFirstTask</name>
         <value>0x3729</value>
         <object_component_ref idref="oc-2d"/>
      </symbol>
      <symbol id="sm-5b9">
         <name>ulPortGetIPSR</name>
         <value>0x3691</value>
         <object_component_ref idref="oc-2d"/>
      </symbol>
      <symbol id="sm-5ba">
         <name>vPortEnableVFP</name>
         <value>0x374d</value>
         <object_component_ref idref="oc-2d"/>
      </symbol>
      <symbol id="sm-5bb">
         <name>xPortPendSVHandler</name>
         <value>0x36a9</value>
         <object_component_ref idref="oc-2d"/>
      </symbol>
      <symbol id="sm-5bc">
         <name>vPortSVCHandler</name>
         <value>0x3709</value>
         <object_component_ref idref="oc-2d"/>
      </symbol>
      <symbol id="sm-5e2">
         <name>vPortInitialiseBlocks</name>
         <value>0x37d7</value>
         <object_component_ref idref="oc-151"/>
      </symbol>
      <symbol id="sm-5e3">
         <name>xPortGetFreeHeapSize</name>
         <value>0x37df</value>
         <object_component_ref idref="oc-151"/>
      </symbol>
      <symbol id="sm-5e4">
         <name>pvPortMalloc</name>
         <value>0x375d</value>
         <object_component_ref idref="oc-151"/>
      </symbol>
      <symbol id="sm-5e5">
         <name>vPortFree</name>
         <value>0x37cd</value>
         <object_component_ref idref="oc-151"/>
      </symbol>
      <symbol id="sm-61e">
         <name>utilsCircularBufferRead</name>
         <value>0x312b</value>
         <object_component_ref idref="oc-192"/>
      </symbol>
      <symbol id="sm-61f">
         <name>utilsCircularBufferWrite</name>
         <value>0x30bd</value>
         <object_component_ref idref="oc-192"/>
      </symbol>
      <symbol id="sm-620">
         <name>utilsCircularBufferDriverInit</name>
         <value>0x2fe9</value>
         <object_component_ref idref="oc-192"/>
      </symbol>
      <symbol id="sm-621">
         <name>utilsCircularBufferInit</name>
         <value>0x2ff1</value>
         <object_component_ref idref="oc-192"/>
      </symbol>
      <symbol id="sm-63c">
         <name>memcpy</name>
         <value>0x37f9</value>
         <object_component_ref idref="oc-4c"/>
      </symbol>
      <symbol id="sm-63d">
         <name>__aeabi_memcpy</name>
         <value>0x37f9</value>
         <object_component_ref idref="oc-4c"/>
      </symbol>
      <symbol id="sm-63e">
         <name>__aeabi_memcpy8</name>
         <value>0x37f9</value>
         <object_component_ref idref="oc-4c"/>
      </symbol>
      <symbol id="sm-63f">
         <name>__aeabi_memcpy4</name>
         <value>0x37f9</value>
         <object_component_ref idref="oc-4c"/>
      </symbol>
      <symbol id="sm-64e">
         <name>__aeabi_memset</name>
         <value>0x3897</value>
         <object_component_ref idref="oc-12f"/>
      </symbol>
      <symbol id="sm-64f">
         <name>memset</name>
         <value>0x389d</value>
         <object_component_ref idref="oc-12f"/>
      </symbol>
      <symbol id="sm-650">
         <name>__aeabi_memset8</name>
         <value>0x3897</value>
         <object_component_ref idref="oc-12f"/>
      </symbol>
      <symbol id="sm-651">
         <name>__aeabi_memset4</name>
         <value>0x3897</value>
         <object_component_ref idref="oc-12f"/>
      </symbol>
      <symbol id="sm-652">
         <name>__aeabi_memclr8</name>
         <value>0x3895</value>
         <object_component_ref idref="oc-12f"/>
      </symbol>
      <symbol id="sm-653">
         <name>__aeabi_memclr4</name>
         <value>0x3895</value>
         <object_component_ref idref="oc-12f"/>
      </symbol>
      <symbol id="sm-654">
         <name>__aeabi_memclr</name>
         <value>0x3895</value>
         <object_component_ref idref="oc-12f"/>
      </symbol>
      <symbol id="sm-666">
         <name>__TI_zero_init</name>
         <value>0x3b7d</value>
         <object_component_ref idref="oc-5e"/>
      </symbol>
      <symbol id="sm-67d">
         <name>__TI_decompress_none</name>
         <value>0x3b63</value>
         <object_component_ref idref="oc-1b"/>
      </symbol>
      <symbol id="sm-6a0">
         <name>__TI_decompress_lzss</name>
         <value>0x390f</value>
         <object_component_ref idref="oc-15"/>
      </symbol>
      <symbol id="sm-6ae">
         <name>strcpy</name>
         <value>0x3b4f</value>
         <object_component_ref idref="oc-ad"/>
      </symbol>
      <symbol id="sm-6c1">
         <name>__stack</name>
         <value>0x20000608</value>
         <object_component_ref idref="oc-24"/>
      </symbol>
      <symbol id="sm-6c2">
         <name>_c_int00_noargs</name>
         <value>0x3ac1</value>
         <object_component_ref idref="oc-6a"/>
      </symbol>
      <symbol id="sm-6ea">
         <name>__TI_auto_init_nobinit_nopinit</name>
         <value>0x39d1</value>
         <object_component_ref idref="oc-230"/>
      </symbol>
      <symbol id="sm-6f4">
         <name>_system_pre_init</name>
         <value>0x3ba7</value>
         <object_component_ref idref="oc-135"/>
      </symbol>
      <symbol id="sm-700">
         <name>C$$EXIT</name>
         <value>0x3bab</value>
         <object_component_ref idref="oc-224"/>
      </symbol>
      <symbol id="sm-701">
         <name>abort</name>
         <value>0x3bab</value>
         <object_component_ref idref="oc-224"/>
      </symbol>
      <symbol id="sm-766">
         <name>GPIOIntEnable</name>
         <value>0x3b71</value>
         <object_component_ref idref="oc-e3"/>
      </symbol>
      <symbol id="sm-767">
         <name>GPIOIntTypeSet</name>
         <value>0x3977</value>
         <object_component_ref idref="oc-dd"/>
      </symbol>
      <symbol id="sm-768">
         <name>GPIOPinTypeGPIOInput</name>
         <value>0x3b39</value>
         <object_component_ref idref="oc-d1"/>
      </symbol>
      <symbol id="sm-769">
         <name>GPIOIntClear</name>
         <value>0x3b95</value>
         <object_component_ref idref="oc-9b"/>
      </symbol>
      <symbol id="sm-76a">
         <name>GPIOPinTypeGPIOOutput</name>
         <value>0x3b21</value>
         <object_component_ref idref="oc-cb"/>
      </symbol>
      <symbol id="sm-76b">
         <name>GPIOPinRead</name>
         <value>0x3b9b</value>
         <object_component_ref idref="oc-b3"/>
      </symbol>
      <symbol id="sm-76c">
         <name>GPIODirModeSet</name>
         <value>0x3af5</value>
         <object_component_ref idref="oc-1ce"/>
      </symbol>
      <symbol id="sm-76d">
         <name>GPIOPinWrite</name>
         <value>0x3ba1</value>
         <object_component_ref idref="oc-b9"/>
      </symbol>
      <symbol id="sm-76e">
         <name>GPIOPadConfigSet</name>
         <value>0x3425</value>
         <object_component_ref idref="oc-d7"/>
      </symbol>
      <symbol id="sm-78c">
         <name>SysCtlPeripheralEnable</name>
         <value>0x3a8d</value>
         <object_component_ref idref="oc-bf"/>
      </symbol>
      <symbol id="sm-78d">
         <name>SysCtlPeripheralReady</name>
         <value>0x3a55</value>
         <object_component_ref idref="oc-c5"/>
      </symbol>
      <symbol id="sm-78e">
         <name>__TI_static_base__</name>
         <value>0x0</value>
      </symbol>
      <symbol id="sm-791">
         <name>__mpu_init</name>
         <value>0x0</value>
      </symbol>
      <symbol id="sm-792">
         <name>_system_post_cinit</name>
         <value>0x0</value>
      </symbol>
      <symbol id="sm-793">
         <name>SysCtlSleep</name>
         <value>0x3a37</value>
      </symbol>
   </symbol_table>
   <title>Link successful</title>
</link_info>
